2026/07/14 21:44:13 INFO  : qwen25vl_mhc_zh_c3_s2/chat_template.json: Copied (new)
2026/07/14 21:44:13 INFO  : qwen25vl_mhc_zh_c3_s2/classifier_config.json: Copied (new)
2026/07/14 21:44:13 INFO  : qwen25vl_mhc_zh_c3_s2/adapter_config.json: Copied (new)
2026/07/14 21:44:13 INFO  : qwen25vl_mhc_zh_c3_s2/eval_results.json: Copied (new)
2026/07/14 21:44:14 INFO  : qwen25vl_mhc_zh_c3_s2/all_results.json: Copied (new)
2026/07/14 21:44:14 INFO  : qwen25vl_mhc_zh_c3_s2/special_tokens_map.json: Copied (new)
2026/07/14 21:44:14 INFO  : qwen25vl_mhc_zh_c3_s2/preprocessor_config.json: Copied (new)
2026/07/14 21:44:14 INFO  : qwen25vl_mhc_zh_c3_s2/added_tokens.json: Copied (new)
2026/07/14 21:44:14 INFO  : qwen25vl_mhc_zh_c3_s2/train_results.json: Copied (new)
2026/07/14 21:44:14 INFO  : qwen25vl_mhc_zh_c3_s2/README.md: Copied (new)
2026/07/14 21:44:14 INFO  : qwen25vl_mhc_zh_c3_s2/trainer_log.jsonl: Copied (new)
2026/07/14 21:44:14 INFO  : qwen25vl_mhc_zh_c3_s2/tokenizer_config.json: Copied (new)
2026/07/14 21:44:14 INFO  : qwen25vl_mhc_zh_c3_s2/training_args.bin: Copied (new)
2026/07/14 21:44:15 INFO  : qwen25vl_mhc_zh_c3_s2/training_loss.png: Copied (new)
2026/07/14 21:44:15 INFO  : qwen25vl_mhc_zh_c3_s2/training_eval_loss.png: Copied (new)
2026/07/14 21:44:15 INFO  : qwen25vl_mhc_zh_c3_s0/README.md: Copied (new)
2026/07/14 21:44:15 INFO  : qwen25vl_mhc_zh_c3_s2/training_eval_accuracy.png: Copied (new)
2026/07/14 21:44:15 INFO  : qwen25vl_mhc_zh_c3_s0/adapter_config.json: Copied (new)
2026/07/14 21:44:15 INFO  : qwen25vl_mhc_zh_c3_s2/merges.txt: Copied (new)
2026/07/14 21:44:15 INFO  : qwen25vl_mhc_zh_c3_s0/added_tokens.json: Copied (new)
2026/07/14 21:44:15 INFO  : qwen25vl_mhc_zh_c3_s2/trainer_state.json: Copied (new)
2026/07/14 21:44:16 INFO  : qwen25vl_mhc_zh_c3_s0/all_results.json: Copied (new)
2026/07/14 21:44:16 INFO  : qwen25vl_mhc_zh_c3_s0/classifier_config.json: Copied (new)
2026/07/14 21:44:16 INFO  : qwen25vl_mhc_zh_c3_s2/vocab.json: Copied (new)
2026/07/14 21:44:16 INFO  : qwen25vl_mhc_zh_c3_s2/classifier.bin: Copied (new)
2026/07/14 21:44:16 INFO  : qwen25vl_mhc_zh_c3_s0/preprocessor_config.json: Copied (new)
2026/07/14 21:44:16 INFO  : qwen25vl_mhc_zh_c3_s0/special_tokens_map.json: Copied (new)
2026/07/14 21:44:17 INFO  : qwen25vl_mhc_zh_c3_s0/tokenizer_config.json: Copied (new)
2026/07/14 21:44:17 INFO  : qwen25vl_mhc_zh_c3_s0/eval_results.json: Copied (new)
2026/07/14 21:44:17 INFO  : qwen25vl_mhc_zh_c3_s0/chat_template.json: Copied (new)
2026/07/14 21:44:17 INFO  : qwen25vl_mhc_zh_c3_s0/train_results.json: Copied (new)
2026/07/14 21:44:17 INFO  : qwen25vl_mhc_zh_c3_s0/trainer_log.jsonl: Copied (new)
2026/07/14 21:44:17 INFO  : qwen25vl_mhc_zh_c3_s0/classifier.bin: Copied (new)
2026/07/14 21:44:17 INFO  : qwen25vl_mhc_zh_c3_s0/trainer_state.json: Copied (new)
2026/07/14 21:44:18 INFO  : qwen25vl_mhc_zh_c3_s0/training_loss.png: Copied (new)
2026/07/14 21:44:18 INFO  : qwen25vl_mhc_zh_c3_s0/training_eval_loss.png: Copied (new)
2026/07/14 21:44:18 INFO  : qwen25vl_mhc_zh_c3_s0/training_args.bin: Copied (new)
2026/07/14 21:44:18 INFO  : qwen25vl_hatemm_c3_s0/adapter_config.json: Copied (new)
2026/07/14 21:44:18 INFO  : qwen25vl_hatemm_c3_s0/README.md: Copied (new)
2026/07/14 21:44:18 INFO  : qwen25vl_mhc_zh_c3_s0/merges.txt: Copied (new)
2026/07/14 21:44:18 INFO  : qwen25vl_mhc_zh_c3_s0/training_eval_accuracy.png: Copied (new)
2026/07/14 21:44:18 INFO  : qwen25vl_mhc_zh_c3_s0/vocab.json: Copied (new)
2026/07/14 21:44:18 INFO  : qwen25vl_hatemm_c3_s0/chat_template.json: Copied (new)
2026/07/14 21:44:19 INFO  : qwen25vl_hatemm_c3_s0/added_tokens.json: Copied (new)
2026/07/14 21:44:19 INFO  : qwen25vl_hatemm_c3_s0/eval_results.json: Copied (new)
2026/07/14 21:44:19 INFO  : qwen25vl_hatemm_c3_s0/merges.txt: Copied (new)
2026/07/14 21:44:19 INFO  : qwen25vl_hatemm_c3_s0/preprocessor_config.json: Copied (new)
2026/07/14 21:44:19 INFO  : qwen25vl_hatemm_c3_s0/all_results.json: Copied (new)
2026/07/14 21:44:19 INFO  : qwen25vl_hatemm_c3_s0/classifier_config.json: Copied (new)
2026/07/14 21:44:19 INFO  : qwen25vl_hatemm_c3_s0/special_tokens_map.json: Copied (new)
2026/07/14 21:44:19 INFO  : qwen25vl_hatemm_c3_s0/train_results.json: Copied (new)
2026/07/14 21:44:20 INFO  : qwen25vl_hatemm_c3_s0/trainer_log.jsonl: Copied (new)
2026/07/14 21:44:20 INFO  : qwen25vl_hatemm_c3_s0/tokenizer_config.json: Copied (new)
2026/07/14 21:44:20 INFO  : qwen25vl_hatemm_c3_s0/classifier.bin: Copied (new)
2026/07/14 21:44:20 INFO  : qwen25vl_hatemm_c3_s0/trainer_state.json: Copied (new)
2026/07/14 21:44:20 INFO  : qwen25vl_hatemm_c3_s0/training_loss.png: Copied (new)
2026/07/14 21:44:20 INFO  : qwen25vl_hatemm_c3_s0/training_eval_loss.png: Copied (new)
2026/07/14 21:44:20 INFO  : qwen25vl_hatemm_c3_s0/training_eval_accuracy.png: Copied (new)
2026/07/14 21:44:21 INFO  : qwen25vl_mhc_c3primef4_s1/README.md: Copied (new)
2026/07/14 21:44:21 INFO  : qwen25vl_hatemm_c3_s0/training_args.bin: Copied (new)
2026/07/14 21:44:21 INFO  : qwen25vl_mhc_c3primef4_s1/adapter_config.json: Copied (new)
2026/07/14 21:44:21 INFO  : qwen25vl_mhc_c3primef4_s1/added_tokens.json: Copied (new)
2026/07/14 21:44:22 INFO  : qwen25vl_mhc_c3primef4_s1/all_results.json: Copied (new)
2026/07/14 21:44:22 INFO  : qwen25vl_mhc_c3primef4_s1/chat_template.json: Copied (new)
2026/07/14 21:44:22 INFO  : qwen25vl_hatemm_c3_s0/vocab.json: Copied (new)
2026/07/14 21:44:22 INFO  : qwen25vl_mhc_c3primef4_s1/classifier_config.json: Copied (new)
2026/07/14 21:44:23 INFO  : qwen25vl_mhc_c3primef4_s1/classifier.bin: Copied (new)
2026/07/14 21:44:23 INFO  : qwen25vl_mhc_c3primef4_s1/eval_results.json: Copied (new)
2026/07/14 21:44:23 INFO  : qwen25vl_mhc_c3primef4_s1/preprocessor_config.json: Copied (new)
2026/07/14 21:44:23 INFO  : qwen25vl_mhc_c3primef4_s1/special_tokens_map.json: Copied (new)
2026/07/14 21:44:23 INFO  : qwen25vl_mhc_c3primef4_s1/tokenizer_config.json: Copied (new)
2026/07/14 21:44:23 INFO  : qwen25vl_mhc_c3primef4_s1/trainer_log.jsonl: Copied (new)
2026/07/14 21:44:24 INFO  : qwen25vl_mhc_c3primef4_s1/training_args.bin: Copied (new)
2026/07/14 21:44:24 INFO  : qwen25vl_mhc_c3primef4_s1/train_results.json: Copied (new)
2026/07/14 21:44:24 INFO  : qwen25vl_mhc_c3primef4_s1/merges.txt: Copied (new)
2026/07/14 21:44:24 INFO  : qwen25vl_mhc_c3primef4_s1/training_eval_loss.png: Copied (new)
2026/07/14 21:44:24 INFO  : qwen25vl_mhc_c3primef4_s1/training_loss.png: Copied (new)
2026/07/14 21:44:24 INFO  : qwen25vl_mhc_c3primef4_s1/training_eval_accuracy.png: Copied (new)
2026/07/14 21:44:24 INFO  : qwen25vl_mhc_c3primef4_s1/trainer_state.json: Copied (new)
2026/07/14 21:44:25 INFO  : qwen25vl_mhc_zh_c3primef4_s1/adapter_config.json: Copied (new)
2026/07/14 21:44:25 INFO  : qwen25vl_mhc_zh_c3primef4_s1/added_tokens.json: Copied (new)
2026/07/14 21:44:25 INFO  : qwen25vl_mhc_zh_c3primef4_s1/README.md: Copied (new)
2026/07/14 21:44:25 INFO  : qwen25vl_mhc_zh_c3primef4_s1/all_results.json: Copied (new)
2026/07/14 21:44:26 INFO  : qwen25vl_mhc_c3primef4_s1/vocab.json: Copied (new)
2026/07/14 21:44:26 INFO  : qwen25vl_mhc_zh_c3primef4_s1/chat_template.json: Copied (new)
2026/07/14 21:44:26 INFO  : qwen25vl_mhc_zh_c3primef4_s1/classifier_config.json: Copied (new)
2026/07/14 21:44:26 INFO  : qwen25vl_mhc_zh_c3primef4_s1/eval_results.json: Copied (new)
2026/07/14 21:44:26 INFO  : qwen25vl_mhc_zh_c3primef4_s1/preprocessor_config.json: Copied (new)
2026/07/14 21:44:27 INFO  : qwen25vl_mhc_zh_c3primef4_s1/special_tokens_map.json: Copied (new)
2026/07/14 21:44:27 INFO  : qwen25vl_mhc_zh_c3primef4_s1/tokenizer_config.json: Copied (new)
2026/07/14 21:44:28 INFO  : qwen25vl_mhc_zh_c3primef4_s1/train_results.json: Copied (new)
2026/07/14 21:44:28 INFO  : qwen25vl_hatemm_c3_s1/README.md: Copied (new)
2026/07/14 21:44:28 INFO  : qwen25vl_mhc_zh_c3primef4_s1/classifier.bin: Copied (new)
2026/07/14 21:44:28 INFO  : qwen25vl_mhc_zh_c3primef4_s1/merges.txt: Copied (new)
2026/07/14 21:44:28 INFO  : qwen25vl_mhc_zh_c3primef4_s1/trainer_log.jsonl: Copied (new)
2026/07/14 21:44:28 INFO  : qwen25vl_hatemm_c3_s1/adapter_config.json: Copied (new)
2026/07/14 21:44:29 INFO  : qwen25vl_mhc_zh_c3primef4_s1/training_args.bin: Copied (new)
2026/07/14 21:44:29 INFO  : qwen25vl_mhc_zh_c3primef4_s1/trainer_state.json: Copied (new)
2026/07/14 21:44:29 INFO  : qwen25vl_hatemm_c3_s1/added_tokens.json: Copied (new)
2026/07/14 21:44:30 INFO  : qwen25vl_mhc_zh_c3primef4_s1/training_eval_loss.png: Copied (new)
2026/07/14 21:44:30 INFO  : qwen25vl_mhc_zh_c3primef4_s1/training_eval_accuracy.png: Copied (new)
2026/07/14 21:44:30 INFO  : qwen25vl_hatemm_c3_s1/all_results.json: Copied (new)
2026/07/14 21:44:31 INFO  : qwen25vl_hatemm_c3_s1/chat_template.json: Copied (new)
2026/07/14 21:44:31 INFO  : qwen25vl_mhc_zh_c3primef4_s1/training_loss.png: Copied (new)
2026/07/14 21:44:33 INFO  : qwen25vl_mhc_zh_c3primef4_s1/vocab.json: Copied (new)
2026/07/14 21:44:33 INFO  : qwen25vl_hatemm_c3_s1/classifier_config.json: Copied (new)
2026/07/14 21:44:33 INFO  : qwen25vl_hatemm_c3_s1/eval_results.json: Copied (new)
2026/07/14 21:44:34 INFO  : qwen25vl_hatemm_c3_s1/classifier.bin: Copied (new)
2026/07/14 21:44:35 INFO  : qwen25vl_hatemm_c3_s1/preprocessor_config.json: Copied (new)
2026/07/14 21:44:35 INFO  : qwen25vl_hatemm_c3_s1/special_tokens_map.json: Copied (new)
2026/07/14 21:44:35 INFO  : qwen25vl_hatemm_c3_s1/merges.txt: Copied (new)
2026/07/14 21:44:35 INFO  : qwen25vl_hatemm_c3_s1/tokenizer_config.json: Copied (new)
2026/07/14 21:44:36 INFO  : qwen25vl_hatemm_c3_s1/trainer_log.jsonl: Copied (new)
2026/07/14 21:44:36 INFO  : qwen25vl_hatemm_c3_s1/train_results.json: Copied (new)
2026/07/14 21:44:36 INFO  : qwen25vl_hatemm_c3_s1/trainer_state.json: Copied (new)
2026/07/14 21:44:36 INFO  : qwen25vl_hatemm_c3_s1/training_args.bin: Copied (new)
2026/07/14 21:44:36 INFO  : qwen25vl_hatemm_c3_s1/training_eval_loss.png: Copied (new)
2026/07/14 21:44:37 INFO  : qwen25vl_hatemm_c3_s1/training_eval_accuracy.png: Copied (new)
2026/07/14 21:44:37 INFO  : qwen25vl_hatemm_c3_s1/training_loss.png: Copied (new)
2026/07/14 21:44:38 INFO  : qwen25vl_mhc_zh_c3primef4_s2/README.md: Copied (new)
2026/07/14 21:44:39 INFO  : qwen25vl_hatemm_c3_s1/vocab.json: Copied (new)
2026/07/14 21:44:39 INFO  : qwen25vl_mhc_zh_c3primef4_s2/adapter_config.json: Copied (new)
2026/07/14 21:44:40 INFO  : qwen25vl_mhc_zh_c3primef4_s2/added_tokens.json: Copied (new)
2026/07/14 21:44:40 INFO  : qwen25vl_mhc_zh_c3primef4_s2/all_results.json: Copied (new)
2026/07/14 21:44:41 INFO  : qwen25vl_mhc_zh_c3primef4_s2/chat_template.json: Copied (new)
2026/07/14 21:44:44 INFO  : qwen25vl_mhc_zh_c3primef4_s2/classifier.bin: Copied (new)
2026/07/14 21:44:45 INFO  : qwen25vl_mhc_zh_c3primef4_s2/classifier_config.json: Copied (new)
2026/07/14 21:44:46 INFO  : qwen25vl_mhc_zh_c3primef4_s2/eval_results.json: Copied (new)
2026/07/14 21:44:48 INFO  : qwen25vl_mhc_zh_c3_s0/adapter_model.safetensors: Multi-thread Copied (new)
2026/07/14 21:44:49 INFO  : qwen25vl_mhc_zh_c3primef4_s2/merges.txt: Copied (new)
2026/07/14 21:44:50 INFO  : qwen25vl_mhc_zh_c3primef4_s2/special_tokens_map.json: Copied (new)
2026/07/14 21:44:50 INFO  : qwen25vl_mhc_zh_c3primef4_s2/preprocessor_config.json: Copied (new)
2026/07/14 21:44:50 INFO  : qwen25vl_mhc_zh_c3primef4_s2/tokenizer_config.json: Copied (new)
2026/07/14 21:44:51 INFO  : qwen25vl_hatemm_c3_s0/adapter_model.safetensors: Multi-thread Copied (new)
2026/07/14 21:44:51 INFO  : qwen25vl_mhc_zh_c3primef4_s2/train_results.json: Copied (new)
2026/07/14 21:44:51 INFO  : qwen25vl_mhc_zh_c3primef4_s2/trainer_state.json: Copied (new)
2026/07/14 21:44:52 INFO  : qwen25vl_mhc_zh_c3primef4_s2/trainer_log.jsonl: Copied (new)
2026/07/14 21:44:52 INFO  : qwen25vl_mhc_zh_c3primef4_s2/training_eval_accuracy.png: Copied (new)
2026/07/14 21:44:52 INFO  : qwen25vl_mhc_zh_c3primef4_s2/training_args.bin: Copied (new)
2026/07/14 21:44:52 INFO  : qwen25vl_mhc_zh_c3primef4_s2/training_loss.png: Copied (new)
2026/07/14 21:44:53 INFO  : qwen25vl_mhc_zh_c3primef4_s2/training_eval_loss.png: Copied (new)
2026/07/14 21:44:53 INFO  : qwen25vl_mhc_zh_c3repro_s0/README.md: Copied (new)
2026/07/14 21:44:54 INFO  : qwen25vl_mhc_zh_c3repro_s0/adapter_config.json: Copied (new)
2026/07/14 21:44:54 INFO  : qwen25vl_mhc_zh_c3repro_s0/added_tokens.json: Copied (new)
2026/07/14 21:44:54 INFO  : qwen25vl_mhc_zh_c3primef4_s2/vocab.json: Copied (new)
2026/07/14 21:44:55 INFO  : qwen25vl_mhc_c3primef4_s1/adapter_model.safetensors: Multi-thread Copied (new)
2026/07/14 21:44:55 INFO  : qwen25vl_mhc_zh_c3repro_s0/chat_template.json: Copied (new)
2026/07/14 21:44:55 INFO  : qwen25vl_mhc_zh_c3repro_s0/all_results.json: Copied (new)
2026/07/14 21:44:55 INFO  : qwen25vl_mhc_zh_c3repro_s0/classifier_config.json: Copied (new)
2026/07/14 21:44:55 INFO  : qwen25vl_mhc_zh_c3repro_s0/eval_results.json: Copied (new)
2026/07/14 21:44:56 INFO  : qwen25vl_mhc_zh_c3repro_s0/preprocessor_config.json: Copied (new)
2026/07/14 21:44:56 INFO  : qwen25vl_mhc_zh_c3repro_s0/special_tokens_map.json: Copied (new)
2026/07/14 21:44:56 INFO  : qwen25vl_mhc_zh_c3repro_s0/merges.txt: Copied (new)
2026/07/14 21:44:57 INFO  : qwen25vl_mhc_zh_c3repro_s0/train_results.json: Copied (new)
2026/07/14 21:44:57 INFO  : qwen25vl_mhc_zh_c3repro_s0/classifier.bin: Copied (new)
2026/07/14 21:44:57 INFO  : qwen25vl_mhc_zh_c3repro_s0/tokenizer_config.json: Copied (new)
2026/07/14 21:44:58 INFO  : qwen25vl_mhc_zh_c3repro_s0/trainer_state.json: Copied (new)
2026/07/14 21:44:58 INFO  : qwen25vl_mhc_zh_c3repro_s0/trainer_log.jsonl: Copied (new)
2026/07/14 21:44:58 INFO  : qwen25vl_mhc_zh_c3repro_s0/training_args.bin: Copied (new)
2026/07/14 21:44:58 INFO  : qwen25vl_mhc_zh_c3repro_s0/training_eval_accuracy.png: Copied (new)
2026/07/14 21:44:58 INFO  : qwen25vl_mhc_zh_c3repro_s0/training_loss.png: Copied (new)
2026/07/14 21:44:58 INFO  : qwen25vl_hatemm_c3_s2/adapter_config.json: Copied (new)
2026/07/14 21:44:59 INFO  : qwen25vl_mhc_zh_c3repro_s0/training_eval_loss.png: Copied (new)
2026/07/14 21:44:59 INFO  : qwen25vl_hatemm_c3_s2/README.md: Copied (new)
2026/07/14 21:44:59 INFO  : qwen25vl_hatemm_c3_s2/all_results.json: Copied (new)
2026/07/14 21:45:00 INFO  : qwen25vl_hatemm_c3_s2/added_tokens.json: Copied (new)
2026/07/14 21:45:00 INFO  : qwen25vl_hatemm_c3_s2/chat_template.json: Copied (new)
2026/07/14 21:45:00 INFO  : qwen25vl_hatemm_c3_s2/classifier_config.json: Copied (new)
2026/07/14 21:45:01 INFO  : qwen25vl_hatemm_c3_s2/eval_results.json: Copied (new)
2026/07/14 21:45:02 INFO  : qwen25vl_hatemm_c3_s2/classifier.bin: Copied (new)
2026/07/14 21:45:02 INFO  : qwen25vl_hatemm_c3_s2/preprocessor_config.json: Copied (new)
2026/07/14 21:45:03 INFO  : qwen25vl_hatemm_c3_s2/special_tokens_map.json: Copied (new)
2026/07/14 21:45:04 INFO  : qwen25vl_hatemm_c3_s2/merges.txt: Copied (new)
2026/07/14 21:45:04 INFO  : qwen25vl_hatemm_c3_s2/tokenizer_config.json: Copied (new)
2026/07/14 21:45:04 INFO  : qwen25vl_hatemm_c3_s2/train_results.json: Copied (new)
2026/07/14 21:45:04 INFO  : qwen25vl_hatemm_c3_s2/trainer_log.jsonl: Copied (new)
2026/07/14 21:45:04 INFO  : qwen25vl_mhc_zh_c3primef4_s1/adapter_model.safetensors: Multi-thread Copied (new)
2026/07/14 21:45:05 INFO  : qwen25vl_hatemm_c3_s2/trainer_state.json: Copied (new)
2026/07/14 21:45:05 INFO  : qwen25vl_hatemm_c3_s2/training_args.bin: Copied (new)
2026/07/14 21:45:05 INFO  : qwen25vl_hatemm_c3_s1/adapter_model.safetensors: Multi-thread Copied (new)
2026/07/14 21:45:05 INFO  : qwen25vl_hatemm_c3_s2/training_eval_accuracy.png: Copied (new)
2026/07/14 21:45:06 INFO  : qwen25vl_hatemm_c3_s2/training_eval_loss.png: Copied (new)
2026/07/14 21:45:06 INFO  : qwen25vl_mhc_zh_d3f4_s0/README.md: Copied (new)
2026/07/14 21:45:06 INFO  : qwen25vl_hatemm_c3_s2/training_loss.png: Copied (new)
2026/07/14 21:45:06 INFO  : qwen25vl_mhc_zh_d3f4_s0/adapter_config.json: Copied (new)
2026/07/14 21:45:06 INFO  : qwen25vl_mhc_zh_d3f4_s0/added_tokens.json: Copied (new)
2026/07/14 21:45:06 INFO  : qwen25vl_mhc_zh_d3f4_s0/all_results.json: Copied (new)
2026/07/14 21:45:07 INFO  : qwen25vl_mhc_zh_d3f4_s0/chat_template.json: Copied (new)
2026/07/14 21:45:07 INFO  : qwen25vl_hatemm_c3_s2/vocab.json: Copied (new)
2026/07/14 21:45:07 INFO  : qwen25vl_mhc_zh_d3f4_s0/classifier_config.json: Copied (new)
2026/07/14 21:45:08 INFO  : qwen25vl_mhc_zh_d3f4_s0/eval_results.json: Copied (new)
2026/07/14 21:45:09 INFO  : qwen25vl_mhc_zh_d3f4_s0/preprocessor_config.json: Copied (new)
2026/07/14 21:45:09 INFO  : qwen25vl_mhc_zh_d3f4_s0/merges.txt: Copied (new)
2026/07/14 21:45:09 INFO  : qwen25vl_mhc_zh_d3f4_s0/tokenizer_config.json: Copied (new)
2026/07/14 21:45:10 INFO  : qwen25vl_mhc_zh_d3f4_s0/special_tokens_map.json: Copied (new)
2026/07/14 21:45:10 INFO  : qwen25vl_mhc_zh_d3f4_s0/train_results.json: Copied (new)
2026/07/14 21:45:10 INFO  : qwen25vl_mhc_zh_d3f4_s0/trainer_log.jsonl: Copied (new)
2026/07/14 21:45:10 INFO  : qwen25vl_mhc_zh_d3f4_s0/classifier.bin: Copied (new)
2026/07/14 21:45:11 INFO  : qwen25vl_mhc_zh_d3f4_s0/trainer_state.json: Copied (new)
2026/07/14 21:45:11 INFO  : qwen25vl_mhc_zh_c3_s2/adapter_model.safetensors: Multi-thread Copied (new)
2026/07/14 21:45:11 INFO  : qwen25vl_mhc_zh_d3f4_s0/training_args.bin: Copied (new)
2026/07/14 21:45:11 INFO  : qwen25vl_mhc_zh_d3f4_s0/training_eval_accuracy.png: Copied (new)
2026/07/14 21:45:11 INFO  : 
Transferred:   	    9.503 GiB / 82.988 GiB, 11%, 153.551 MiB/s, ETA 8m10s
Checks:                 0 / 0, -, Listed 1051
Transferred:          202 / 978, 21%
Elapsed time:       1m0.0s
Transferring:
 * qwen25vl_mhc_zh_c3prim…pter_model.safetensors: 91% /1.203Gi, 37.941Mi/s, 2s
 * qwen25vl_mhc_zh_c3repr…pter_model.safetensors: 49% /1.203Gi, 38.902Mi/s, 15s
 * qwen25vl_hatemm_c3_s2/…pter_model.safetensors: 28% /1.203Gi, 35.159Mi/s, 24s
 * qwen25vl_mhc_zh_d3f4_s…pter_model.safetensors:  4% /1.203Gi, 10.469Mi/s, 1m52s
 * qwen25vl_mhc_zh_d3f4_s…training_eval_loss.png:100% /41.712Ki, 0/s, -
 *     qwen25vl_mhc_zh_d3f4_s0/training_loss.png:100% /45.365Ki, 0/s, -
 *            qwen25vl_mhc_zh_d3f4_s0/vocab.json:100% /3.227Mi, 0/s, -
 *             qwen25vl_mhc_zh_d3f4_s1/README.md:100% /2.470Ki, 0/s, -

2026/07/14 21:45:11 INFO  : qwen25vl_mhc_zh_d3f4_s1/README.md: Copied (new)
2026/07/14 21:45:11 INFO  : qwen25vl_mhc_zh_d3f4_s0/training_loss.png: Copied (new)
2026/07/14 21:45:12 INFO  : qwen25vl_mhc_zh_d3f4_s0/training_eval_loss.png: Copied (new)
2026/07/14 21:45:12 INFO  : qwen25vl_mhc_zh_d3f4_s1/adapter_config.json: Copied (new)
2026/07/14 21:45:12 INFO  : qwen25vl_mhc_zh_d3f4_s1/added_tokens.json: Copied (new)
2026/07/14 21:45:12 INFO  : qwen25vl_mhc_zh_d3f4_s1/all_results.json: Copied (new)
2026/07/14 21:45:12 INFO  : qwen25vl_mhc_zh_d3f4_s0/vocab.json: Copied (new)
2026/07/14 21:45:13 INFO  : qwen25vl_mhc_zh_d3f4_s1/classifier_config.json: Copied (new)
2026/07/14 21:45:14 INFO  : qwen25vl_mhc_zh_d3f4_s1/eval_results.json: Copied (new)
2026/07/14 21:45:15 INFO  : qwen25vl_mhc_zh_d3f4_s1/classifier.bin: Copied (new)
2026/07/14 21:45:15 INFO  : qwen25vl_mhc_zh_d3f4_s1/preprocessor_config.json: Copied (new)
2026/07/14 21:45:15 INFO  : qwen25vl_mhc_zh_d3f4_s1/chat_template.json: Copied (new)
2026/07/14 21:45:16 INFO  : qwen25vl_mhc_zh_d3f4_s1/merges.txt: Copied (new)
2026/07/14 21:45:16 INFO  : qwen25vl_mhc_zh_d3f4_s1/tokenizer_config.json: Copied (new)
2026/07/14 21:45:16 INFO  : qwen25vl_mhc_zh_d3f4_s1/train_results.json: Copied (new)
2026/07/14 21:45:17 INFO  : qwen25vl_mhc_zh_d3f4_s1/special_tokens_map.json: Copied (new)
2026/07/14 21:45:17 INFO  : qwen25vl_mhc_zh_d3_s0/adapter_config.json: Copied (new)
2026/07/14 21:45:17 INFO  : qwen25vl_mhc_zh_d3f4_s1/trainer_log.jsonl: Copied (new)
2026/07/14 21:45:18 INFO  : qwen25vl_mhc_zh_d3_s0/README.md: Copied (new)
2026/07/14 21:45:18 INFO  : qwen25vl_mhc_zh_d3f4_s1/trainer_state.json: Copied (new)
2026/07/14 21:45:18 INFO  : qwen25vl_mhc_zh_d3f4_s1/training_args.bin: Copied (new)
2026/07/14 21:45:18 INFO  : qwen25vl_mhc_zh_d3_s0/added_tokens.json: Copied (new)
2026/07/14 21:45:19 INFO  : qwen25vl_mhc_zh_d3_s0/all_results.json: Copied (new)
2026/07/14 21:45:19 INFO  : qwen25vl_mhc_zh_d3f4_s1/training_eval_accuracy.png: Copied (new)
2026/07/14 21:45:19 INFO  : qwen25vl_mhc_zh_d3f4_s1/training_eval_loss.png: Copied (new)
2026/07/14 21:45:20 INFO  : qwen25vl_mhc_zh_d3f4_s1/training_loss.png: Copied (new)
2026/07/14 21:45:21 INFO  : qwen25vl_mhc_zh_d3f4_s1/vocab.json: Copied (new)
2026/07/14 21:45:22 INFO  : qwen25vl_mhc_zh_c3repro_s0/vocab.json: Copied (new)
2026/07/14 21:45:22 INFO  : qwen25vl_mhc_zh_d3_s0/chat_template.json: Copied (new)
2026/07/14 21:45:23 INFO  : qwen25vl_mhc_zh_d3_s0/classifier_config.json: Copied (new)
2026/07/14 21:45:23 INFO  : qwen25vl_mhc_zh_d3_s0/eval_results.json: Copied (new)
2026/07/14 21:45:24 INFO  : qwen25vl_mhc_zh_d3_s0/classifier.bin: Copied (new)
2026/07/14 21:45:24 INFO  : qwen25vl_mhc_zh_d3_s0/preprocessor_config.json: Copied (new)
2026/07/14 21:45:25 INFO  : qwen25vl_mhc_zh_d3_s0/merges.txt: Copied (new)
2026/07/14 21:45:25 INFO  : qwen25vl_mhc_zh_d3_s0/special_tokens_map.json: Copied (new)
2026/07/14 21:45:25 INFO  : qwen25vl_mhc_zh_d3_s0/train_results.json: Copied (new)
2026/07/14 21:45:26 INFO  : qwen25vl_mhc_zh_d3_s0/trainer_log.jsonl: Copied (new)
2026/07/14 21:45:26 INFO  : qwen25vl_mhc_zh_d3_s0/trainer_state.json: Copied (new)
2026/07/14 21:45:26 INFO  : qwen25vl_mhc_zh_d3_s0/tokenizer_config.json: Copied (new)
2026/07/14 21:45:27 INFO  : qwen25vl_mhc_zh_d3_s0/training_eval_accuracy.png: Copied (new)
2026/07/14 21:45:27 INFO  : qwen25vl_mhc_zh_d3_s0/training_args.bin: Copied (new)
2026/07/14 21:45:27 INFO  : qwen25vl_mhc_zh_d3_s0/training_loss.png: Copied (new)
2026/07/14 21:45:27 INFO  : qwen25vl_mhc_zh_d3_s0/training_eval_loss.png: Copied (new)
2026/07/14 21:45:28 INFO  : qwen25vl_mhc_c3primef4_s0/README.md: Copied (new)
2026/07/14 21:45:29 INFO  : qwen25vl_mhc_c3primef4_s0/adapter_config.json: Copied (new)
2026/07/14 21:45:29 INFO  : qwen25vl_mhc_zh_d3_s0/vocab.json: Copied (new)
2026/07/14 21:45:30 INFO  : qwen25vl_mhc_c3primef4_s0/added_tokens.json: Copied (new)
2026/07/14 21:45:30 INFO  : qwen25vl_mhc_c3primef4_s0/all_results.json: Copied (new)
2026/07/14 21:45:30 INFO  : qwen25vl_mhc_zh_c3repro_s0/adapter_model.safetensors: Multi-thread Copied (new)
2026/07/14 21:45:31 INFO  : qwen25vl_mhc_c3primef4_s0/chat_template.json: Copied (new)
2026/07/14 21:45:31 INFO  : qwen25vl_mhc_c3primef4_s0/classifier_config.json: Copied (new)
2026/07/14 21:45:32 INFO  : qwen25vl_mhc_c3primef4_s0/eval_results.json: Copied (new)
2026/07/14 21:45:32 INFO  : qwen25vl_mhc_zh_c3primef4_s2/adapter_model.safetensors: Multi-thread Copied (new)
2026/07/14 21:45:33 INFO  : qwen25vl_mhc_c3primef4_s0/classifier.bin: Copied (new)
2026/07/14 21:45:34 INFO  : qwen25vl_mhc_c3primef4_s0/preprocessor_config.json: Copied (new)
2026/07/14 21:45:34 INFO  : qwen25vl_mhc_c3primef4_s0/merges.txt: Copied (new)
2026/07/14 21:45:34 INFO  : qwen25vl_mhc_c3primef4_s0/special_tokens_map.json: Copied (new)
2026/07/14 21:45:34 INFO  : qwen25vl_mhc_c3primef4_s0/tokenizer_config.json: Copied (new)
2026/07/14 21:45:34 INFO  : qwen25vl_mhc_c3primef4_s0/trainer_state.json: Copied (new)
2026/07/14 21:45:34 INFO  : qwen25vl_mhc_c3primef4_s0/train_results.json: Copied (new)
2026/07/14 21:45:35 INFO  : qwen25vl_mhc_c3primef4_s0/trainer_log.jsonl: Copied (new)
2026/07/14 21:45:35 INFO  : qwen25vl_mhc_c3primef4_s0/training_eval_accuracy.png: Copied (new)
2026/07/14 21:45:35 INFO  : qwen25vl_mhc_c3primef4_s0/training_args.bin: Copied (new)
2026/07/14 21:45:36 INFO  : qwen25vl_mhc_c3primef4_s0/training_eval_loss.png: Copied (new)
2026/07/14 21:45:36 INFO  : qwen25vl_mhc_c3primef4_s0/training_loss.png: Copied (new)
2026/07/14 21:45:36 INFO  : qwen25vl_mhc_zh_c3_s2/checkpoint-108/README.md: Copied (new)
2026/07/14 21:45:36 INFO  : qwen25vl_mhc_zh_c3_s2/checkpoint-108/adapter_config.json: Copied (new)
2026/07/14 21:45:37 INFO  : qwen25vl_mhc_zh_c3_s2/checkpoint-108/added_tokens.json: Copied (new)
2026/07/14 21:45:37 INFO  : qwen25vl_mhc_c3primef4_s0/vocab.json: Copied (new)
2026/07/14 21:45:37 INFO  : qwen25vl_mhc_zh_c3_s2/checkpoint-108/chat_template.json: Copied (new)
2026/07/14 21:45:38 INFO  : qwen25vl_mhc_zh_c3_s2/checkpoint-108/classifier_config.json: Copied (new)
2026/07/14 21:45:39 INFO  : qwen25vl_mhc_zh_c3_s2/checkpoint-108/merges.txt: Copied (new)
2026/07/14 21:45:40 INFO  : qwen25vl_mhc_zh_c3_s2/checkpoint-108/classifier.bin: Copied (new)
2026/07/14 21:45:40 INFO  : qwen25vl_mhc_zh_c3_s2/checkpoint-108/preprocessor_config.json: Copied (new)
2026/07/14 21:45:40 INFO  : qwen25vl_hatemm_c3_s2/adapter_model.safetensors: Multi-thread Copied (new)
2026/07/14 21:45:40 INFO  : qwen25vl_mhc_zh_c3_s2/checkpoint-108/rng_state.pth: Copied (new)
2026/07/14 21:45:40 INFO  : qwen25vl_mhc_zh_c3_s2/checkpoint-108/special_tokens_map.json: Copied (new)
2026/07/14 21:45:40 INFO  : qwen25vl_mhc_zh_c3_s2/checkpoint-108/training_args.bin: Copied (new)
2026/07/14 21:45:41 INFO  : qwen25vl_mhc_zh_c3_s2/checkpoint-108/trainer_state.json: Copied (new)
2026/07/14 21:45:41 INFO  : qwen25vl_mhc_zh_c3_s2/checkpoint-108/tokenizer_config.json: Copied (new)
2026/07/14 21:45:41 INFO  : qwen25vl_mhc_zh_c3_s2/checkpoint-108/vocab.json: Copied (new)
2026/07/14 21:45:42 INFO  : qwen25vl_mhc_zh_d3f4_s2/README.md: Copied (new)
2026/07/14 21:45:42 INFO  : qwen25vl_mhc_zh_d3f4_s2/added_tokens.json: Copied (new)
2026/07/14 21:45:42 INFO  : qwen25vl_mhc_zh_d3f4_s2/adapter_config.json: Copied (new)
2026/07/14 21:45:42 INFO  : qwen25vl_mhc_zh_d3f4_s2/all_results.json: Copied (new)
2026/07/14 21:45:42 INFO  : qwen25vl_mhc_zh_d3f4_s2/chat_template.json: Copied (new)
2026/07/14 21:45:43 INFO  : qwen25vl_mhc_zh_d3f4_s2/classifier_config.json: Copied (new)
2026/07/14 21:45:44 INFO  : qwen25vl_mhc_zh_d3f4_s2/eval_results.json: Copied (new)
2026/07/14 21:45:45 INFO  : qwen25vl_mhc_zh_d3f4_s2/classifier.bin: Copied (new)
2026/07/14 21:45:45 INFO  : qwen25vl_mhc_zh_d3f4_s2/preprocessor_config.json: Copied (new)
2026/07/14 21:45:46 INFO  : qwen25vl_mhc_zh_d3f4_s2/merges.txt: Copied (new)
2026/07/14 21:45:46 INFO  : qwen25vl_mhc_zh_d3f4_s2/special_tokens_map.json: Copied (new)
2026/07/14 21:45:46 INFO  : qwen25vl_mhc_zh_d3f4_s2/tokenizer_config.json: Copied (new)
2026/07/14 21:45:47 INFO  : qwen25vl_mhc_zh_d3f4_s2/train_results.json: Copied (new)
2026/07/14 21:45:48 INFO  : qwen25vl_mhc_zh_d3f4_s2/trainer_log.jsonl: Copied (new)
2026/07/14 21:45:48 INFO  : qwen25vl_mhc_zh_d3f4_s0/adapter_model.safetensors: Multi-thread Copied (new)
2026/07/14 21:45:48 INFO  : qwen25vl_mhc_zh_d3f4_s2/training_args.bin: Copied (new)
2026/07/14 21:45:48 INFO  : qwen25vl_mhc_zh_d3f4_s2/trainer_state.json: Copied (new)
2026/07/14 21:45:49 INFO  : qwen25vl_mhc_zh_d3f4_s2/training_eval_loss.png: Copied (new)
2026/07/14 21:45:49 INFO  : qwen25vl_mhc_zh_d3f4_s2/training_loss.png: Copied (new)
2026/07/14 21:45:49 INFO  : qwen25vl_mhc_zh_d3f4_s2/training_eval_accuracy.png: Copied (new)
2026/07/14 21:45:50 INFO  : qwen25vl_mhc_c3_s0/adapter_config.json: Copied (new)
2026/07/14 21:45:50 INFO  : qwen25vl_mhc_c3_s0/README.md: Copied (new)
2026/07/14 21:45:50 INFO  : qwen25vl_mhc_zh_d3f4_s2/vocab.json: Copied (new)
2026/07/14 21:45:50 INFO  : qwen25vl_mhc_c3_s0/added_tokens.json: Copied (new)
2026/07/14 21:45:51 INFO  : qwen25vl_mhc_c3_s0/all_results.json: Copied (new)
2026/07/14 21:45:51 INFO  : qwen25vl_mhc_c3_s0/chat_template.json: Copied (new)
2026/07/14 21:45:51 INFO  : qwen25vl_mhc_c3_s0/classifier_config.json: Copied (new)
2026/07/14 21:45:52 INFO  : qwen25vl_mhc_c3_s0/eval_results.json: Copied (new)
2026/07/14 21:45:53 INFO  : qwen25vl_mhc_c3_s0/merges.txt: Copied (new)
2026/07/14 21:45:53 INFO  : qwen25vl_mhc_c3_s0/classifier.bin: Copied (new)
2026/07/14 21:45:54 INFO  : qwen25vl_mhc_c3_s0/preprocessor_config.json: Copied (new)
2026/07/14 21:45:54 INFO  : qwen25vl_mhc_c3_s0/tokenizer_config.json: Copied (new)
2026/07/14 21:45:54 INFO  : qwen25vl_mhc_c3_s0/special_tokens_map.json: Copied (new)
2026/07/14 21:45:54 INFO  : qwen25vl_mhc_c3_s0/train_results.json: Copied (new)
2026/07/14 21:45:55 INFO  : qwen25vl_mhc_c3_s0/trainer_state.json: Copied (new)
2026/07/14 21:45:55 INFO  : qwen25vl_mhc_c3_s0/trainer_log.jsonl: Copied (new)
2026/07/14 21:45:55 INFO  : qwen25vl_mhc_c3_s0/training_args.bin: Copied (new)
2026/07/14 21:45:56 INFO  : qwen25vl_mhc_c3_s0/training_eval_loss.png: Copied (new)
2026/07/14 21:45:56 INFO  : qwen25vl_mhc_c3_s0/training_eval_accuracy.png: Copied (new)
2026/07/14 21:45:56 INFO  : qwen25vl_mhc_zh_d3f4_s1/adapter_model.safetensors: Multi-thread Copied (new)
2026/07/14 21:45:57 INFO  : qwen25vl_mhc_c3_s0/training_loss.png: Copied (new)
2026/07/14 21:45:57 INFO  : qwen25vl_hatemm_c3_s0/checkpoint-138/README.md: Copied (new)
2026/07/14 21:45:57 INFO  : qwen25vl_hatemm_c3_s0/checkpoint-138/adapter_config.json: Copied (new)
2026/07/14 21:45:57 INFO  : qwen25vl_mhc_zh_c3_s1/README.md: Copied (new)
2026/07/14 21:45:58 INFO  : qwen25vl_mhc_zh_c3_s1/adapter_config.json: Copied (new)
2026/07/14 21:45:58 INFO  : qwen25vl_mhc_c3_s0/vocab.json: Copied (new)
2026/07/14 21:45:59 INFO  : qwen25vl_hatemm_c3_s0/checkpoint-138/chat_template.json: Copied (new)
2026/07/14 21:45:59 INFO  : qwen25vl_hatemm_c3_s0/checkpoint-138/added_tokens.json: Copied (new)
2026/07/14 21:45:59 INFO  : qwen25vl_hatemm_c3_s0/checkpoint-138/classifier_config.json: Copied (new)
2026/07/14 21:46:01 INFO  : qwen25vl_hatemm_c3_s0/checkpoint-138/merges.txt: Copied (new)
2026/07/14 21:46:01 INFO  : qwen25vl_hatemm_c3_s0/checkpoint-138/classifier.bin: Copied (new)
2026/07/14 21:46:02 INFO  : qwen25vl_hatemm_c3_s0/checkpoint-138/preprocessor_config.json: Copied (new)
2026/07/14 21:46:02 INFO  : qwen25vl_mhc_d3f4_s0/README.md: Copied (new)
2026/07/14 21:46:02 INFO  : qwen25vl_mhc_d3f4_s0/adapter_config.json: Copied (new)
2026/07/14 21:46:03 INFO  : qwen25vl_mhc_d3f4_s0/added_tokens.json: Copied (new)
2026/07/14 21:46:03 INFO  : qwen25vl_mhc_d3f4_s0/all_results.json: Copied (new)
2026/07/14 21:46:04 INFO  : qwen25vl_mhc_d3f4_s0/chat_template.json: Copied (new)
2026/07/14 21:46:07 INFO  : qwen25vl_mhc_c3primef4_s0/adapter_model.safetensors: Multi-thread Copied (new)
2026/07/14 21:46:08 INFO  : qwen25vl_mhc_d3f4_s0/classifier_config.json: Copied (new)
2026/07/14 21:46:09 INFO  : qwen25vl_mhc_d3f4_s0/eval_results.json: Copied (new)
2026/07/14 21:46:10 INFO  : qwen25vl_mhc_zh_d3_s0/adapter_model.safetensors: Multi-thread Copied (new)
2026/07/14 21:46:11 INFO  : 
Transferred:   	   19.099 GiB / 82.988 GiB, 23%, 169.285 MiB/s, ETA 6m26s
Checks:                 0 / 0, -, Listed 1051
Transferred:          344 / 978, 35%
Elapsed time:       2m0.0s
Transferring:
 * qwen25vl_mhc_zh_c3_s2/…pter_model.safetensors: 70% /1.203Gi, 24.719Mi/s, 14s
 * qwen25vl_mhc_zh_d3f4_s…pter_model.safetensors: 77% /1.203Gi, 35.550Mi/s, 7s
 *  qwen25vl_mhc_c3_s0/adapter_model.safetensors: 62% /1.203Gi, 40.824Mi/s, 11s
 * qwen25vl_hatemm_c3_s0/…pter_model.safetensors: 33% /1.203Gi, 37.807Mi/s, 21s
 * qwen25vl_mhc_d3f4_s0/a…pter_model.safetensors: 16% /1.203Gi, 26.828Mi/s, 38s
 *           qwen25vl_mhc_d3f4_s0/classifier.bin: 64% /14.010Mi, 1.411Mi/s, 3s
 *               qwen25vl_mhc_d3f4_s0/merges.txt:100% /1.594Mi, 1.246Mi/s, 0s
 * qwen25vl_mhc_d3f4_s0/preprocessor_config.json:100% /575, 0/s, -

2026/07/14 21:46:11 INFO  : qwen25vl_mhc_d3f4_s0/preprocessor_config.json: Copied (new)
2026/07/14 21:46:11 INFO  : qwen25vl_mhc_d3f4_s0/merges.txt: Copied (new)
2026/07/14 21:46:12 INFO  : qwen25vl_mhc_d3f4_s0/special_tokens_map.json: Copied (new)
2026/07/14 21:46:13 INFO  : qwen25vl_mhc_d3f4_s0/train_results.json: Copied (new)
2026/07/14 21:46:13 INFO  : qwen25vl_mhc_d3f4_s0/tokenizer_config.json: Copied (new)
2026/07/14 21:46:13 INFO  : qwen25vl_mhc_d3f4_s0/trainer_log.jsonl: Copied (new)
2026/07/14 21:46:13 INFO  : qwen25vl_hatemm_c3_s0/checkpoint-138/special_tokens_map.json: Copied (new)
2026/07/14 21:46:13 INFO  : qwen25vl_hatemm_c3_s0/checkpoint-138/rng_state.pth: Copied (new)
2026/07/14 21:46:14 INFO  : qwen25vl_hatemm_c3_s0/checkpoint-138/tokenizer_config.json: Copied (new)
2026/07/14 21:46:14 INFO  : qwen25vl_hatemm_c3_s0/checkpoint-138/trainer_state.json: Copied (new)
2026/07/14 21:46:15 INFO  : qwen25vl_hatemm_c3_s0/checkpoint-138/training_args.bin: Copied (new)
2026/07/14 21:46:18 INFO  : qwen25vl_hatemm_c3_s0/checkpoint-138/vocab.json: Copied (new)
2026/07/14 21:46:18 INFO  : qwen25vl_mhc_d3f4_s2/README.md: Copied (new)
2026/07/14 21:46:19 INFO  : qwen25vl_mhc_d3f4_s2/adapter_config.json: Copied (new)
2026/07/14 21:46:20 INFO  : qwen25vl_mhc_d3f4_s0/classifier.bin: Copied (new)
2026/07/14 21:46:21 INFO  : qwen25vl_mhc_d3f4_s2/added_tokens.json: Copied (new)
2026/07/14 21:46:21 INFO  : qwen25vl_mhc_d3f4_s2/all_results.json: Copied (new)
2026/07/14 21:46:22 INFO  : qwen25vl_mhc_d3f4_s2/chat_template.json: Copied (new)
2026/07/14 21:46:25 INFO  : qwen25vl_mhc_d3f4_s2/classifier.bin: Copied (new)
2026/07/14 21:46:26 INFO  : qwen25vl_mhc_c3_s0/adapter_model.safetensors: Multi-thread Copied (new)
2026/07/14 21:46:26 INFO  : qwen25vl_mhc_d3f4_s2/classifier_config.json: Copied (new)
2026/07/14 21:46:26 INFO  : qwen25vl_mhc_d3f4_s2/eval_results.json: Copied (new)
2026/07/14 21:46:27 INFO  : qwen25vl_mhc_d3f4_s0/trainer_state.json: Copied (new)
2026/07/14 21:46:28 INFO  : qwen25vl_mhc_zh_c3_s1/added_tokens.json: Copied (new)
2026/07/14 21:46:28 INFO  : qwen25vl_mhc_d3f4_s2/preprocessor_config.json: Copied (new)
2026/07/14 21:46:29 INFO  : qwen25vl_mhc_d3f4_s2/special_tokens_map.json: Copied (new)
2026/07/14 21:46:29 INFO  : qwen25vl_mhc_d3f4_s2/merges.txt: Copied (new)
2026/07/14 21:46:29 INFO  : qwen25vl_mhc_d3f4_s2/tokenizer_config.json: Copied (new)
2026/07/14 21:46:30 INFO  : qwen25vl_mhc_d3f4_s2/train_results.json: Copied (new)
2026/07/14 21:46:30 INFO  : qwen25vl_mhc_d3f4_s2/trainer_log.jsonl: Copied (new)
2026/07/14 21:46:30 INFO  : qwen25vl_mhc_d3f4_s2/trainer_state.json: Copied (new)
2026/07/14 21:46:30 INFO  : qwen25vl_mhc_d3f4_s2/training_eval_accuracy.png: Copied (new)
2026/07/14 21:46:30 INFO  : qwen25vl_mhc_d3f4_s2/training_args.bin: Copied (new)
2026/07/14 21:46:31 INFO  : qwen25vl_mhc_d3f4_s2/training_eval_loss.png: Copied (new)
2026/07/14 21:46:31 INFO  : qwen25vl_mhc_d3f4_s2/training_loss.png: Copied (new)
2026/07/14 21:46:31 INFO  : qwen25vl_mhc_zh_c3primef4_s0/README.md: Copied (new)
2026/07/14 21:46:32 INFO  : qwen25vl_mhc_zh_c3primef4_s0/adapter_config.json: Copied (new)
2026/07/14 21:46:33 INFO  : qwen25vl_mhc_zh_d3f4_s2/adapter_model.safetensors: Multi-thread Copied (new)
2026/07/14 21:46:34 INFO  : qwen25vl_mhc_d3f4_s2/vocab.json: Copied (new)
2026/07/14 21:46:34 INFO  : qwen25vl_mhc_zh_c3primef4_s0/added_tokens.json: Copied (new)
2026/07/14 21:46:34 INFO  : qwen25vl_mhc_zh_c3primef4_s0/chat_template.json: Copied (new)
2026/07/14 21:46:34 INFO  : qwen25vl_hatemm_c3_s0/checkpoint-138/adapter_model.safetensors: Multi-thread Copied (new)
2026/07/14 21:46:34 INFO  : qwen25vl_mhc_zh_c3primef4_s0/all_results.json: Copied (new)
2026/07/14 21:46:35 INFO  : qwen25vl_mhc_zh_c3primef4_s0/classifier_config.json: Copied (new)
2026/07/14 21:46:35 INFO  : qwen25vl_mhc_zh_c3_s2/checkpoint-108/adapter_model.safetensors: Multi-thread Copied (new)
2026/07/14 21:46:35 INFO  : qwen25vl_mhc_zh_c3primef4_s0/eval_results.json: Copied (new)
2026/07/14 21:46:36 INFO  : qwen25vl_mhc_zh_c3primef4_s0/special_tokens_map.json: Copied (new)
2026/07/14 21:46:36 INFO  : qwen25vl_mhc_zh_c3primef4_s0/preprocessor_config.json: Copied (new)
2026/07/14 21:46:36 INFO  : qwen25vl_mhc_zh_c3primef4_s0/tokenizer_config.json: Copied (new)
2026/07/14 21:46:36 INFO  : qwen25vl_mhc_zh_c3primef4_s0/trainer_log.jsonl: Copied (new)
2026/07/14 21:46:37 INFO  : qwen25vl_mhc_zh_c3primef4_s0/train_results.json: Copied (new)
2026/07/14 21:46:37 INFO  : qwen25vl_mhc_zh_c3primef4_s0/merges.txt: Copied (new)
2026/07/14 21:46:37 INFO  : qwen25vl_mhc_zh_c3primef4_s0/trainer_state.json: Copied (new)
2026/07/14 21:46:37 INFO  : qwen25vl_mhc_zh_c3primef4_s0/classifier.bin: Copied (new)
2026/07/14 21:46:37 INFO  : qwen25vl_mhc_zh_c3primef4_s0/training_args.bin: Copied (new)
2026/07/14 21:46:37 INFO  : qwen25vl_mhc_zh_c3primef4_s0/training_loss.png: Copied (new)
2026/07/14 21:46:38 INFO  : qwen25vl_mhc_zh_d3f4_s0/checkpoint-20/README.md: Copied (new)
2026/07/14 21:46:38 INFO  : qwen25vl_mhc_zh_c3primef4_s0/training_eval_accuracy.png: Copied (new)
2026/07/14 21:46:38 INFO  : qwen25vl_mhc_zh_d3f4_s0/checkpoint-20/adapter_config.json: Copied (new)
2026/07/14 21:46:38 INFO  : qwen25vl_mhc_zh_d3f4_s0/checkpoint-20/added_tokens.json: Copied (new)
2026/07/14 21:46:39 INFO  : qwen25vl_mhc_zh_c3primef4_s0/training_eval_loss.png: Copied (new)
2026/07/14 21:46:39 INFO  : qwen25vl_mhc_zh_c3primef4_s0/vocab.json: Copied (new)
2026/07/14 21:46:40 INFO  : qwen25vl_mhc_zh_d3f4_s0/checkpoint-20/chat_template.json: Copied (new)
2026/07/14 21:46:40 INFO  : qwen25vl_mhc_zh_d3f4_s1/checkpoint-108/README.md: Copied (new)
2026/07/14 21:46:40 INFO  : qwen25vl_mhc_zh_d3f4_s1/checkpoint-108/adapter_config.json: Copied (new)
2026/07/14 21:46:42 INFO  : qwen25vl_mhc_zh_d3f4_s1/checkpoint-108/added_tokens.json: Copied (new)
2026/07/14 21:46:42 INFO  : qwen25vl_mhc_zh_d3f4_s1/checkpoint-108/chat_template.json: Copied (new)
2026/07/14 21:46:44 INFO  : qwen25vl_mhc_d3f4_s0/adapter_model.safetensors: Multi-thread Copied (new)
2026/07/14 21:46:46 INFO  : qwen25vl_mhc_zh_d3f4_s1/checkpoint-108/classifier.bin: Copied (new)
2026/07/14 21:46:46 INFO  : qwen25vl_mhc_zh_d3f4_s0/checkpoint-20/classifier.bin: Copied (new)
2026/07/14 21:46:47 INFO  : qwen25vl_mhc_zh_d3f4_s1/checkpoint-108/classifier_config.json: Copied (new)
2026/07/14 21:46:49 INFO  : qwen25vl_mhc_zh_d3f4_s1/checkpoint-108/merges.txt: Copied (new)
2026/07/14 21:46:49 INFO  : qwen25vl_mhc_zh_d3f4_s1/checkpoint-108/preprocessor_config.json: Copied (new)
2026/07/14 21:46:49 INFO  : qwen25vl_mhc_zh_d3f4_s1/checkpoint-108/scheduler.pt: Copied (new)
2026/07/14 21:46:49 INFO  : qwen25vl_mhc_zh_d3f4_s1/checkpoint-108/special_tokens_map.json: Copied (new)
2026/07/14 21:46:50 INFO  : qwen25vl_mhc_zh_d3f4_s1/checkpoint-108/rng_state.pth: Copied (new)
2026/07/14 21:46:50 INFO  : qwen25vl_mhc_zh_d3f4_s1/checkpoint-108/tokenizer_config.json: Copied (new)
2026/07/14 21:46:50 INFO  : qwen25vl_mhc_zh_d3f4_s1/checkpoint-108/trainer_state.json: Copied (new)
2026/07/14 21:46:50 INFO  : qwen25vl_mhc_zh_d3f4_s1/checkpoint-108/training_args.bin: Copied (new)
2026/07/14 21:46:51 INFO  : qwen25vl_hatemm_c3_s2/checkpoint-138/README.md: Copied (new)
2026/07/14 21:46:51 INFO  : qwen25vl_hatemm_c3_s2/checkpoint-138/adapter_config.json: Copied (new)
2026/07/14 21:46:52 INFO  : qwen25vl_mhc_zh_d3f4_s1/checkpoint-108/vocab.json: Copied (new)
2026/07/14 21:46:53 INFO  : qwen25vl_hatemm_c3_s2/checkpoint-138/added_tokens.json: Copied (new)
2026/07/14 21:46:53 INFO  : qwen25vl_hatemm_c3_s2/checkpoint-138/chat_template.json: Copied (new)
2026/07/14 21:46:56 INFO  : qwen25vl_mhc_zh_c3_s1/adapter_model.safetensors: Multi-thread Copied (new)
2026/07/14 21:46:56 INFO  : qwen25vl_hatemm_c3_s2/checkpoint-138/classifier.bin: Copied (new)
2026/07/14 21:46:57 INFO  : qwen25vl_hatemm_c3_s2/checkpoint-138/classifier_config.json: Copied (new)
2026/07/14 21:46:57 INFO  : qwen25vl_hatemm_c3_s2/checkpoint-138/preprocessor_config.json: Copied (new)
2026/07/14 21:46:58 INFO  : qwen25vl_hatemm_c3_s2/checkpoint-138/rng_state.pth: Copied (new)
2026/07/14 21:46:58 INFO  : qwen25vl_hatemm_c3_s2/checkpoint-138/merges.txt: Copied (new)
2026/07/14 21:46:58 INFO  : qwen25vl_hatemm_c3_s2/checkpoint-138/special_tokens_map.json: Copied (new)
2026/07/14 21:46:58 INFO  : qwen25vl_hatemm_c3_s2/checkpoint-138/tokenizer_config.json: Copied (new)
2026/07/14 21:46:59 INFO  : qwen25vl_hatemm_c3_s2/checkpoint-138/training_args.bin: Copied (new)
2026/07/14 21:46:59 INFO  : qwen25vl_hatemm_c3_s2/checkpoint-138/trainer_state.json: Copied (new)
2026/07/14 21:46:59 INFO  : qwen25vl_mhc_zh_c3repro_s0/checkpoint-20/README.md: Copied (new)
2026/07/14 21:47:00 INFO  : qwen25vl_hatemm_c3_s2/checkpoint-138/vocab.json: Copied (new)
2026/07/14 21:47:00 INFO  : qwen25vl_mhc_zh_c3repro_s0/checkpoint-20/adapter_config.json: Copied (new)
2026/07/14 21:47:00 INFO  : qwen25vl_mhc_zh_c3repro_s0/checkpoint-20/added_tokens.json: Copied (new)
2026/07/14 21:47:01 INFO  : qwen25vl_mhc_zh_c3repro_s0/checkpoint-20/chat_template.json: Copied (new)
2026/07/14 21:47:05 INFO  : qwen25vl_mhc_zh_c3repro_s0/checkpoint-20/classifier.bin: Copied (new)
2026/07/14 21:47:05 INFO  : qwen25vl_mhc_zh_c3repro_s0/checkpoint-20/classifier_config.json: Copied (new)
2026/07/14 21:47:07 INFO  : qwen25vl_mhc_zh_c3primef4_s0/adapter_model.safetensors: Multi-thread Copied (new)
2026/07/14 21:47:07 INFO  : qwen25vl_mhc_zh_c3repro_s0/checkpoint-20/merges.txt: Copied (new)
2026/07/14 21:47:08 INFO  : qwen25vl_mhc_zh_c3repro_s0/checkpoint-20/preprocessor_config.json: Copied (new)
2026/07/14 21:47:08 INFO  : qwen25vl_mhc_zh_c3repro_s0/checkpoint-20/rng_state.pth: Copied (new)
2026/07/14 21:47:09 INFO  : qwen25vl_mhc_zh_c3repro_s0/checkpoint-20/special_tokens_map.json: Copied (new)
2026/07/14 21:47:09 INFO  : qwen25vl_mhc_zh_c3repro_s0/checkpoint-20/trainer_state.json: Copied (new)
2026/07/14 21:47:09 INFO  : qwen25vl_mhc_zh_c3repro_s0/checkpoint-20/tokenizer_config.json: Copied (new)
2026/07/14 21:47:09 INFO  : qwen25vl_mhc_zh_c3repro_s0/checkpoint-20/training_args.bin: Copied (new)
2026/07/14 21:47:10 INFO  : qwen25vl_mhc_zh_d3_s0/checkpoint-20/README.md: Copied (new)
2026/07/14 21:47:11 INFO  : qwen25vl_mhc_zh_c3repro_s0/checkpoint-20/vocab.json: Copied (new)
2026/07/14 21:47:11 INFO  : qwen25vl_mhc_zh_d3_s0/checkpoint-20/adapter_config.json: Copied (new)
2026/07/14 21:47:11 INFO  : 
Transferred:   	   29.575 GiB / 81.786 GiB, 36%, 199.313 MiB/s, ETA 4m28s
Checks:                 0 / 0, -, Listed 1051
Transferred:          456 / 978, 47%
Elapsed time:      2m59.9s
Transferring:
 * qwen25vl_mhc_d3f4_s2/a…pter_model.safetensors:100% /1.203Gi, 21.892Mi/s, 0s
 * qwen25vl_mhc_zh_d3f4_s…pter_model.safetensors: 98% /1.203Gi, 40.269Mi/s, 0s
 * qwen25vl_mhc_zh_d3f4_s…pter_model.safetensors: 80% /1.203Gi, 34.172Mi/s, 7s
 * qwen25vl_mhc_zh_d3f4_s…point-108/optimizer.pt: 30% /2.434Gi, 38.540Mi/s, 44s
 * qwen25vl_hatemm_c3_s2/…pter_model.safetensors: 55% /1.203Gi, 40.072Mi/s, 13s
 * qwen25vl_mhc_zh_c3repr…pter_model.safetensors: 25% /1.203Gi, 35.066Mi/s, 26s
 * qwen25vl_mhc_zh_d3_s0/…pter_model.safetensors: transferring
 * qwen25vl_mhc_zh_d3_s0/…t-20/added_tokens.json:100% /605, 0/s, -

2026/07/14 21:47:11 INFO  : qwen25vl_mhc_zh_d3_s0/checkpoint-20/added_tokens.json: Copied (new)
2026/07/14 21:47:11 INFO  : qwen25vl_mhc_zh_d3_s0/checkpoint-20/chat_template.json: Copied (new)
2026/07/14 21:47:13 INFO  : qwen25vl_mhc_d3f4_s2/adapter_model.safetensors: Multi-thread Copied (new)
2026/07/14 21:47:13 INFO  : qwen25vl_mhc_zh_d3_s0/checkpoint-20/classifier_config.json: Copied (new)
2026/07/14 21:47:13 INFO  : qwen25vl_mhc_zh_d3f4_s0/checkpoint-20/adapter_model.safetensors: Multi-thread Copied (new)
2026/07/14 21:47:13 INFO  : qwen25vl_mhc_zh_d3_s0/checkpoint-20/preprocessor_config.json: Copied (new)
2026/07/14 21:47:14 INFO  : qwen25vl_mhc_zh_d3_s0/checkpoint-20/rng_state.pth: Copied (new)
2026/07/14 21:47:14 INFO  : qwen25vl_mhc_zh_d3_s0/checkpoint-20/special_tokens_map.json: Copied (new)
2026/07/14 21:47:15 INFO  : qwen25vl_mhc_zh_d3_s0/checkpoint-20/tokenizer_config.json: Copied (new)
2026/07/14 21:47:15 INFO  : qwen25vl_mhc_zh_d3_s0/checkpoint-20/merges.txt: Copied (new)
2026/07/14 21:47:15 INFO  : qwen25vl_mhc_zh_d3_s0/checkpoint-20/training_args.bin: Copied (new)
2026/07/14 21:47:16 INFO  : qwen25vl_mhc_zh_d3_s0/checkpoint-20/classifier.bin: Copied (new)
2026/07/14 21:47:16 INFO  : qwen25vl_mhc_zh_d3_s0/checkpoint-20/trainer_state.json: Copied (new)
2026/07/14 21:47:16 INFO  : qwen25vl_mhc_zh_d3f4_s0/checkpoint-108/README.md: Copied (new)
2026/07/14 21:47:16 INFO  : qwen25vl_mhc_zh_d3f4_s0/checkpoint-108/adapter_config.json: Copied (new)
2026/07/14 21:47:17 INFO  : qwen25vl_mhc_zh_d3f4_s0/checkpoint-108/added_tokens.json: Copied (new)
2026/07/14 21:47:17 INFO  : qwen25vl_mhc_zh_d3_s0/checkpoint-20/vocab.json: Copied (new)
2026/07/14 21:47:17 INFO  : qwen25vl_mhc_zh_d3f4_s0/checkpoint-108/chat_template.json: Copied (new)
2026/07/14 21:47:18 INFO  : qwen25vl_mhc_zh_d3f4_s0/checkpoint-108/classifier_config.json: Copied (new)
2026/07/14 21:47:19 INFO  : qwen25vl_mhc_zh_d3f4_s0/checkpoint-108/classifier.bin: Copied (new)
2026/07/14 21:47:20 INFO  : qwen25vl_mhc_zh_d3f4_s1/checkpoint-108/adapter_model.safetensors: Multi-thread Copied (new)
2026/07/14 21:47:20 INFO  : qwen25vl_mhc_zh_d3f4_s0/checkpoint-108/merges.txt: Copied (new)
2026/07/14 21:47:20 INFO  : qwen25vl_mhc_zh_d3f4_s0/checkpoint-108/rng_state.pth: Copied (new)
2026/07/14 21:47:20 INFO  : qwen25vl_mhc_zh_d3f4_s0/checkpoint-108/special_tokens_map.json: Copied (new)
2026/07/14 21:47:20 INFO  : qwen25vl_mhc_zh_d3f4_s0/checkpoint-108/preprocessor_config.json: Copied (new)
2026/07/14 21:47:21 INFO  : qwen25vl_mhc_zh_d3f4_s0/checkpoint-108/tokenizer_config.json: Copied (new)
2026/07/14 21:47:21 INFO  : qwen25vl_mhc_zh_d3f4_s0/checkpoint-108/training_args.bin: Copied (new)
2026/07/14 21:47:21 INFO  : qwen25vl_mhc_c3primef4_s0/checkpoint-102/README.md: Copied (new)
2026/07/14 21:47:21 INFO  : qwen25vl_mhc_c3primef4_s0/checkpoint-102/adapter_config.json: Copied (new)
2026/07/14 21:47:22 INFO  : qwen25vl_mhc_zh_d3f4_s0/checkpoint-108/trainer_state.json: Copied (new)
2026/07/14 21:47:22 INFO  : qwen25vl_mhc_c3primef4_s0/checkpoint-102/added_tokens.json: Copied (new)
2026/07/14 21:47:22 INFO  : qwen25vl_mhc_zh_d3f4_s0/checkpoint-108/vocab.json: Copied (new)
2026/07/14 21:47:23 INFO  : qwen25vl_mhc_c3primef4_s0/checkpoint-102/chat_template.json: Copied (new)
2026/07/14 21:47:23 INFO  : qwen25vl_mhc_c3primef4_s0/checkpoint-102/classifier_config.json: Copied (new)
2026/07/14 21:47:25 INFO  : qwen25vl_mhc_c3primef4_s0/checkpoint-102/classifier.bin: Copied (new)
2026/07/14 21:47:25 INFO  : qwen25vl_mhc_c3primef4_s0/checkpoint-102/merges.txt: Copied (new)
2026/07/14 21:47:25 INFO  : qwen25vl_mhc_c3primef4_s0/checkpoint-102/preprocessor_config.json: Copied (new)
2026/07/14 21:47:26 INFO  : qwen25vl_mhc_c3primef4_s0/checkpoint-102/rng_state.pth: Copied (new)
2026/07/14 21:47:27 INFO  : qwen25vl_mhc_c3primef4_s0/checkpoint-102/scheduler.pt: Copied (new)
2026/07/14 21:47:28 INFO  : qwen25vl_mhc_c3primef4_s0/checkpoint-102/special_tokens_map.json: Copied (new)
2026/07/14 21:47:28 INFO  : qwen25vl_mhc_c3primef4_s0/checkpoint-102/tokenizer_config.json: Copied (new)
2026/07/14 21:47:29 INFO  : qwen25vl_mhc_c3primef4_s0/checkpoint-102/trainer_state.json: Copied (new)
2026/07/14 21:47:29 INFO  : qwen25vl_mhc_c3primef4_s0/checkpoint-102/training_args.bin: Copied (new)
2026/07/14 21:47:30 INFO  : qwen25vl_hatemm_c3_s2/checkpoint-138/adapter_model.safetensors: Multi-thread Copied (new)
2026/07/14 21:47:30 INFO  : qwen25vl_mhc_zh_d3f4_s2/checkpoint-108/README.md: Copied (new)
2026/07/14 21:47:30 INFO  : qwen25vl_mhc_zh_d3f4_s2/checkpoint-108/adapter_config.json: Copied (new)
2026/07/14 21:47:31 INFO  : qwen25vl_mhc_c3primef4_s0/checkpoint-102/vocab.json: Copied (new)
2026/07/14 21:47:31 INFO  : qwen25vl_mhc_zh_d3f4_s2/checkpoint-108/added_tokens.json: Copied (new)
2026/07/14 21:47:32 INFO  : qwen25vl_mhc_zh_d3f4_s2/checkpoint-108/chat_template.json: Copied (new)
2026/07/14 21:47:35 INFO  : qwen25vl_mhc_zh_d3f4_s2/checkpoint-108/classifier.bin: Copied (new)
2026/07/14 21:47:35 INFO  : qwen25vl_mhc_zh_d3f4_s2/checkpoint-108/classifier_config.json: Copied (new)
2026/07/14 21:47:38 INFO  : qwen25vl_mhc_zh_d3f4_s2/checkpoint-108/merges.txt: Copied (new)
2026/07/14 21:47:39 INFO  : qwen25vl_mhc_zh_c3repro_s0/checkpoint-20/adapter_model.safetensors: Multi-thread Copied (new)
2026/07/14 21:47:40 INFO  : qwen25vl_mhc_zh_d3f4_s2/checkpoint-108/preprocessor_config.json: Copied (new)
2026/07/14 21:47:41 INFO  : qwen25vl_mhc_zh_d3f4_s2/checkpoint-108/rng_state.pth: Copied (new)
2026/07/14 21:47:42 INFO  : qwen25vl_mhc_zh_d3f4_s2/checkpoint-108/scheduler.pt: Copied (new)
2026/07/14 21:47:42 INFO  : qwen25vl_mhc_zh_d3f4_s2/checkpoint-108/special_tokens_map.json: Copied (new)
2026/07/14 21:47:44 INFO  : qwen25vl_mhc_zh_d3f4_s2/checkpoint-108/tokenizer_config.json: Copied (new)
2026/07/14 21:47:44 INFO  : qwen25vl_mhc_zh_d3f4_s2/checkpoint-108/trainer_state.json: Copied (new)
2026/07/14 21:47:44 INFO  : qwen25vl_mhc_zh_d3f4_s2/checkpoint-108/training_args.bin: Copied (new)
2026/07/14 21:47:47 INFO  : qwen25vl_mhc_zh_d3f4_s2/checkpoint-108/vocab.json: Copied (new)
2026/07/14 21:47:47 INFO  : qwen25vl_mhc_c3_s0/checkpoint-102/README.md: Copied (new)
2026/07/14 21:47:48 INFO  : qwen25vl_mhc_c3_s0/checkpoint-102/adapter_config.json: Copied (new)
2026/07/14 21:47:57 INFO  : qwen25vl_mhc_c3primef4_s0/checkpoint-102/adapter_model.safetensors: Multi-thread Copied (new)
2026/07/14 21:47:58 INFO  : qwen25vl_mhc_c3_s0/checkpoint-102/added_tokens.json: Copied (new)
2026/07/14 21:47:59 INFO  : qwen25vl_mhc_c3_s0/checkpoint-102/chat_template.json: Copied (new)
2026/07/14 21:48:00 INFO  : qwen25vl_mhc_zh_d3_s0/checkpoint-20/adapter_model.safetensors: Multi-thread Copied (new)
2026/07/14 21:48:01 INFO  : qwen25vl_mhc_c3_s0/checkpoint-102/classifier_config.json: Copied (new)
2026/07/14 21:48:02 INFO  : qwen25vl_mhc_c3_s0/checkpoint-102/classifier.bin: Copied (new)
2026/07/14 21:48:02 INFO  : qwen25vl_mhc_c3_s0/checkpoint-102/preprocessor_config.json: Copied (new)
2026/07/14 21:48:03 INFO  : qwen25vl_mhc_c3_s0/checkpoint-102/rng_state.pth: Copied (new)
2026/07/14 21:48:03 INFO  : qwen25vl_mhc_c3_s0/checkpoint-102/merges.txt: Copied (new)
2026/07/14 21:48:03 INFO  : qwen25vl_mhc_c3_s0/checkpoint-102/tokenizer_config.json: Copied (new)
2026/07/14 21:48:04 INFO  : qwen25vl_mhc_c3_s0/checkpoint-102/trainer_state.json: Copied (new)
2026/07/14 21:48:04 INFO  : qwen25vl_mhc_c3_s0/checkpoint-102/special_tokens_map.json: Copied (new)
2026/07/14 21:48:04 INFO  : qwen25vl_mhc_c3_s0/checkpoint-102/training_args.bin: Copied (new)
2026/07/14 21:48:05 INFO  : qwen25vl_hatemm_c3_s1/checkpoint-138/README.md: Copied (new)
2026/07/14 21:48:05 INFO  : qwen25vl_mhc_c3_s0/checkpoint-102/vocab.json: Copied (new)
2026/07/14 21:48:05 INFO  : qwen25vl_hatemm_c3_s1/checkpoint-138/adapter_config.json: Copied (new)
2026/07/14 21:48:05 INFO  : qwen25vl_hatemm_c3_s1/checkpoint-138/added_tokens.json: Copied (new)
2026/07/14 21:48:06 INFO  : qwen25vl_hatemm_c3_s1/checkpoint-138/chat_template.json: Copied (new)
2026/07/14 21:48:09 INFO  : qwen25vl_hatemm_c3_s1/checkpoint-138/classifier.bin: Copied (new)
2026/07/14 21:48:09 INFO  : qwen25vl_mhc_zh_d3f4_s0/checkpoint-108/adapter_model.safetensors: Multi-thread Copied (new)
2026/07/14 21:48:10 INFO  : qwen25vl_hatemm_c3_s1/checkpoint-138/classifier_config.json: Copied (new)
2026/07/14 21:48:10 INFO  : qwen25vl_hatemm_c3_s1/checkpoint-138/preprocessor_config.json: Copied (new)
2026/07/14 21:48:10 INFO  : qwen25vl_hatemm_c3_s1/checkpoint-138/rng_state.pth: Copied (new)
2026/07/14 21:48:10 INFO  : qwen25vl_hatemm_c3_s1/checkpoint-138/special_tokens_map.json: Copied (new)
2026/07/14 21:48:11 INFO  : 
Transferred:   	   40.872 GiB / 82.989 GiB, 49%, 196.349 MiB/s, ETA 3m39s
Checks:                 0 / 0, -, Listed 1051
Transferred:          543 / 978, 56%
Elapsed time:      3m59.9s
Transferring:
 * qwen25vl_mhc_zh_d3f4_s…point-108/optimizer.pt: 98% /2.434Gi, 25.080Mi/s, 1s
 * qwen25vl_mhc_c3primef4…point-102/optimizer.pt: 58% /2.434Gi, 37.317Mi/s, 27s
 * qwen25vl_mhc_zh_d3f4_s…pter_model.safetensors: 76% /1.203Gi, 29.644Mi/s, 9s
 * qwen25vl_mhc_zh_d3f4_s…point-108/optimizer.pt: 44% /2.434Gi, 39.254Mi/s, 35s
 * qwen25vl_mhc_c3_s0/che…pter_model.safetensors: 63% /1.203Gi, 37.827Mi/s, 11s
 * qwen25vl_hatemm_c3_s1/…pter_model.safetensors:  5% /1.203Gi, 15.802Mi/s, 1m14s
 * qwen25vl_hatemm_c3_s1/…ckpoint-138/merges.txt:100% /1.594Mi, 1.594Mi/s, 0s
 * qwen25vl_hatemm_c3_s1/…/tokenizer_config.json:100% /5.666Ki, 0/s, -

2026/07/14 21:48:11 INFO  : qwen25vl_hatemm_c3_s1/checkpoint-138/merges.txt: Copied (new)
2026/07/14 21:48:11 INFO  : qwen25vl_hatemm_c3_s1/checkpoint-138/tokenizer_config.json: Copied (new)
2026/07/14 21:48:11 INFO  : qwen25vl_hatemm_c3_s1/checkpoint-138/training_args.bin: Copied (new)
2026/07/14 21:48:11 INFO  : qwen25vl_hatemm_c3_s1/checkpoint-138/trainer_state.json: Copied (new)
2026/07/14 21:48:12 INFO  : qwen25vl_mhc_zh_d3f4_s0/checkpoint-20/classifier_config.json: Copied (new)
2026/07/14 21:48:13 INFO  : qwen25vl_hatemm_c3_s1/checkpoint-138/vocab.json: Copied (new)
2026/07/14 21:48:13 INFO  : qwen25vl_mhc_zh_d3f4_s0/checkpoint-20/preprocessor_config.json: Copied (new)
2026/07/14 21:48:14 INFO  : qwen25vl_mhc_zh_d3f4_s0/checkpoint-20/merges.txt: Copied (new)
2026/07/14 21:48:14 INFO  : qwen25vl_mhc_zh_d3f4_s0/checkpoint-20/rng_state.pth: Copied (new)
2026/07/14 21:48:15 INFO  : qwen25vl_mhc_zh_d3f4_s0/checkpoint-20/tokenizer_config.json: Copied (new)
2026/07/14 21:48:16 INFO  : qwen25vl_mhc_zh_d3f4_s0/checkpoint-20/special_tokens_map.json: Copied (new)
2026/07/14 21:48:16 INFO  : qwen25vl_mhc_zh_d3f4_s0/checkpoint-20/trainer_state.json: Copied (new)
2026/07/14 21:48:17 INFO  : qwen25vl_mhc_zh_d3f4_s0/checkpoint-20/training_args.bin: Copied (new)
2026/07/14 21:48:17 INFO  : qwen25vl_mhc_d3f4_s0/training_args.bin: Copied (new)
2026/07/14 21:48:18 INFO  : qwen25vl_mhc_zh_d3f4_s0/checkpoint-20/vocab.json: Copied (new)
2026/07/14 21:48:18 INFO  : qwen25vl_mhc_d3f4_s0/training_eval_accuracy.png: Copied (new)
2026/07/14 21:48:18 INFO  : qwen25vl_mhc_d3f4_s0/training_eval_loss.png: Copied (new)
2026/07/14 21:48:18 INFO  : qwen25vl_mhc_zh_d3f4_s1/checkpoint-108/optimizer.pt: Multi-thread Copied (new)
2026/07/14 21:48:18 INFO  : qwen25vl_mhc_d3f4_s2/checkpoint-102/README.md: Copied (new)
2026/07/14 21:48:19 INFO  : qwen25vl_mhc_d3f4_s2/checkpoint-102/adapter_config.json: Copied (new)
2026/07/14 21:48:19 INFO  : qwen25vl_mhc_d3f4_s0/vocab.json: Copied (new)
2026/07/14 21:48:19 INFO  : qwen25vl_mhc_d3f4_s0/training_loss.png: Copied (new)
2026/07/14 21:48:20 INFO  : qwen25vl_mhc_d3f4_s2/checkpoint-102/added_tokens.json: Copied (new)
2026/07/14 21:48:20 INFO  : qwen25vl_mhc_d3f4_s2/checkpoint-102/chat_template.json: Copied (new)
2026/07/14 21:48:20 INFO  : qwen25vl_mhc_d3f4_s2/checkpoint-102/classifier_config.json: Copied (new)
2026/07/14 21:48:21 INFO  : qwen25vl_mhc_zh_d3f4_s2/checkpoint-108/adapter_model.safetensors: Multi-thread Copied (new)
2026/07/14 21:48:23 INFO  : qwen25vl_mhc_d3f4_s2/checkpoint-102/classifier.bin: Copied (new)
2026/07/14 21:48:23 INFO  : qwen25vl_mhc_d3f4_s2/checkpoint-102/merges.txt: Copied (new)
2026/07/14 21:48:23 INFO  : qwen25vl_mhc_zh_d3lam0_s0/README.md: Copied (new)
2026/07/14 21:48:23 INFO  : qwen25vl_mhc_d3f4_s2/checkpoint-102/preprocessor_config.json: Copied (new)
2026/07/14 21:48:23 INFO  : qwen25vl_mhc_d3f4_s2/checkpoint-102/rng_state.pth: Copied (new)
2026/07/14 21:48:24 INFO  : qwen25vl_mhc_zh_d3lam0_s0/adapter_config.json: Copied (new)
2026/07/14 21:48:25 INFO  : qwen25vl_mhc_d3f4_s2/checkpoint-102/scheduler.pt: Copied (new)
2026/07/14 21:48:25 INFO  : qwen25vl_mhc_zh_d3lam0_s0/added_tokens.json: Copied (new)
2026/07/14 21:48:26 INFO  : qwen25vl_mhc_d3f4_s2/checkpoint-102/special_tokens_map.json: Copied (new)
2026/07/14 21:48:26 INFO  : qwen25vl_mhc_c3_s0/checkpoint-102/adapter_model.safetensors: Multi-thread Copied (new)
2026/07/14 21:48:26 INFO  : qwen25vl_mhc_c3_s0/checkpoint-20/README.md: Copied (new)
2026/07/14 21:48:26 INFO  : qwen25vl_mhc_d3f4_s2/checkpoint-102/tokenizer_config.json: Copied (new)
2026/07/14 21:48:27 INFO  : qwen25vl_mhc_c3_s0/checkpoint-20/adapter_config.json: Copied (new)
2026/07/14 21:48:27 INFO  : qwen25vl_mhc_d3f4_s2/checkpoint-102/trainer_state.json: Copied (new)
2026/07/14 21:48:27 INFO  : qwen25vl_mhc_d3f4_s2/checkpoint-102/training_args.bin: Copied (new)
2026/07/14 21:48:29 INFO  : qwen25vl_mhc_d3f4_s2/checkpoint-102/vocab.json: Copied (new)
2026/07/14 21:48:29 INFO  : qwen25vl_mhc_c3_s0/checkpoint-20/added_tokens.json: Copied (new)
2026/07/14 21:48:29 INFO  : qwen25vl_mhc_c3_s0/checkpoint-20/chat_template.json: Copied (new)
2026/07/14 21:48:33 INFO  : qwen25vl_mhc_c3_s0/checkpoint-20/classifier.bin: Copied (new)
2026/07/14 21:48:33 INFO  : qwen25vl_mhc_c3_s0/checkpoint-20/classifier_config.json: Copied (new)
2026/07/14 21:48:35 INFO  : qwen25vl_mhc_c3_s0/checkpoint-20/merges.txt: Copied (new)
2026/07/14 21:48:36 INFO  : qwen25vl_mhc_c3_s0/checkpoint-20/preprocessor_config.json: Copied (new)
2026/07/14 21:48:37 INFO  : qwen25vl_mhc_zh_c3_s1/all_results.json: Copied (new)
2026/07/14 21:48:38 INFO  : qwen25vl_mhc_c3_s0/checkpoint-20/rng_state.pth: Copied (new)
2026/07/14 21:48:39 INFO  : qwen25vl_mhc_c3_s0/checkpoint-20/special_tokens_map.json: Copied (new)
2026/07/14 21:48:39 INFO  : qwen25vl_mhc_c3_s0/checkpoint-20/tokenizer_config.json: Copied (new)
2026/07/14 21:48:39 INFO  : qwen25vl_mhc_c3_s0/checkpoint-20/trainer_state.json: Copied (new)
2026/07/14 21:48:40 INFO  : qwen25vl_mhc_c3_s0/checkpoint-20/training_args.bin: Copied (new)
2026/07/14 21:48:42 INFO  : qwen25vl_mhc_c3_s0/checkpoint-20/vocab.json: Copied (new)
2026/07/14 21:48:42 INFO  : qwen25vl_mhc_zh_c3_s1/chat_template.json: Copied (new)
2026/07/14 21:48:43 INFO  : qwen25vl_hatemm_c3_s1/checkpoint-138/adapter_model.safetensors: Multi-thread Copied (new)
2026/07/14 21:48:43 INFO  : qwen25vl_mhc_zh_c3_s1/classifier_config.json: Copied (new)
2026/07/14 21:48:44 INFO  : qwen25vl_mhc_zh_c3_s1/eval_results.json: Copied (new)
2026/07/14 21:48:45 INFO  : qwen25vl_mhc_zh_c3_s1/merges.txt: Copied (new)
2026/07/14 21:48:46 INFO  : qwen25vl_mhc_c3primef4_s0/checkpoint-102/optimizer.pt: Multi-thread Copied (new)
2026/07/14 21:48:46 INFO  : qwen25vl_mhc_zh_c3_s1/preprocessor_config.json: Copied (new)
2026/07/14 21:48:46 INFO  : qwen25vl_mhc_zh_c3_s1/special_tokens_map.json: Copied (new)
2026/07/14 21:48:46 INFO  : qwen25vl_mhc_zh_c3_s1/tokenizer_config.json: Copied (new)
2026/07/14 21:48:47 INFO  : qwen25vl_mhc_zh_c3_s1/trainer_log.jsonl: Copied (new)
2026/07/14 21:48:47 INFO  : qwen25vl_mhc_zh_c3_s1/trainer_state.json: Copied (new)
2026/07/14 21:48:47 INFO  : qwen25vl_mhc_zh_c3_s1/training_args.bin: Copied (new)
2026/07/14 21:48:47 INFO  : qwen25vl_mhc_zh_c3_s1/train_results.json: Copied (new)
2026/07/14 21:48:48 INFO  : qwen25vl_mhc_zh_c3_s1/training_eval_accuracy.png: Copied (new)
2026/07/14 21:48:48 INFO  : qwen25vl_mhc_zh_c3_s1/training_eval_loss.png: Copied (new)
2026/07/14 21:48:49 INFO  : qwen25vl_mhc_zh_c3_s1/training_loss.png: Copied (new)
2026/07/14 21:48:49 INFO  : qwen25vl_mhc_zh_c3_s1/classifier.bin: Copied (new)
2026/07/14 21:48:49 INFO  : qwen25vl_mhc_zh_d3lam0_s0/chat_template.json: Copied (new)
2026/07/14 21:48:50 INFO  : qwen25vl_mhc_zh_d3lam0_s0/all_results.json: Copied (new)
2026/07/14 21:48:50 INFO  : qwen25vl_mhc_d3f4_s0/checkpoint-102/README.md: Copied (new)
2026/07/14 21:48:50 INFO  : qwen25vl_mhc_zh_d3f4_s2/checkpoint-108/optimizer.pt: Multi-thread Copied (new)
2026/07/14 21:48:50 INFO  : qwen25vl_mhc_d3f4_s0/checkpoint-102/adapter_config.json: Copied (new)
2026/07/14 21:48:51 INFO  : qwen25vl_mhc_zh_c3_s1/vocab.json: Copied (new)
2026/07/14 21:48:51 INFO  : qwen25vl_mhc_zh_d3lam0_s0/classifier_config.json: Copied (new)
2026/07/14 21:48:51 INFO  : qwen25vl_mhc_zh_d3lam0_s0/eval_results.json: Copied (new)
2026/07/14 21:48:51 INFO  : qwen25vl_mhc_zh_d3lam0_s0/preprocessor_config.json: Copied (new)
2026/07/14 21:48:51 INFO  : qwen25vl_mhc_zh_d3lam0_s0/special_tokens_map.json: Copied (new)
2026/07/14 21:48:52 INFO  : qwen25vl_mhc_zh_d3lam0_s0/tokenizer_config.json: Copied (new)
2026/07/14 21:48:52 INFO  : qwen25vl_mhc_zh_d3lam0_s0/merges.txt: Copied (new)
2026/07/14 21:48:52 INFO  : qwen25vl_mhc_zh_d3lam0_s0/trainer_state.json: Copied (new)
2026/07/14 21:48:52 INFO  : qwen25vl_mhc_zh_d3lam0_s0/train_results.json: Copied (new)
2026/07/14 21:48:52 INFO  : qwen25vl_mhc_zh_d3lam0_s0/trainer_log.jsonl: Copied (new)
2026/07/14 21:48:52 INFO  : qwen25vl_mhc_zh_d3lam0_s0/classifier.bin: Copied (new)
2026/07/14 21:48:52 INFO  : qwen25vl_mhc_zh_d3lam0_s0/training_args.bin: Copied (new)
2026/07/14 21:48:53 INFO  : qwen25vl_mhc_zh_d3lam0_s0/training_eval_accuracy.png: Copied (new)
2026/07/14 21:48:53 INFO  : qwen25vl_mhc_zh_d3lam0_s0/training_eval_loss.png: Copied (new)
2026/07/14 21:48:53 INFO  : qwen25vl_mhc_d3f4_s0/checkpoint-102/added_tokens.json: Copied (new)
2026/07/14 21:48:53 INFO  : qwen25vl_mhc_d3f4_s0/checkpoint-102/chat_template.json: Copied (new)
2026/07/14 21:48:54 INFO  : qwen25vl_mhc_d3f4_s0/checkpoint-102/classifier_config.json: Copied (new)
2026/07/14 21:48:54 INFO  : qwen25vl_mhc_zh_d3lam0_s0/training_loss.png: Copied (new)
2026/07/14 21:48:56 INFO  : qwen25vl_mhc_d3f4_s0/checkpoint-102/classifier.bin: Copied (new)
2026/07/14 21:48:56 INFO  : qwen25vl_mhc_d3f4_s0/checkpoint-102/merges.txt: Copied (new)
2026/07/14 21:48:56 INFO  : qwen25vl_mhc_d3f4_s0/checkpoint-102/rng_state.pth: Copied (new)
2026/07/14 21:48:57 INFO  : qwen25vl_mhc_d3f4_s0/checkpoint-102/special_tokens_map.json: Copied (new)
2026/07/14 21:48:57 INFO  : qwen25vl_mhc_zh_d3lam0_s0/vocab.json: Copied (new)
2026/07/14 21:48:57 INFO  : qwen25vl_mhc_d3f4_s0/checkpoint-102/preprocessor_config.json: Copied (new)
2026/07/14 21:48:57 INFO  : qwen25vl_mhc_d3f4_s0/checkpoint-102/trainer_state.json: Copied (new)
2026/07/14 21:48:58 INFO  : qwen25vl_mhc_d3f4_s0/checkpoint-102/tokenizer_config.json: Copied (new)
2026/07/14 21:48:58 INFO  : qwen25vl_mhc_d3f4_s0/checkpoint-102/training_args.bin: Copied (new)
2026/07/14 21:48:58 INFO  : qwen25vl_mhc_zh_c3primef4_s0/checkpoint-108/README.md: Copied (new)
2026/07/14 21:48:59 INFO  : qwen25vl_mhc_zh_c3primef4_s0/checkpoint-108/adapter_config.json: Copied (new)
2026/07/14 21:48:59 INFO  : qwen25vl_mhc_zh_c3primef4_s0/checkpoint-108/added_tokens.json: Copied (new)
2026/07/14 21:48:59 INFO  : qwen25vl_mhc_zh_c3primef4_s0/checkpoint-108/chat_template.json: Copied (new)
2026/07/14 21:49:00 INFO  : qwen25vl_mhc_d3f4_s0/checkpoint-102/vocab.json: Copied (new)
2026/07/14 21:49:00 INFO  : qwen25vl_mhc_zh_c3primef4_s0/checkpoint-108/classifier_config.json: Copied (new)
2026/07/14 21:49:00 INFO  : qwen25vl_mhc_d3f4_s2/checkpoint-102/adapter_model.safetensors: Multi-thread Copied (new)
2026/07/14 21:49:01 INFO  : qwen25vl_mhc_zh_c3primef4_s0/checkpoint-108/preprocessor_config.json: Copied (new)
2026/07/14 21:49:01 INFO  : qwen25vl_mhc_zh_c3primef4_s0/checkpoint-108/rng_state.pth: Copied (new)
2026/07/14 21:49:01 INFO  : qwen25vl_mhc_zh_c3primef4_s0/checkpoint-108/special_tokens_map.json: Copied (new)
2026/07/14 21:49:02 INFO  : qwen25vl_mhc_zh_c3primef4_s0/checkpoint-108/tokenizer_config.json: Copied (new)
2026/07/14 21:49:02 INFO  : qwen25vl_mhc_zh_c3primef4_s0/checkpoint-108/trainer_state.json: Copied (new)
2026/07/14 21:49:02 INFO  : qwen25vl_mhc_zh_c3primef4_s0/checkpoint-108/classifier.bin: Copied (new)
2026/07/14 21:49:02 INFO  : qwen25vl_mhc_zh_c3primef4_s0/checkpoint-108/training_args.bin: Copied (new)
2026/07/14 21:49:03 INFO  : qwen25vl_mhc_zh_c3_s0/checkpoint-108/README.md: Copied (new)
2026/07/14 21:49:03 INFO  : qwen25vl_mhc_zh_c3primef4_s0/checkpoint-108/merges.txt: Copied (new)
2026/07/14 21:49:03 INFO  : qwen25vl_mhc_zh_c3_s0/checkpoint-108/adapter_config.json: Copied (new)
2026/07/14 21:49:04 INFO  : qwen25vl_mhc_zh_c3_s0/checkpoint-108/added_tokens.json: Copied (new)
2026/07/14 21:49:04 INFO  : qwen25vl_mhc_zh_c3_s0/checkpoint-108/chat_template.json: Copied (new)
2026/07/14 21:49:04 INFO  : qwen25vl_mhc_zh_c3primef4_s0/checkpoint-108/vocab.json: Copied (new)
2026/07/14 21:49:05 INFO  : qwen25vl_mhc_zh_c3_s0/checkpoint-108/classifier_config.json: Copied (new)
2026/07/14 21:49:07 INFO  : qwen25vl_mhc_zh_c3_s0/checkpoint-108/merges.txt: Copied (new)
2026/07/14 21:49:07 INFO  : qwen25vl_mhc_zh_c3_s0/checkpoint-108/preprocessor_config.json: Copied (new)
2026/07/14 21:49:07 INFO  : qwen25vl_mhc_zh_c3_s0/checkpoint-108/classifier.bin: Copied (new)
2026/07/14 21:49:08 INFO  : qwen25vl_mhc_zh_c3_s0/checkpoint-108/rng_state.pth: Copied (new)
2026/07/14 21:49:08 INFO  : qwen25vl_mhc_zh_c3_s0/checkpoint-108/special_tokens_map.json: Copied (new)
2026/07/14 21:49:08 INFO  : qwen25vl_mhc_zh_c3_s0/checkpoint-108/tokenizer_config.json: Copied (new)
2026/07/14 21:49:08 INFO  : qwen25vl_mhc_zh_c3_s0/checkpoint-108/trainer_state.json: Copied (new)
2026/07/14 21:49:09 INFO  : qwen25vl_mhc_zh_c3_s0/checkpoint-108/training_args.bin: Copied (new)
2026/07/14 21:49:10 INFO  : predict/qwen25vl_mhc_d3f4_s1_test/all_results.json: Copied (new)
2026/07/14 21:49:10 INFO  : predict/qwen25vl_mhc_d3f4_s1_test/eval_results.json: Copied (new)
2026/07/14 21:49:10 INFO  : qwen25vl_mhc_zh_c3_s0/checkpoint-108/vocab.json: Copied (new)
2026/07/14 21:49:10 INFO  : predict/qwen25vl_mhc_d3f4_s1_test/trainer_log.jsonl: Copied (new)
2026/07/14 21:49:11 INFO  : predict/qwen25vl_mhc_c3primef4_s2_test/eval_results.json: Copied (new)
2026/07/14 21:49:11 INFO  : predict/qwen25vl_mhc_c3primef4_s2_test/all_results.json: Copied (new)
2026/07/14 21:49:11 INFO  : 
Transferred:   	   52.012 GiB / 82.989 GiB, 63%, 178.456 MiB/s, ETA 2m57s
Checks:                 0 / 0, -, Listed 1051
Transferred:          682 / 978, 70%
Elapsed time:      4m59.9s
Transferring:
 * qwen25vl_mhc_d3f4_s2/c…point-102/optimizer.pt: 75% /2.434Gi, 43.182Mi/s, 13s
 * qwen25vl_mhc_zh_d3lam0…pter_model.safetensors:100% /1.203Gi, 16.862Mi/s, 0s
 * qwen25vl_mhc_c3_s0/che…pter_model.safetensors: 97% /1.203Gi, 26.292Mi/s, 1s
 * qwen25vl_mhc_d3f4_s0/c…pter_model.safetensors: 55% /1.203Gi, 42.250Mi/s, 12s
 * qwen25vl_mhc_zh_c3prim…pter_model.safetensors: 34% /1.203Gi, 39.712Mi/s, 20s
 * qwen25vl_mhc_zh_c3_s0/…pter_model.safetensors: 18% /1.203Gi, 34.106Mi/s, 29s
 * predict/qwen25vl_mhc_c…test/trainer_log.jsonl:100% /1.064Ki, 0/s, -
 * predict/qwen25vl_mhc_d…_test/all_results.json:100% /428, 0/s, -

2026/07/14 21:49:11 INFO  : predict/qwen25vl_mhc_d3f4_s0_test/all_results.json: Copied (new)
2026/07/14 21:49:12 INFO  : predict/qwen25vl_mhc_c3primef4_s2_test/trainer_log.jsonl: Copied (new)
2026/07/14 21:49:12 INFO  : predict/qwen25vl_mhc_d3f4_s0_test/eval_results.json: Copied (new)
2026/07/14 21:49:12 INFO  : predict/qwen25vl_mhc_d3f4_s0_test/trainer_log.jsonl: Copied (new)
2026/07/14 21:49:13 INFO  : predict/qwen25vl_mhc_d3f4_s2_test/all_results.json: Copied (new)
2026/07/14 21:49:13 INFO  : predict/qwen25vl_mhc_d3f4_s2_test/eval_results.json: Copied (new)
2026/07/14 21:49:13 INFO  : predict/qwen25vl_mhc_s0_test/all_results.json: Copied (new)
2026/07/14 21:49:13 INFO  : predict/qwen25vl_mhc_d3f4_s2_test/trainer_log.jsonl: Copied (new)
2026/07/14 21:49:13 INFO  : predict/qwen25vl_mhc_s0_test/eval_results.json: Copied (new)
2026/07/14 21:49:13 INFO  : qwen25vl_mhc_zh_d3lam0_s0/adapter_model.safetensors: Multi-thread Copied (new)
2026/07/14 21:49:14 INFO  : predict/qwen25vl_mhc_s0_test/trainer_log.jsonl: Copied (new)
2026/07/14 21:49:14 INFO  : predict/qwen25vl_hatemm_s1_test/eval_results.json: Copied (new)
2026/07/14 21:49:14 INFO  : predict/qwen25vl_hatemm_s1_test/all_results.json: Copied (new)
2026/07/14 21:49:14 INFO  : predict/qwen25vl_mhc_zh_c3primef4_s0_test/all_results.json: Copied (new)
2026/07/14 21:49:14 INFO  : predict/qwen25vl_hatemm_s1_test/trainer_log.jsonl: Copied (new)
2026/07/14 21:49:14 INFO  : predict/qwen25vl_mhc_zh_c3primef4_s0_test/trainer_log.jsonl: Copied (new)
2026/07/14 21:49:14 INFO  : predict/qwen25vl_mhc_zh_c3primef4_s0_test/eval_results.json: Copied (new)
2026/07/14 21:49:14 INFO  : predict/qwen25vl_hatemm_s0_test/all_results.json: Copied (new)
2026/07/14 21:49:15 INFO  : predict/qwen25vl_hatemm_s0_test/eval_results.json: Copied (new)
2026/07/14 21:49:15 INFO  : predict/qwen25vl_hatemm_s0_test/trainer_log.jsonl: Copied (new)
2026/07/14 21:49:15 INFO  : predict/qwen25vl_mhc_zh_c3primef4_s1_test/trainer_log.jsonl: Copied (new)
2026/07/14 21:49:15 INFO  : predict/qwen25vl_mhc_zh_c3primef4_s1_test/all_results.json: Copied (new)
2026/07/14 21:49:15 INFO  : qwen25vl_mhc_c3_s0/checkpoint-20/adapter_model.safetensors: Multi-thread Copied (new)
2026/07/14 21:49:15 INFO  : qwen25vl_mhc_c3_s1/README.md: Copied (new)
2026/07/14 21:49:16 INFO  : predict/qwen25vl_mhc_zh_d3f4_s0_test/all_results.json: Copied (new)
2026/07/14 21:49:16 INFO  : predict/qwen25vl_mhc_zh_c3primef4_s1_test/eval_results.json: Copied (new)
2026/07/14 21:49:16 INFO  : predict/qwen25vl_mhc_zh_d3f4_s0_test/trainer_log.jsonl: Copied (new)
2026/07/14 21:49:16 INFO  : qwen25vl_mhc_c3_s1/adapter_config.json: Copied (new)
2026/07/14 21:49:16 INFO  : predict/qwen25vl_mhc_zh_d3f4_s0_test/eval_results.json: Copied (new)
2026/07/14 21:49:17 INFO  : qwen25vl_mhc_c3_s1/added_tokens.json: Copied (new)
2026/07/14 21:49:17 INFO  : qwen25vl_mhc_c3_s1/chat_template.json: Copied (new)
2026/07/14 21:49:17 INFO  : qwen25vl_mhc_c3_s1/all_results.json: Copied (new)
2026/07/14 21:49:17 INFO  : predict/qwen25vl_mhc_zh_d3f4_s1_test/all_results.json: Copied (new)
2026/07/14 21:49:17 INFO  : predict/qwen25vl_mhc_zh_d3f4_s1_test/eval_results.json: Copied (new)
2026/07/14 21:49:17 INFO  : qwen25vl_mhc_c3_s1/classifier_config.json: Copied (new)
2026/07/14 21:49:18 INFO  : predict/qwen25vl_mhc_zh_d3f4_s1_test/trainer_log.jsonl: Copied (new)
2026/07/14 21:49:18 INFO  : predict/qwen25vl_mhc_zh_c3primef4_s2_test/all_results.json: Copied (new)
2026/07/14 21:49:18 INFO  : predict/qwen25vl_mhc_zh_c3primef4_s2_test/eval_results.json: Copied (new)
2026/07/14 21:49:19 INFO  : qwen25vl_mhc_c3_s1/eval_results.json: Copied (new)
2026/07/14 21:49:19 INFO  : predict/qwen25vl_mhc_zh_c3primef4_s2_test/trainer_log.jsonl: Copied (new)
2026/07/14 21:49:20 INFO  : qwen25vl_mhc_c3_s1/preprocessor_config.json: Copied (new)
2026/07/14 21:49:20 INFO  : qwen25vl_mhc_c3_s1/classifier.bin: Copied (new)
2026/07/14 21:49:20 INFO  : qwen25vl_mhc_c3_s1/special_tokens_map.json: Copied (new)
2026/07/14 21:49:20 INFO  : qwen25vl_mhc_c3_s1/merges.txt: Copied (new)
2026/07/14 21:49:20 INFO  : qwen25vl_mhc_c3_s1/tokenizer_config.json: Copied (new)
2026/07/14 21:49:21 INFO  : qwen25vl_mhc_c3_s1/trainer_log.jsonl: Copied (new)
2026/07/14 21:49:21 INFO  : qwen25vl_mhc_c3_s1/train_results.json: Copied (new)
2026/07/14 21:49:21 INFO  : qwen25vl_mhc_c3_s1/trainer_state.json: Copied (new)
2026/07/14 21:49:22 INFO  : qwen25vl_mhc_c3_s1/training_eval_loss.png: Copied (new)
2026/07/14 21:49:22 INFO  : qwen25vl_mhc_c3_s1/training_args.bin: Copied (new)
2026/07/14 21:49:22 INFO  : qwen25vl_mhc_c3_s1/training_eval_accuracy.png: Copied (new)
2026/07/14 21:49:22 INFO  : predict/qwen25vl_mhc_zh_s0_test/all_results.json: Copied (new)
2026/07/14 21:49:23 INFO  : predict/qwen25vl_mhc_zh_d3f4_s2_test/all_results.json: Copied (new)
2026/07/14 21:49:23 INFO  : qwen25vl_mhc_c3_s1/training_loss.png: Copied (new)
2026/07/14 21:49:23 INFO  : predict/qwen25vl_mhc_zh_s0_valsmoke/all_results.json: Copied (new)
2026/07/14 21:49:23 INFO  : predict/qwen25vl_mhc_zh_s0_valsmoke/eval_results.json: Copied (new)
2026/07/14 21:49:24 INFO  : predict/qwen25vl_mhc_zh_s1_test/all_results.json: Copied (new)
2026/07/14 21:49:24 INFO  : predict/qwen25vl_mhc_zh_s0_valsmoke/trainer_log.jsonl: Copied (new)
2026/07/14 21:49:24 INFO  : predict/qwen25vl_mhc_zh_s1_test/trainer_log.jsonl: Copied (new)
2026/07/14 21:49:24 INFO  : predict/qwen25vl_mhc_zh_s1_test/eval_results.json: Copied (new)
2026/07/14 21:49:25 INFO  : qwen25vl_mhc_c3_s1/vocab.json: Copied (new)
2026/07/14 21:49:25 INFO  : qwen25vl_mhc_zh_c3primef4_s2/checkpoint-108/README.md: Copied (new)
2026/07/14 21:49:25 INFO  : predict/qwen25vl_mhc_zh_d3f4_s2_test/eval_results.json: Copied (new)
2026/07/14 21:49:25 INFO  : qwen25vl_mhc_zh_c3primef4_s2/checkpoint-108/adapter_config.json: Copied (new)
2026/07/14 21:49:25 INFO  : predict/qwen25vl_mhc_zh_d3f4_s2_test/trainer_log.jsonl: Copied (new)
2026/07/14 21:49:25 INFO  : qwen25vl_mhc_zh_c3primef4_s2/checkpoint-108/chat_template.json: Copied (new)
2026/07/14 21:49:25 INFO  : qwen25vl_mhc_zh_c3primef4_s2/checkpoint-108/added_tokens.json: Copied (new)
2026/07/14 21:49:26 INFO  : qwen25vl_mhc_zh_c3primef4_s2/checkpoint-108/classifier_config.json: Copied (new)
2026/07/14 21:49:28 INFO  : qwen25vl_mhc_zh_c3primef4_s2/checkpoint-108/classifier.bin: Copied (new)
2026/07/14 21:49:29 INFO  : qwen25vl_mhc_zh_c3primef4_s2/checkpoint-108/merges.txt: Copied (new)
2026/07/14 21:49:30 INFO  : qwen25vl_mhc_zh_c3primef4_s2/checkpoint-108/preprocessor_config.json: Copied (new)
2026/07/14 21:49:30 INFO  : qwen25vl_mhc_d3f4_s0/checkpoint-102/adapter_model.safetensors: Multi-thread Copied (new)
2026/07/14 21:49:30 INFO  : qwen25vl_mhc_d3f4_s2/checkpoint-102/optimizer.pt: Multi-thread Copied (new)
2026/07/14 21:49:31 INFO  : qwen25vl_mhc_zh_c3primef4_s2/checkpoint-108/rng_state.pth: Copied (new)
2026/07/14 21:49:31 INFO  : qwen25vl_mhc_zh_c3primef4_s2/checkpoint-108/special_tokens_map.json: Copied (new)
2026/07/14 21:49:31 INFO  : qwen25vl_mhc_zh_c3primef4_s2/checkpoint-108/scheduler.pt: Copied (new)
2026/07/14 21:49:31 INFO  : qwen25vl_mhc_zh_c3primef4_s2/checkpoint-108/training_args.bin: Copied (new)
2026/07/14 21:49:31 INFO  : qwen25vl_mhc_zh_c3primef4_s2/checkpoint-108/trainer_state.json: Copied (new)
2026/07/14 21:49:31 INFO  : predict/qwen25vl_mhc_zh_s0_test/eval_results.json: Copied (new)
2026/07/14 21:49:31 INFO  : qwen25vl_mhc_zh_c3primef4_s2/checkpoint-108/tokenizer_config.json: Copied (new)
2026/07/14 21:49:31 INFO  : predict/qwen25vl_mhc_zh_s0_test/trainer_log.jsonl: Copied (new)
2026/07/14 21:49:32 INFO  : qwen25vl_mhc_d3f4_s1/adapter_config.json: Copied (new)
2026/07/14 21:49:32 INFO  : qwen25vl_mhc_d3f4_s1/README.md: Copied (new)
2026/07/14 21:49:33 INFO  : qwen25vl_mhc_d3f4_s1/added_tokens.json: Copied (new)
2026/07/14 21:49:33 INFO  : qwen25vl_mhc_d3f4_s1/all_results.json: Copied (new)
2026/07/14 21:49:33 INFO  : qwen25vl_mhc_zh_c3primef4_s2/checkpoint-108/vocab.json: Copied (new)
2026/07/14 21:49:33 INFO  : predict/qwen25vl_mhc_c3primef4_s0_test/all_results.json: Copied (new)
2026/07/14 21:49:34 INFO  : predict/qwen25vl_mhc_c3primef4_s0_test/eval_results.json: Copied (new)
2026/07/14 21:49:34 INFO  : qwen25vl_mhc_d3f4_s1/chat_template.json: Copied (new)
2026/07/14 21:49:34 INFO  : predict/qwen25vl_mhc_c3primef4_s0_test/trainer_log.jsonl: Copied (new)
2026/07/14 21:49:34 INFO  : qwen25vl_mhc_zh_c3primef4_s0/checkpoint-108/adapter_model.safetensors: Multi-thread Copied (new)
2026/07/14 21:49:35 INFO  : qwen25vl_mhc_d3f4_s1/classifier_config.json: Copied (new)
2026/07/14 21:49:35 INFO  : qwen25vl_mhc_d3f4_s1/eval_results.json: Copied (new)
2026/07/14 21:49:35 INFO  : qwen25vl_mhc_d3f4_s1/preprocessor_config.json: Copied (new)
2026/07/14 21:49:36 INFO  : qwen25vl_mhc_d3f4_s1/special_tokens_map.json: Copied (new)
2026/07/14 21:49:37 INFO  : qwen25vl_mhc_d3f4_s1/tokenizer_config.json: Copied (new)
2026/07/14 21:49:37 INFO  : qwen25vl_mhc_d3f4_s1/train_results.json: Copied (new)
2026/07/14 21:49:37 INFO  : qwen25vl_mhc_d3f4_s1/trainer_log.jsonl: Copied (new)
2026/07/14 21:49:38 INFO  : qwen25vl_mhc_d3f4_s1/trainer_state.json: Copied (new)
2026/07/14 21:49:38 INFO  : qwen25vl_mhc_d3f4_s1/training_args.bin: Copied (new)
2026/07/14 21:49:39 INFO  : qwen25vl_mhc_d3f4_s1/training_eval_accuracy.png: Copied (new)
2026/07/14 21:49:39 INFO  : qwen25vl_mhc_zh_c3_s0/checkpoint-108/adapter_model.safetensors: Multi-thread Copied (new)
2026/07/14 21:49:40 INFO  : qwen25vl_mhc_d3f4_s1/training_loss.png: Copied (new)
2026/07/14 21:49:40 INFO  : qwen25vl_mhc_d3f4_s1/training_eval_loss.png: Copied (new)
2026/07/14 21:49:40 INFO  : qwen25vl_mhc_c3primef4_s1/checkpoint-102/README.md: Copied (new)
2026/07/14 21:49:41 INFO  : qwen25vl_mhc_c3primef4_s1/checkpoint-102/adapter_config.json: Copied (new)
2026/07/14 21:49:41 INFO  : qwen25vl_mhc_d3f4_s1/classifier.bin: Copied (new)
2026/07/14 21:49:41 INFO  : qwen25vl_mhc_c3primef4_s1/checkpoint-102/added_tokens.json: Copied (new)
2026/07/14 21:49:43 INFO  : qwen25vl_mhc_c3primef4_s1/checkpoint-102/chat_template.json: Copied (new)
2026/07/14 21:49:43 INFO  : qwen25vl_mhc_d3f4_s1/merges.txt: Copied (new)
2026/07/14 21:49:44 INFO  : qwen25vl_mhc_c3primef4_s1/checkpoint-102/classifier_config.json: Copied (new)
2026/07/14 21:49:47 INFO  : qwen25vl_mhc_d3f4_s1/vocab.json: Copied (new)
2026/07/14 21:49:47 INFO  : qwen25vl_mhc_c3primef4_s1/checkpoint-102/classifier.bin: Copied (new)
2026/07/14 21:49:48 INFO  : qwen25vl_mhc_c3primef4_s1/checkpoint-102/preprocessor_config.json: Copied (new)
2026/07/14 21:49:48 INFO  : qwen25vl_mhc_c3primef4_s1/checkpoint-102/rng_state.pth: Copied (new)
2026/07/14 21:49:49 INFO  : qwen25vl_mhc_c3primef4_s1/checkpoint-102/merges.txt: Copied (new)
2026/07/14 21:49:49 INFO  : qwen25vl_mhc_c3primef4_s1/checkpoint-102/scheduler.pt: Copied (new)
2026/07/14 21:49:49 INFO  : qwen25vl_mhc_c3primef4_s1/checkpoint-102/special_tokens_map.json: Copied (new)
2026/07/14 21:49:49 INFO  : qwen25vl_mhc_c3primef4_s1/checkpoint-102/tokenizer_config.json: Copied (new)
2026/07/14 21:49:50 INFO  : qwen25vl_mhc_c3primef4_s1/checkpoint-102/trainer_state.json: Copied (new)
2026/07/14 21:49:50 INFO  : qwen25vl_mhc_c3primef4_s1/checkpoint-102/training_args.bin: Copied (new)
2026/07/14 21:49:51 INFO  : predict/qwen25vl_mhc_c3primef4_s1_test/all_results.json: Copied (new)
2026/07/14 21:49:51 INFO  : predict/qwen25vl_mhc_zh_s2_test/all_results.json: Copied (new)
2026/07/14 21:49:52 INFO  : predict/qwen25vl_mhc_zh_s2_test/eval_results.json: Copied (new)
2026/07/14 21:49:52 INFO  : predict/qwen25vl_mhc_zh_s2_test/trainer_log.jsonl: Copied (new)
2026/07/14 21:49:53 INFO  : predict/qwen25vl_mhc_c3primef4_s1_test/eval_results.json: Copied (new)
2026/07/14 21:49:53 INFO  : qwen25vl_mhc_c3primef4_s1/checkpoint-102/vocab.json: Copied (new)
2026/07/14 21:49:53 INFO  : predict/qwen25vl_mhc_c3primef4_s1_test/trainer_log.jsonl: Copied (new)
2026/07/14 21:49:53 INFO  : qwen25vl_mhc_c3_s1/checkpoint-102/README.md: Copied (new)
2026/07/14 21:49:54 INFO  : qwen25vl_mhc_c3_s1/checkpoint-102/adapter_config.json: Copied (new)
2026/07/14 21:49:54 INFO  : predict/qwen25vl_hatemm_s2_test/all_results.json: Copied (new)
2026/07/14 21:49:54 INFO  : predict/qwen25vl_hatemm_s2_test/eval_results.json: Copied (new)
2026/07/14 21:49:55 INFO  : qwen25vl_mhc_zh_d3lam0_s0/checkpoint-20/README.md: Copied (new)
2026/07/14 21:49:55 INFO  : qwen25vl_mhc_c3_s1/checkpoint-102/added_tokens.json: Copied (new)
2026/07/14 21:49:56 INFO  : predict/qwen25vl_hatemm_s2_test/trainer_log.jsonl: Copied (new)
2026/07/14 21:49:57 INFO  : qwen25vl_mhc_zh_d3lam0_s0/checkpoint-20/adapter_config.json: Copied (new)
2026/07/14 21:49:57 INFO  : qwen25vl_mhc_c3_s1/checkpoint-102/chat_template.json: Copied (new)
2026/07/14 21:50:07 INFO  : qwen25vl_mhc_zh_c3primef4_s2/checkpoint-108/adapter_model.safetensors: Multi-thread Copied (new)
2026/07/14 21:50:07 INFO  : qwen25vl_mhc_d3f4_s1/adapter_model.safetensors: Multi-thread Copied (new)
2026/07/14 21:50:08 INFO  : qwen25vl_mhc_zh_d3lam0_s0/checkpoint-20/added_tokens.json: Copied (new)
2026/07/14 21:50:09 INFO  : qwen25vl_mhc_c3_s1/checkpoint-102/classifier_config.json: Copied (new)
2026/07/14 21:50:10 INFO  : qwen25vl_mhc_zh_d3lam0_s0/checkpoint-20/chat_template.json: Copied (new)
2026/07/14 21:50:10 INFO  : qwen25vl_mhc_c3_s1/checkpoint-102/classifier.bin: Copied (new)
2026/07/14 21:50:11 INFO  : 
Transferred:   	   62.658 GiB / 82.989 GiB, 76%, 202.379 MiB/s, ETA 1m42s
Checks:                 0 / 0, -, Listed 1051
Transferred:          825 / 978, 84%
Elapsed time:       6m0.0s
Transferring:
 *  qwen25vl_mhc_c3_s1/adapter_model.safetensors: 98% /1.203Gi, 14.487Mi/s, 1s
 * qwen25vl_mhc_zh_c3prim…point-108/optimizer.pt: 56% /2.434Gi, 36.732Mi/s, 29s
 * qwen25vl_mhc_c3primef4…pter_model.safetensors: 81% /1.203Gi, 36.818Mi/s, 6s
 * qwen25vl_mhc_c3primef4…point-102/optimizer.pt: 33% /2.434Gi, 41.666Mi/s, 39s
 * qwen25vl_mhc_c3_s1/che…pter_model.safetensors: 50% /1.203Gi, 42.777Mi/s, 14s
 * qwen25vl_mhc_zh_d3lam0…pter_model.safetensors: 23% /1.203Gi, 24.375Mi/s, 38s
 * qwen25vl_mhc_zh_c3_s1/…eckpoint-108/README.md:100% /4.981Ki, 0/s, -
 * qwen25vl_mhc_zh_d3lam0…oint-20/classifier.bin: 16% /14.010Mi, 0/s, -

2026/07/14 21:50:11 INFO  : qwen25vl_mhc_zh_c3_s1/checkpoint-108/README.md: Copied (new)
2026/07/14 21:50:13 INFO  : qwen25vl_mhc_c3_s1/checkpoint-102/merges.txt: Copied (new)
2026/07/14 21:50:14 INFO  : qwen25vl_mhc_zh_c3_s1/checkpoint-108/adapter_config.json: Copied (new)
2026/07/14 21:50:14 INFO  : qwen25vl_mhc_zh_d3lam0_s0/checkpoint-20/classifier.bin: Copied (new)
2026/07/14 21:50:14 INFO  : qwen25vl_mhc_c3_s1/checkpoint-102/preprocessor_config.json: Copied (new)
2026/07/14 21:50:15 INFO  : qwen25vl_mhc_zh_d3lam0_s0/checkpoint-20/classifier_config.json: Copied (new)
2026/07/14 21:50:17 INFO  : qwen25vl_mhc_zh_d3lam0_s0/checkpoint-20/merges.txt: Copied (new)
2026/07/14 21:50:18 INFO  : qwen25vl_mhc_c3_s1/checkpoint-102/rng_state.pth: Copied (new)
2026/07/14 21:50:18 INFO  : qwen25vl_mhc_zh_c3_s1/checkpoint-108/added_tokens.json: Copied (new)
2026/07/14 21:50:19 INFO  : qwen25vl_mhc_zh_d3lam0_s0/checkpoint-20/preprocessor_config.json: Copied (new)
2026/07/14 21:50:19 INFO  : qwen25vl_mhc_c3_s1/checkpoint-102/special_tokens_map.json: Copied (new)
2026/07/14 21:50:19 INFO  : qwen25vl_mhc_zh_d3lam0_s0/checkpoint-20/rng_state.pth: Copied (new)
2026/07/14 21:50:20 INFO  : qwen25vl_mhc_c3_s1/checkpoint-102/tokenizer_config.json: Copied (new)
2026/07/14 21:50:20 INFO  : qwen25vl_mhc_c3_s1/checkpoint-102/trainer_state.json: Copied (new)
2026/07/14 21:50:21 INFO  : qwen25vl_mhc_c3_s1/checkpoint-102/training_args.bin: Copied (new)
2026/07/14 21:50:23 INFO  : qwen25vl_mhc_c3_s1/checkpoint-102/vocab.json: Copied (new)
2026/07/14 21:50:23 INFO  : qwen25vl_mhc_zh_d3lam0_s0/checkpoint-20/special_tokens_map.json: Copied (new)
2026/07/14 21:50:24 INFO  : qwen25vl_mhc_zh_d3lam0_s0/checkpoint-20/tokenizer_config.json: Copied (new)
2026/07/14 21:50:25 INFO  : qwen25vl_mhc_zh_d3lam0_s0/checkpoint-20/trainer_state.json: Copied (new)
2026/07/14 21:50:25 INFO  : qwen25vl_mhc_zh_d3lam0_s0/checkpoint-20/training_args.bin: Copied (new)
2026/07/14 21:50:26 INFO  : qwen25vl_mhc_zh_d3lam0_s0/checkpoint-20/vocab.json: Copied (new)
2026/07/14 21:50:27 INFO  : qwen25vl_mhc_zh_c3_s1/checkpoint-108/chat_template.json: Copied (new)
2026/07/14 21:50:28 INFO  : qwen25vl_mhc_c3_s1/adapter_model.safetensors: Multi-thread Copied (new)
2026/07/14 21:50:28 INFO  : qwen25vl_mhc_zh_c3_s1/checkpoint-108/classifier_config.json: Copied (new)
2026/07/14 21:50:30 INFO  : qwen25vl_mhc_c3_s1/checkpoint-102/adapter_model.safetensors: Multi-thread Copied (new)
2026/07/14 21:50:30 INFO  : qwen25vl_mhc_zh_c3_s1/checkpoint-108/merges.txt: Copied (new)
2026/07/14 21:50:30 INFO  : qwen25vl_mhc_zh_c3_s1/checkpoint-108/classifier.bin: Copied (new)
2026/07/14 21:50:30 INFO  : qwen25vl_mhc_zh_c3_s1/checkpoint-108/preprocessor_config.json: Copied (new)
2026/07/14 21:50:30 INFO  : qwen25vl_mhc_zh_c3_s1/checkpoint-108/rng_state.pth: Copied (new)
2026/07/14 21:50:31 INFO  : qwen25vl_mhc_zh_c3_s1/checkpoint-108/special_tokens_map.json: Copied (new)
2026/07/14 21:50:31 INFO  : qwen25vl_mhc_c3primef4_s1/checkpoint-102/adapter_model.safetensors: Multi-thread Copied (new)
2026/07/14 21:50:31 INFO  : qwen25vl_mhc_zh_c3_s1/checkpoint-108/trainer_state.json: Copied (new)
2026/07/14 21:50:31 INFO  : predict/qwen25vl_mhc_s1_test/all_results.json: Copied (new)
2026/07/14 21:50:31 INFO  : predict/qwen25vl_mhc_s1_test/trainer_log.jsonl: Copied (new)
2026/07/14 21:50:32 INFO  : predict/qwen25vl_mhc_s1_test/eval_results.json: Copied (new)
2026/07/14 21:50:32 INFO  : qwen25vl_mhc_zh_c3_s1/checkpoint-108/tokenizer_config.json: Copied (new)
2026/07/14 21:50:32 INFO  : qwen25vl_mhc_d3f4_s1/checkpoint-102/README.md: Copied (new)
2026/07/14 21:50:32 INFO  : qwen25vl_mhc_d3f4_s1/checkpoint-102/adapter_config.json: Copied (new)
2026/07/14 21:50:32 INFO  : qwen25vl_mhc_zh_c3_s1/checkpoint-108/training_args.bin: Copied (new)
2026/07/14 21:50:32 INFO  : qwen25vl_mhc_d3f4_s1/checkpoint-102/chat_template.json: Copied (new)
2026/07/14 21:50:32 INFO  : qwen25vl_mhc_zh_c3_s1/checkpoint-108/vocab.json: Copied (new)
2026/07/14 21:50:33 INFO  : qwen25vl_mhc_d3f4_s1/checkpoint-102/classifier_config.json: Copied (new)
2026/07/14 21:50:33 INFO  : qwen25vl_mhc_d3f4_s1/checkpoint-102/added_tokens.json: Copied (new)
2026/07/14 21:50:34 INFO  : qwen25vl_mhc_d3f4_s1/checkpoint-102/merges.txt: Copied (new)
2026/07/14 21:50:34 INFO  : qwen25vl_mhc_d3f4_s1/checkpoint-102/preprocessor_config.json: Copied (new)
2026/07/14 21:50:35 INFO  : qwen25vl_mhc_c3_s2/README.md: Copied (new)
2026/07/14 21:50:35 INFO  : qwen25vl_mhc_d3f4_s1/checkpoint-102/classifier.bin: Copied (new)
2026/07/14 21:50:36 INFO  : qwen25vl_mhc_c3_s2/adapter_config.json: Copied (new)
2026/07/14 21:50:36 INFO  : qwen25vl_mhc_d3f4_s1/checkpoint-102/scheduler.pt: Copied (new)
2026/07/14 21:50:36 INFO  : qwen25vl_mhc_d3f4_s1/checkpoint-102/rng_state.pth: Copied (new)
2026/07/14 21:50:37 INFO  : qwen25vl_mhc_d3f4_s1/checkpoint-102/special_tokens_map.json: Copied (new)
2026/07/14 21:50:37 INFO  : qwen25vl_mhc_d3f4_s1/checkpoint-102/tokenizer_config.json: Copied (new)
2026/07/14 21:50:37 INFO  : qwen25vl_mhc_d3f4_s1/checkpoint-102/trainer_state.json: Copied (new)
2026/07/14 21:50:38 INFO  : qwen25vl_mhc_d3f4_s1/checkpoint-102/training_args.bin: Copied (new)
2026/07/14 21:50:40 INFO  : qwen25vl_mhc_d3f4_s1/checkpoint-102/vocab.json: Copied (new)
2026/07/14 21:50:40 INFO  : qwen25vl_mhc_c3_s2/added_tokens.json: Copied (new)
2026/07/14 21:50:41 INFO  : qwen25vl_mhc_c3_s2/all_results.json: Copied (new)
2026/07/14 21:50:41 INFO  : qwen25vl_mhc_c3_s2/chat_template.json: Copied (new)
2026/07/14 21:50:44 INFO  : qwen25vl_mhc_c3_s2/classifier.bin: Copied (new)
2026/07/14 21:50:45 INFO  : qwen25vl_mhc_c3_s2/classifier_config.json: Copied (new)
2026/07/14 21:50:46 INFO  : qwen25vl_mhc_c3_s2/eval_results.json: Copied (new)
2026/07/14 21:50:47 INFO  : qwen25vl_mhc_c3_s2/merges.txt: Copied (new)
2026/07/14 21:50:47 INFO  : qwen25vl_mhc_c3_s2/preprocessor_config.json: Copied (new)
2026/07/14 21:50:48 INFO  : qwen25vl_mhc_c3_s2/special_tokens_map.json: Copied (new)
2026/07/14 21:50:48 INFO  : qwen25vl_mhc_c3primef4_s2/README.md: Copied (new)
2026/07/14 21:50:49 INFO  : qwen25vl_mhc_c3_s2/tokenizer_config.json: Copied (new)
2026/07/14 21:50:50 INFO  : qwen25vl_mhc_zh_c3primef4_s1/checkpoint-108/README.md: Copied (new)
2026/07/14 21:50:51 INFO  : qwen25vl_mhc_c3_s2/train_results.json: Copied (new)
2026/07/14 21:50:52 INFO  : qwen25vl_mhc_c3primef4_s2/adapter_config.json: Copied (new)
2026/07/14 21:50:52 INFO  : qwen25vl_mhc_zh_c3primef4_s1/checkpoint-108/adapter_config.json: Copied (new)
2026/07/14 21:50:55 INFO  : qwen25vl_mhc_zh_c3_s1/checkpoint-108/adapter_model.safetensors: Multi-thread Copied (new)
2026/07/14 21:50:55 INFO  : qwen25vl_mhc_zh_d3lam0_s0/checkpoint-20/adapter_model.safetensors: Multi-thread Copied (new)
2026/07/14 21:50:55 INFO  : qwen25vl_mhc_c3_s2/trainer_log.jsonl: Copied (new)
2026/07/14 21:50:56 INFO  : qwen25vl_mhc_c3primef4_s2/added_tokens.json: Copied (new)
2026/07/14 21:50:56 INFO  : qwen25vl_mhc_c3_s2/trainer_state.json: Copied (new)
2026/07/14 21:50:57 INFO  : qwen25vl_mhc_c3primef4_s2/all_results.json: Copied (new)
2026/07/14 21:50:57 INFO  : qwen25vl_mhc_zh_c3primef4_s1/checkpoint-108/added_tokens.json: Copied (new)
2026/07/14 21:50:58 INFO  : qwen25vl_mhc_c3primef4_s2/chat_template.json: Copied (new)
2026/07/14 21:50:58 INFO  : qwen25vl_mhc_c3_s2/training_args.bin: Copied (new)
2026/07/14 21:50:59 INFO  : qwen25vl_mhc_zh_c3primef4_s1/checkpoint-108/chat_template.json: Copied (new)
2026/07/14 21:50:59 INFO  : qwen25vl_mhc_c3_s2/training_eval_accuracy.png: Copied (new)
2026/07/14 21:51:00 INFO  : qwen25vl_mhc_c3_s2/training_eval_loss.png: Copied (new)
2026/07/14 21:51:04 INFO  : qwen25vl_mhc_zh_c3primef4_s1/checkpoint-108/classifier.bin: Copied (new)
2026/07/14 21:51:05 INFO  : qwen25vl_mhc_c3_s2/training_loss.png: Copied (new)
2026/07/14 21:51:06 INFO  : qwen25vl_mhc_d3f4_s1/checkpoint-102/adapter_model.safetensors: Multi-thread Copied (new)
2026/07/14 21:51:07 INFO  : qwen25vl_mhc_c3_s2/vocab.json: Copied (new)
2026/07/14 21:51:07 INFO  : qwen25vl_mhc_zh_c3primef4_s1/checkpoint-108/classifier_config.json: Copied (new)
2026/07/14 21:51:07 INFO  : qwen25vl_mhc_c3primef4_s2/classifier_config.json: Copied (new)
2026/07/14 21:51:09 INFO  : qwen25vl_mhc_zh_c3primef4_s1/checkpoint-108/merges.txt: Copied (new)
2026/07/14 21:51:09 INFO  : qwen25vl_mhc_c3primef4_s2/eval_results.json: Copied (new)
2026/07/14 21:51:10 INFO  : qwen25vl_mhc_c3primef4_s2/classifier.bin: Copied (new)
2026/07/14 21:51:11 INFO  : qwen25vl_mhc_c3primef4_s2/merges.txt: Copied (new)
2026/07/14 21:51:11 INFO  : 
Transferred:   	   72.995 GiB / 80.557 GiB, 91%, 183.859 MiB/s, ETA 42s
Checks:                 0 / 0, -, Listed 1051
Transferred:          917 / 978, 94%
Elapsed time:      6m59.9s
Transferring:
 * qwen25vl_mhc_zh_c3prim…point-108/optimizer.pt: 99% /2.434Gi, 11.667Mi/s, 1s
 * qwen25vl_mhc_c3primef4…point-102/optimizer.pt: 94% /2.434Gi, 13.796Mi/s, 9s
 * qwen25vl_mhc_d3f4_s1/c…point-102/optimizer.pt: 59% /2.434Gi, 44.742Mi/s, 22s
 *  qwen25vl_mhc_c3_s2/adapter_model.safetensors: 91% /1.203Gi, 35.999Mi/s, 2s
 * qwen25vl_mhc_c3primef4…pter_model.safetensors: 42% /1.203Gi, 32.109Mi/s, 21s
 * qwen25vl_mhc_zh_c3prim…pter_model.safetensors: 38% /1.203Gi, 36.325Mi/s, 20s
 * qwen25vl_mhc_zh_c3prim…point-108/optimizer.pt: transferring
 * qwen25vl_mhc_zh_c3prim…eprocessor_config.json:100% /575, 0/s, -

2026/07/14 21:51:11 INFO  : qwen25vl_mhc_zh_c3primef4_s1/checkpoint-108/preprocessor_config.json: Copied (new)
2026/07/14 21:51:12 INFO  : qwen25vl_mhc_c3primef4_s2/preprocessor_config.json: Copied (new)
2026/07/14 21:51:12 INFO  : qwen25vl_mhc_zh_c3primef4_s1/checkpoint-108/rng_state.pth: Copied (new)
2026/07/14 21:51:12 INFO  : qwen25vl_mhc_c3primef4_s2/special_tokens_map.json: Copied (new)
2026/07/14 21:51:13 INFO  : qwen25vl_mhc_zh_c3primef4_s1/checkpoint-108/scheduler.pt: Copied (new)
2026/07/14 21:51:13 INFO  : qwen25vl_mhc_c3primef4_s2/tokenizer_config.json: Copied (new)
2026/07/14 21:51:14 INFO  : qwen25vl_mhc_zh_c3primef4_s1/checkpoint-108/special_tokens_map.json: Copied (new)
2026/07/14 21:51:14 INFO  : qwen25vl_mhc_c3primef4_s2/train_results.json: Copied (new)
2026/07/14 21:51:15 INFO  : qwen25vl_mhc_zh_c3primef4_s1/checkpoint-108/tokenizer_config.json: Copied (new)
2026/07/14 21:51:15 INFO  : qwen25vl_mhc_c3primef4_s2/trainer_log.jsonl: Copied (new)
2026/07/14 21:51:15 INFO  : qwen25vl_mhc_zh_c3primef4_s1/checkpoint-108/trainer_state.json: Copied (new)
2026/07/14 21:51:16 INFO  : qwen25vl_mhc_c3primef4_s2/trainer_state.json: Copied (new)
2026/07/14 21:51:16 INFO  : qwen25vl_mhc_zh_c3primef4_s1/checkpoint-108/training_args.bin: Copied (new)
2026/07/14 21:51:17 INFO  : qwen25vl_mhc_c3primef4_s2/training_args.bin: Copied (new)
2026/07/14 21:51:18 INFO  : qwen25vl_mhc_c3_s2/adapter_model.safetensors: Multi-thread Copied (new)
2026/07/14 21:51:19 INFO  : qwen25vl_mhc_zh_c3primef4_s1/checkpoint-108/vocab.json: Copied (new)
2026/07/14 21:51:19 INFO  : qwen25vl_mhc_c3primef4_s2/training_eval_accuracy.png: Copied (new)
2026/07/14 21:51:19 INFO  : qwen25vl_mhc_c3primef4_s2/training_eval_loss.png: Copied (new)
2026/07/14 21:51:19 INFO  : qwen25vl_mhc_c3primef4_s2/training_loss.png: Copied (new)
2026/07/14 21:51:19 INFO  : predict/qwen25vl_mhc_s2_test/all_results.json: Copied (new)
2026/07/14 21:51:20 INFO  : predict/qwen25vl_mhc_s2_test/eval_results.json: Copied (new)
2026/07/14 21:51:20 INFO  : predict/qwen25vl_mhc_s2_test/trainer_log.jsonl: Copied (new)
2026/07/14 21:51:20 INFO  : qwen25vl_mhc_c3_s2/checkpoint-102/README.md: Copied (new)
2026/07/14 21:51:21 INFO  : qwen25vl_mhc_c3_s2/checkpoint-102/adapter_config.json: Copied (new)
2026/07/14 21:51:21 INFO  : qwen25vl_mhc_zh_c3primef4_s2/checkpoint-108/optimizer.pt: Multi-thread Copied (new)
2026/07/14 21:51:22 INFO  : qwen25vl_mhc_c3primef4_s2/vocab.json: Copied (new)
2026/07/14 21:51:22 INFO  : qwen25vl_mhc_c3_s2/checkpoint-102/added_tokens.json: Copied (new)
2026/07/14 21:51:22 INFO  : qwen25vl_mhc_c3_s2/checkpoint-102/chat_template.json: Copied (new)
2026/07/14 21:51:22 INFO  : qwen25vl_mhc_c3_s2/checkpoint-102/classifier_config.json: Copied (new)
2026/07/14 21:51:24 INFO  : qwen25vl_mhc_c3_s2/checkpoint-102/classifier.bin: Copied (new)
2026/07/14 21:51:24 INFO  : qwen25vl_mhc_c3_s2/checkpoint-102/merges.txt: Copied (new)
2026/07/14 21:51:24 INFO  : qwen25vl_mhc_c3_s2/checkpoint-102/preprocessor_config.json: Copied (new)
2026/07/14 21:51:24 INFO  : qwen25vl_mhc_c3_s2/checkpoint-102/rng_state.pth: Copied (new)
2026/07/14 21:51:24 INFO  : qwen25vl_mhc_c3_s2/checkpoint-102/special_tokens_map.json: Copied (new)
2026/07/14 21:51:25 INFO  : qwen25vl_mhc_c3_s2/checkpoint-102/trainer_state.json: Copied (new)
2026/07/14 21:51:25 INFO  : qwen25vl_mhc_c3_s2/checkpoint-102/tokenizer_config.json: Copied (new)
2026/07/14 21:51:25 INFO  : qwen25vl_mhc_c3_s2/checkpoint-102/training_args.bin: Copied (new)
2026/07/14 21:51:26 INFO  : qwen25vl_mhc_c3primef4_s2/checkpoint-102/README.md: Copied (new)
2026/07/14 21:51:26 INFO  : qwen25vl_mhc_c3_s2/checkpoint-102/vocab.json: Copied (new)
2026/07/14 21:51:26 INFO  : qwen25vl_mhc_c3primef4_s2/checkpoint-102/adapter_config.json: Copied (new)
2026/07/14 21:51:26 INFO  : qwen25vl_mhc_c3primef4_s2/checkpoint-102/added_tokens.json: Copied (new)
2026/07/14 21:51:27 INFO  : qwen25vl_mhc_c3primef4_s2/checkpoint-102/chat_template.json: Copied (new)
2026/07/14 21:51:30 INFO  : qwen25vl_mhc_c3primef4_s2/checkpoint-102/classifier.bin: Copied (new)
2026/07/14 21:51:31 INFO  : qwen25vl_mhc_c3primef4_s2/checkpoint-102/classifier_config.json: Copied (new)
2026/07/14 21:51:32 INFO  : qwen25vl_mhc_c3primef4_s2/checkpoint-102/merges.txt: Copied (new)
2026/07/14 21:51:35 INFO  : qwen25vl_mhc_zh_c3primef4_s1/checkpoint-108/adapter_model.safetensors: Multi-thread Copied (new)
2026/07/14 21:51:36 INFO  : qwen25vl_mhc_c3primef4_s2/checkpoint-102/preprocessor_config.json: Copied (new)
2026/07/14 21:51:36 INFO  : qwen25vl_mhc_c3primef4_s1/checkpoint-102/optimizer.pt: Multi-thread Copied (new)
2026/07/14 21:51:37 INFO  : qwen25vl_mhc_c3primef4_s2/checkpoint-102/rng_state.pth: Copied (new)
2026/07/14 21:51:37 INFO  : qwen25vl_mhc_c3primef4_s2/adapter_model.safetensors: Multi-thread Copied (new)
2026/07/14 21:51:37 INFO  : qwen25vl_mhc_c3primef4_s2/checkpoint-102/special_tokens_map.json: Copied (new)
2026/07/14 21:51:37 INFO  : qwen25vl_mhc_c3primef4_s2/checkpoint-102/scheduler.pt: Copied (new)
2026/07/14 21:51:37 INFO  : qwen25vl_mhc_c3primef4_s2/checkpoint-102/training_args.bin: Copied (new)
2026/07/14 21:51:37 INFO  : qwen25vl_mhc_c3primef4_s2/checkpoint-102/trainer_state.json: Copied (new)
2026/07/14 21:51:39 INFO  : qwen25vl_mhc_c3primef4_s2/checkpoint-102/vocab.json: Copied (new)
2026/07/14 21:51:39 INFO  : qwen25vl_mhc_c3primef4_s2/checkpoint-102/tokenizer_config.json: Copied (new)
2026/07/14 21:51:39 INFO  : qwen25vl_mhc_d3f4_s1/checkpoint-102/optimizer.pt: Multi-thread Copied (new)
2026/07/14 21:52:01 INFO  : qwen25vl_mhc_c3primef4_s2/checkpoint-102/adapter_model.safetensors: Multi-thread Copied (new)
2026/07/14 21:52:10 INFO  : qwen25vl_mhc_c3_s2/checkpoint-102/adapter_model.safetensors: Multi-thread Copied (new)
2026/07/14 21:52:11 INFO  : 
Transferred:   	   81.417 GiB / 82.991 GiB, 98%, 113.956 MiB/s, ETA 14s
Checks:                 0 / 0, -, Listed 1051
Transferred:          976 / 978, 100%
Elapsed time:      7m59.9s
Transferring:
 * qwen25vl_mhc_zh_c3prim…point-108/optimizer.pt: 92% /2.434Gi, 41.204Mi/s, 4s
 * qwen25vl_mhc_c3primef4…point-102/optimizer.pt: 42% /2.434Gi, 32.416Mi/s, 44s

2026/07/14 21:52:23 INFO  : qwen25vl_mhc_zh_c3primef4_s1/checkpoint-108/optimizer.pt: Multi-thread Copied (new)
2026/07/14 21:53:00 INFO  : qwen25vl_mhc_c3primef4_s2/checkpoint-102/optimizer.pt: Multi-thread Copied (new)
2026/07/14 21:53:00 INFO  : 
Transferred:   	   82.991 GiB / 82.991 GiB, 100%, 29.500 MiB/s, ETA 0s
Checks:                 0 / 0, -, Listed 1051
Transferred:          978 / 978, 100%
Elapsed time:      8m48.8s

