Loading checkpoint shards:   0%|          | 0/5 [00:00<?, ?it/s]Loading checkpoint shards:  20%|██        | 1/5 [00:00<00:00,  4.94it/s]Loading checkpoint shards:  40%|████      | 2/5 [00:00<00:00,  5.93it/s]Loading checkpoint shards:  60%|██████    | 3/5 [00:00<00:00,  6.36it/s]Loading checkpoint shards:  80%|████████  | 4/5 [00:00<00:00,  6.58it/s]Loading checkpoint shards: 100%|██████████| 5/5 [00:00<00:00,  6.91it/s]Loading checkpoint shards: 100%|██████████| 5/5 [00:00<00:00,  6.52it/s]
Using a slow image processor as `use_fast` is unset and a slow processor was saved with this model. `use_fast=True` will be the default behavior in v4.48, even if the model was saved with a slow processor. This will result in minor differences in outputs. You'll still be able to use a slow processor with `use_fast=False`.
/data/jehc223/miniconda3/envs/HateVideo/lib/python3.11/site-packages/transformers/generation/configuration_utils.py:629: UserWarning: `do_sample` is set to `False`. However, `temperature` is set to `0.0` -- this flag is only used in sample-based generation modes. You should set `do_sample=True` or unset `temperature`.
  warnings.warn(
[mov,mp4,m4a,3gp,3g2,mj2 @ 0x47042440] stream 0, offset 0x23cc8c9: partial file
Invalid NAL unit size (1472 > 1168).
missing picture in access unit with size 1172
Invalid NAL unit size (1472 > 1168).
Error splitting the input into NAL units.
Traceback (most recent call last):
  File "/data/jehc223/RGCL/scripts/analysis/c04_a0t_small_v1_v7_producer.py", line 1980, in <module>
    raise SystemExit(main())
                     ^^^^^^
  File "/data/jehc223/RGCL/scripts/analysis/c04_a0t_small_v1_v7_producer.py", line 1770, in main
    raw = one_forward(
          ^^^^^^^^^^^^
  File "/data/jehc223/miniconda3/envs/HateVideo/lib/python3.11/site-packages/torch/utils/_contextlib.py", line 116, in decorate_context
    return func(*args, **kwargs)
           ^^^^^^^^^^^^^^^^^^^^^
  File "/data/jehc223/RGCL/scripts/analysis/c04_a0t_small_v1_v7_producer.py", line 1723, in one_forward
    output = model.generate(
             ^^^^^^^^^^^^^^^
  File "/data/jehc223/miniconda3/envs/HateVideo/lib/python3.11/site-packages/torch/utils/_contextlib.py", line 116, in decorate_context
    return func(*args, **kwargs)
           ^^^^^^^^^^^^^^^^^^^^^
  File "/data/jehc223/miniconda3/envs/HateVideo/lib/python3.11/site-packages/transformers/generation/utils.py", line 2223, in generate
    result = self._sample(
             ^^^^^^^^^^^^^
  File "/data/jehc223/miniconda3/envs/HateVideo/lib/python3.11/site-packages/transformers/generation/utils.py", line 3211, in _sample
    outputs = self(**model_inputs, return_dict=True)
              ^^^^^^^^^^^^^^^^^^^^^^^^^^^^^^^^^^^^^^
  File "/data/jehc223/miniconda3/envs/HateVideo/lib/python3.11/site-packages/torch/nn/modules/module.py", line 1739, in _wrapped_call_impl
    return self._call_impl(*args, **kwargs)
           ^^^^^^^^^^^^^^^^^^^^^^^^^^^^^^^^
  File "/data/jehc223/miniconda3/envs/HateVideo/lib/python3.11/site-packages/torch/nn/modules/module.py", line 1750, in _call_impl
    return forward_call(*args, **kwargs)
           ^^^^^^^^^^^^^^^^^^^^^^^^^^^^^
  File "/data/jehc223/miniconda3/envs/HateVideo/lib/python3.11/site-packages/transformers/models/qwen2_5_vl/modeling_qwen2_5_vl.py", line 1813, in forward
    video_embeds = self.visual(pixel_values_videos, grid_thw=video_grid_thw)
                   ^^^^^^^^^^^^^^^^^^^^^^^^^^^^^^^^^^^^^^^^^^^^^^^^^^^^^^^^^
  File "/data/jehc223/miniconda3/envs/HateVideo/lib/python3.11/site-packages/torch/nn/modules/module.py", line 1739, in _wrapped_call_impl
    return self._call_impl(*args, **kwargs)
           ^^^^^^^^^^^^^^^^^^^^^^^^^^^^^^^^
  File "/data/jehc223/miniconda3/envs/HateVideo/lib/python3.11/site-packages/torch/nn/modules/module.py", line 1750, in _call_impl
    return forward_call(*args, **kwargs)
           ^^^^^^^^^^^^^^^^^^^^^^^^^^^^^
  File "/data/jehc223/miniconda3/envs/HateVideo/lib/python3.11/site-packages/transformers/models/qwen2_5_vl/modeling_qwen2_5_vl.py", line 558, in forward
    hidden_states = blk(hidden_states, cu_seqlens=cu_seqlens_now, position_embeddings=position_embeddings)
                    ^^^^^^^^^^^^^^^^^^^^^^^^^^^^^^^^^^^^^^^^^^^^^^^^^^^^^^^^^^^^^^^^^^^^^^^^^^^^^^^^^^^^^^
  File "/data/jehc223/miniconda3/envs/HateVideo/lib/python3.11/site-packages/torch/nn/modules/module.py", line 1739, in _wrapped_call_impl
    return self._call_impl(*args, **kwargs)
           ^^^^^^^^^^^^^^^^^^^^^^^^^^^^^^^^
  File "/data/jehc223/miniconda3/envs/HateVideo/lib/python3.11/site-packages/torch/nn/modules/module.py", line 1750, in _call_impl
    return forward_call(*args, **kwargs)
           ^^^^^^^^^^^^^^^^^^^^^^^^^^^^^
  File "/data/jehc223/miniconda3/envs/HateVideo/lib/python3.11/site-packages/transformers/models/qwen2_5_vl/modeling_qwen2_5_vl.py", line 351, in forward
    hidden_states = hidden_states + self.attn(
                                    ^^^^^^^^^^
  File "/data/jehc223/miniconda3/envs/HateVideo/lib/python3.11/site-packages/torch/nn/modules/module.py", line 1739, in _wrapped_call_impl
    return self._call_impl(*args, **kwargs)
           ^^^^^^^^^^^^^^^^^^^^^^^^^^^^^^^^
  File "/data/jehc223/miniconda3/envs/HateVideo/lib/python3.11/site-packages/torch/nn/modules/module.py", line 1750, in _call_impl
    return forward_call(*args, **kwargs)
           ^^^^^^^^^^^^^^^^^^^^^^^^^^^^^
  File "/data/jehc223/miniconda3/envs/HateVideo/lib/python3.11/site-packages/transformers/models/qwen2_5_vl/modeling_qwen2_5_vl.py", line 320, in forward
    attn_output = F.scaled_dot_product_attention(q, k, v, attention_mask, dropout_p=0.0)
                  ^^^^^^^^^^^^^^^^^^^^^^^^^^^^^^^^^^^^^^^^^^^^^^^^^^^^^^^^^^^^^^^^^^^^^^
torch.OutOfMemoryError: CUDA out of memory. Tried to allocate 110.50 GiB. GPU 0 has a total capacity of 79.27 GiB of which 53.92 GiB is free. Including non-PyTorch memory, this process has 25.34 GiB memory in use. Of the allocated memory 22.83 GiB is allocated by PyTorch, and 2.01 GiB is reserved by PyTorch but unallocated. If reserved but unallocated memory is large try setting PYTORCH_CUDA_ALLOC_CONF=expandable_segments:True to avoid fragmentation.  See documentation for Memory Management  (https://pytorch.org/docs/stable/notes/cuda.html#environment-variables)
