Traceback (most recent call last):
  File "/data/jehc223/RGCL/scripts/analysis/lb_scgp_global_r2_realbank_resource_v1_common.py", line 136, in canonical_root_path
    rel = resolved.relative_to(root)
          ^^^^^^^^^^^^^^^^^^^^^^^^^^
  File "/data/jehc223/miniconda3/envs/HateVideo/lib/python3.11/pathlib.py", line 730, in relative_to
    raise ValueError("{!r} is not in the subpath of {!r}"
ValueError: '/data/jehc223/home/tmp/lbscgp_global_r2_realbank_resource_v1_validation.bIAbnI.json' is not in the subpath of '/data/jehc223/RGCL' OR one path is relative and the other is absolute.

The above exception was the direct cause of the following exception:

Traceback (most recent call last):
  File "/data/jehc223/RGCL/scripts/analysis/lb_scgp_global_r2_realbank_resource_v1_producer.py", line 302, in <module>
    raise SystemExit(main())
                     ^^^^^^
  File "/data/jehc223/RGCL/scripts/analysis/lb_scgp_global_r2_realbank_resource_v1_producer.py", line 119, in main
    validation = read_json(args.validation_json)
                 ^^^^^^^^^^^^^^^^^^^^^^^^^^^^^^^
  File "/data/jehc223/RGCL/scripts/analysis/lb_scgp_global_r2_realbank_resource_v1_common.py", line 143, in read_json
    fs_path, _ = canonical_root_path(path)
                 ^^^^^^^^^^^^^^^^^^^^^^^^^
  File "/data/jehc223/RGCL/scripts/analysis/lb_scgp_global_r2_realbank_resource_v1_common.py", line 138, in canonical_root_path
    raise RuntimeError(f"path escapes repository root: {path}") from exc
RuntimeError: path escapes repository root: /data/jehc223/home/tmp/lbscgp_global_r2_realbank_resource_v1_validation.bIAbnI.json
