==============================================================================
B-SRTD pilot  mode=smoke-planted  start 2026-08-10T07:08:01  device=cuda
Rules: research-wiki/EXP_bsrtd_prereg.md (frozen before this file existed)
teacher models=['synthetic-oracle'] engines=['synthetic']
SMOKE smoke-planted: teacher scores replaced in-memory (cache untouched)
G0 (assets / encoder responsivity / beyond-gold information): PASS
{
  "en": {
    "train": {
      "n": 260,
      "need": 200,
      "verify_pass_frac": 1.0,
      "min_class_frac": 0.4846153846153846,
      "ok": true
    },
    "val": {
      "n": 90,
      "need": 80,
      "verify_pass_frac": 1.0,
      "min_class_frac": 0.4666666666666667,
      "ok": true
    },
    "teacher": {
      "signB_agree": 1.0,
      "mean_abs_dB": 0.36498838663101196,
      "mean_abs_dA": 0.089675672352314,
      "mean_abs_dAB": 0.10767590254545212,
      "sd_dA": 0.12896828353405,
      "sd_dB": 0.25934308767318726,
      "sd_dAB": 0.146012544631958,
      "resid_sd_beyond_gold": [
        0.12894514203071594,
        0.19286946952342987,
        0.14172683656215668
      ],
      "resid_floor": 0.03,
      "ok": true
    },
    "probe": {
      "acc": 0.9777777777777777,
      "need": 0.65,
      "ok": true
    }
  },
  "zh": {
    "train": {
      "n": 260,
      "need": 200,
      "verify_pass_frac": 1.0,
      "min_class_frac": 0.4807692307692308,
      "ok": true
    },
    "val": {
      "n": 90,
      "need": 80,
      "verify_pass_frac": 1.0,
      "min_class_frac": 0.4888888888888889,
      "ok": true
    },
    "teacher": {
      "signB_agree": 1.0,
      "mean_abs_dB": 0.36527639627456665,
      "mean_abs_dA": 0.10278286784887314,
      "mean_abs_dAB": 0.11894099414348602,
      "sd_dA": 0.1469733566045761,
      "sd_dB": 0.26322630047798157,
      "sd_dAB": 0.170274555683136,
      "resid_sd_beyond_gold": [
        0.14660942554473877,
        0.19911670684814453,
        0.16822399199008942
      ],
      "resid_floor": 0.03,
      "ok": true
    },
    "probe": {
      "acc": 0.9611111111111111,
      "need": 0.65,
      "ok": true
    }
  }
}
G1 teacher exam [en]: overall=0.8993 worst_cell=0.8514 -> FAIL
    orig       n=350   acc=0.8743 fp=0.0600 fn=0.0657 FAIL
    targetsub  n=350   acc=0.8514 fp=0.0543 fn=0.0943 FAIL
    stancerev  n=350   acc=0.9143 fp=0.0857 fn=0.0000 ok
    both       n=350   acc=0.9571 fp=0.0429 fn=0.0000 ok
G1 teacher exam [zh]: overall=0.8893 worst_cell=0.8400 -> FAIL
    orig       n=350   acc=0.8571 fp=0.0571 fn=0.0857 FAIL
    targetsub  n=350   acc=0.8400 fp=0.0371 fn=0.1229 FAIL
    stancerev  n=350   acc=0.9114 fp=0.0886 fn=0.0000 ok
    both       n=350   acc=0.9486 fp=0.0514 fn=0.0000 ok
G2 disagreement filter [en]: train 260->184 (floor 150), val 90->69 (floor 60) -> PASS
    dropped by cell: {'orig': 35, 'targetsub': 40, 'stancerev': 25, 'both': 12}
G2 disagreement filter [zh]: train 260->187 (floor 150), val 90->60 (floor 60) -> PASS
    dropped by cell: {'orig': 32, 'targetsub': 38, 'stancerev': 25, 'both': 15}
SMOKE: G1/G2 reported but not enforced; all lattices enter the aux loss
-- dataset MHC (lang en), 260 lattices in the aux loss
    MHC bce seed=0 val_roc=0.8799 val_f1=0.8226 (1s)
    MHC bce seed=1 val_roc=0.8487 val_f1=0.7913 (0s)
    MHC bce seed=2 val_roc=0.8821 val_f1=0.7998 (0s)
    MHC pair seed=0 val_roc=0.8152 val_f1=0.7583 (2s)
    MHC pair seed=1 val_roc=0.8014 val_f1=0.7449 (2s)
    MHC pair seed=2 val_roc=0.8663 val_f1=0.8230 (2s)
    MHC cad lam=0.3 seed=0 val_roc=0.8403 val_f1=0.7988 (3s)
    MHC cad lam=0.3 seed=1 val_roc=0.8370 val_f1=0.7763 (3s)
    MHC cad lam=0.3 seed=2 val_roc=0.8725 val_f1=0.8231 (3s)
    MHC cad lam=1.0 seed=0 val_roc=0.8661 val_f1=0.8057 (3s)
    MHC cad lam=1.0 seed=1 val_roc=0.8148 val_f1=0.7902 (3s)
    MHC cad lam=1.0 seed=2 val_roc=0.8778 val_f1=0.8308 (3s)
    MHC cad lam=3.0 seed=0 val_roc=0.8809 val_f1=0.8068 (3s)
    MHC cad lam=3.0 seed=1 val_roc=0.8484 val_f1=0.7996 (3s)
    MHC cad lam=3.0 seed=2 val_roc=0.8756 val_f1=0.8147 (3s)
    MHC kdabs lam=0.3 seed=0 val_roc=0.8212 val_f1=0.7458 (2s)
    MHC kdabs lam=0.3 seed=1 val_roc=0.7937 val_f1=0.7454 (2s)
    MHC kdabs lam=0.3 seed=2 val_roc=0.8630 val_f1=0.8153 (2s)
    MHC kdabs lam=1.0 seed=0 val_roc=0.8207 val_f1=0.7768 (2s)
    MHC kdabs lam=1.0 seed=1 val_roc=0.8202 val_f1=0.7604 (2s)
    MHC kdabs lam=1.0 seed=2 val_roc=0.8737 val_f1=0.8153 (2s)
    MHC kdabs lam=3.0 seed=0 val_roc=0.8319 val_f1=0.7842 (2s)
    MHC kdabs lam=3.0 seed=1 val_roc=0.8269 val_f1=0.7758 (2s)
    MHC kdabs lam=3.0 seed=2 val_roc=0.8694 val_f1=0.8154 (2s)
    MHC jac lam=0.3 seed=0 val_roc=0.8045 val_f1=0.7529 (2s)
    MHC jac lam=0.3 seed=1 val_roc=0.8083 val_f1=0.7524 (2s)
    MHC jac lam=0.3 seed=2 val_roc=0.8642 val_f1=0.8076 (2s)
    MHC jac lam=1.0 seed=0 val_roc=0.8054 val_f1=0.7529 (2s)
    MHC jac lam=1.0 seed=1 val_roc=0.8174 val_f1=0.7604 (2s)
    MHC jac lam=1.0 seed=2 val_roc=0.8666 val_f1=0.8076 (2s)
    MHC jac lam=3.0 seed=0 val_roc=0.8262 val_f1=0.7608 (2s)
    MHC jac lam=3.0 seed=1 val_roc=0.8334 val_f1=0.7763 (2s)
    MHC jac lam=3.0 seed=2 val_roc=0.8706 val_f1=0.8231 (2s)
    MHC bsrtd lam=0.3 seed=0 val_roc=0.8057 val_f1=0.7529 (2s)
    MHC bsrtd lam=0.3 seed=1 val_roc=0.8085 val_f1=0.7517 (2s)
    MHC bsrtd lam=0.3 seed=2 val_roc=0.8627 val_f1=0.8076 (2s)
    MHC bsrtd lam=1.0 seed=0 val_roc=0.8214 val_f1=0.7533 (2s)
    MHC bsrtd lam=1.0 seed=1 val_roc=0.8145 val_f1=0.7524 (2s)
    MHC bsrtd lam=1.0 seed=2 val_roc=0.8625 val_f1=0.8071 (2s)
    MHC bsrtd lam=3.0 seed=0 val_roc=0.8420 val_f1=0.7591 (2s)
    MHC bsrtd lam=3.0 seed=1 val_roc=0.8281 val_f1=0.7684 (2s)
    MHC bsrtd lam=3.0 seed=2 val_roc=0.8692 val_f1=0.8153 (2s)
-- dataset MHC_zh (lang zh), 260 lattices in the aux loss
    MHC_zh bce seed=0 val_roc=0.8381 val_f1=0.7844 (0s)
    MHC_zh bce seed=1 val_roc=0.8414 val_f1=0.7923 (0s)
    MHC_zh bce seed=2 val_roc=0.8107 val_f1=0.7436 (0s)
    MHC_zh pair seed=0 val_roc=0.8012 val_f1=0.7690 (2s)
    MHC_zh pair seed=1 val_roc=0.8045 val_f1=0.7768 (2s)
    MHC_zh pair seed=2 val_roc=0.7735 val_f1=0.7146 (2s)
    MHC_zh cad lam=0.3 seed=0 val_roc=0.8324 val_f1=0.7692 (3s)
    MHC_zh cad lam=0.3 seed=1 val_roc=0.8201 val_f1=0.7913 (3s)
    MHC_zh cad lam=0.3 seed=2 val_roc=0.8151 val_f1=0.7538 (3s)
    MHC_zh cad lam=1.0 seed=0 val_roc=0.8480 val_f1=0.7917 (3s)
    MHC_zh cad lam=1.0 seed=1 val_roc=0.8407 val_f1=0.7996 (3s)
    MHC_zh cad lam=1.0 seed=2 val_roc=0.8293 val_f1=0.7769 (3s)
    MHC_zh cad lam=3.0 seed=0 val_roc=0.8507 val_f1=0.7922 (3s)
    MHC_zh cad lam=3.0 seed=1 val_roc=0.8485 val_f1=0.7842 (3s)
    MHC_zh cad lam=3.0 seed=2 val_roc=0.8189 val_f1=0.7604 (3s)
    MHC_zh kdabs lam=0.3 seed=0 val_roc=0.8151 val_f1=0.7690 (2s)
    MHC_zh kdabs lam=0.3 seed=1 val_roc=0.8078 val_f1=0.7913 (2s)
    MHC_zh kdabs lam=0.3 seed=2 val_roc=0.7240 val_f1=0.7214 (2s)
    MHC_zh kdabs lam=1.0 seed=0 val_roc=0.8258 val_f1=0.7753 (2s)
    MHC_zh kdabs lam=1.0 seed=1 val_roc=0.8123 val_f1=0.7769 (2s)
    MHC_zh kdabs lam=1.0 seed=2 val_roc=0.7898 val_f1=0.7382 (2s)
    MHC_zh kdabs lam=3.0 seed=0 val_roc=0.8256 val_f1=0.7615 (2s)
    MHC_zh kdabs lam=3.0 seed=1 val_roc=0.8201 val_f1=0.7828 (2s)
    MHC_zh kdabs lam=3.0 seed=2 val_roc=0.8021 val_f1=0.7538 (2s)
    MHC_zh jac lam=0.3 seed=0 val_roc=0.8107 val_f1=0.7692 (2s)
    MHC_zh jac lam=0.3 seed=1 val_roc=0.8154 val_f1=0.8000 (2s)
    MHC_zh jac lam=0.3 seed=2 val_roc=0.7815 val_f1=0.7198 (2s)
    MHC_zh jac lam=1.0 seed=0 val_roc=0.8159 val_f1=0.7692 (2s)
    MHC_zh jac lam=1.0 seed=1 val_roc=0.8180 val_f1=0.8000 (2s)
    MHC_zh jac lam=1.0 seed=2 val_roc=0.7562 val_f1=0.7077 (2s)
    MHC_zh jac lam=3.0 seed=0 val_roc=0.8199 val_f1=0.7768 (2s)
    MHC_zh jac lam=3.0 seed=1 val_roc=0.8241 val_f1=0.8000 (2s)
    MHC_zh jac lam=3.0 seed=2 val_roc=0.7815 val_f1=0.7198 (2s)
    MHC_zh bsrtd lam=0.3 seed=0 val_roc=0.8092 val_f1=0.7692 (2s)
    MHC_zh bsrtd lam=0.3 seed=1 val_roc=0.8149 val_f1=0.8000 (2s)
    MHC_zh bsrtd lam=0.3 seed=2 val_roc=0.7583 val_f1=0.7154 (2s)
    MHC_zh bsrtd lam=1.0 seed=0 val_roc=0.8144 val_f1=0.7692 (2s)
    MHC_zh bsrtd lam=1.0 seed=1 val_roc=0.8175 val_f1=0.8000 (2s)
    MHC_zh bsrtd lam=1.0 seed=2 val_roc=0.7759 val_f1=0.7125 (2s)
    MHC_zh bsrtd lam=3.0 seed=0 val_roc=0.8168 val_f1=0.7769 (2s)
    MHC_zh bsrtd lam=3.0 seed=1 val_roc=0.8241 val_f1=0.8000 (2s)
    MHC_zh bsrtd lam=3.0 seed=2 val_roc=0.7879 val_f1=0.7140 (2s)
  [MHC] FROZEN COMPARATOR = bce  (mean val ROC {'bce': 0.8702156441473701, 'pair': 0.8276438290761519, 'cad': 0.852868624174425, 'kdabs': 0.8427627914378929})
  [MHC_zh] FROZEN COMPARATOR = cad  (mean val ROC {'bce': 0.8300591715976332, 'pair': 0.7930571992110454, 'cad': 0.8393688362919133, 'kdabs': 0.8159368836291913})
PROGRESS phase=null dataset=MHC lambda=3.0 reps=8
  null 5/8 running mean -0.0451
==============================================================================
SMOKE smoke-planted: Delta(bsrtd-pair)=+0.0177 mean(null)=-0.0407 Null95=0.0000
  criterion: Delta(bsrtd-pair) - mean(null) >= +0.005 AND Delta(bsrtd-pair) > 0  ->  PASS
