Epoch [5/30], Loss: 1.9324
Epoch [10/30], Loss: 1.4144
Epoch [15/30], Loss: 1.2612
Epoch [20/30], Loss: 1.2328
Epoch [25/30], Loss: 1.2239
Epoch [30/30], Loss: 1.2161
Epoch [5/30], Loss: 1.9655
Epoch [10/30], Loss: 1.5477
Epoch [15/30], Loss: 1.2746
Epoch [20/30], Loss: 1.2370
Epoch [25/30], Loss: 1.2259
Epoch [30/30], Loss: 1.2156
Epoch [5/30], Loss: 1.9613
Epoch [10/30], Loss: 1.5081
Epoch [15/30], Loss: 1.2607
Epoch [20/30], Loss: 1.2231
Epoch [25/30], Loss: 1.2125
Epoch [30/30], Loss: 1.2026
Epoch [5/30], Loss: 1.9536
Epoch [10/30], Loss: 1.5021
Epoch [15/30], Loss: 1.2541
Epoch [20/30], Loss: 1.2158
Epoch [25/30], Loss: 1.2055
Epoch [30/30], Loss: 1.1949
Epoch [5/30], Loss: 1.9455
Epoch [10/30], Loss: 1.4788
Epoch [15/30], Loss: 1.2743
Epoch [20/30], Loss: 1.2433
Epoch [25/30], Loss: 1.2345
Epoch [30/30], Loss: 1.2253
Epoch [5/30], Loss: 1.9310
Epoch [10/30], Loss: 1.4708
Epoch [15/30], Loss: 1.2672
Epoch [20/30], Loss: 1.2279
Epoch [25/30], Loss: 1.2190
Epoch [30/30], Loss: 1.2105
[01:55:22]   [done] v3_G1dim_xor_MHC_zh_n579_d8_ep30 12.4s  CF: S=0.7077 I12=0.6452 share=1.0968730107575724 accs=0.527/0.511/0.998
Epoch [5/30], Loss: 1.9444
Epoch [10/30], Loss: 1.4876
Epoch [15/30], Loss: 1.1638
Epoch [20/30], Loss: 1.1058
Epoch [25/30], Loss: 1.0878
Epoch [30/30], Loss: 1.0718
Epoch [5/30], Loss: 1.9633
Epoch [10/30], Loss: 1.6413
Epoch [15/30], Loss: 1.2017
Epoch [20/30], Loss: 1.1172
Epoch [25/30], Loss: 1.0915
Epoch [30/30], Loss: 1.0670
Epoch [5/30], Loss: 1.9452
Epoch [10/30], Loss: 1.5642
Epoch [15/30], Loss: 1.1217
Epoch [20/30], Loss: 1.0473
Epoch [25/30], Loss: 1.0226
Epoch [30/30], Loss: 0.9997
Epoch [5/30], Loss: 1.9628
Epoch [10/30], Loss: 1.6604
Epoch [15/30], Loss: 1.1562
Epoch [20/30], Loss: 1.0724
Epoch [25/30], Loss: 1.0473
Epoch [30/30], Loss: 1.0243
Epoch [5/30], Loss: 1.9427
Epoch [10/30], Loss: 1.5932
Epoch [15/30], Loss: 1.1198
Epoch [20/30], Loss: 1.0389
Epoch [25/30], Loss: 1.0130
Epoch [30/30], Loss: 0.9900
Epoch [5/30], Loss: 1.9517
Epoch [10/30], Loss: 1.5716
Epoch [15/30], Loss: 1.1176
Epoch [20/30], Loss: 1.0373
Epoch [25/30], Loss: 1.0136
Epoch [30/30], Loss: 0.9916
[01:55:35]   [done] v3_G1dim_xor_MHC_zh_n579_d16_ep30 12.2s  CF: S=0.6466 I12=0.4372 share=1.4790525686125626 accs=0.525/0.473/0.903
Epoch [5/30], Loss: 1.8539
Epoch [10/30], Loss: 1.3778
Epoch [15/30], Loss: 0.8614
Epoch [20/30], Loss: 0.7562
Epoch [25/30], Loss: 0.7225
Epoch [30/30], Loss: 0.6911
Epoch [5/30], Loss: 1.8843
Epoch [10/30], Loss: 1.3784
Epoch [15/30], Loss: 0.8146
Epoch [20/30], Loss: 0.6957
Epoch [25/30], Loss: 0.6574
Epoch [30/30], Loss: 0.6224
Epoch [5/30], Loss: 1.8799
Epoch [10/30], Loss: 1.3333
Epoch [15/30], Loss: 0.8043
Epoch [20/30], Loss: 0.6953
Epoch [25/30], Loss: 0.6584
Epoch [30/30], Loss: 0.6246
Epoch [5/30], Loss: 1.8570
Epoch [10/30], Loss: 1.3176
Epoch [15/30], Loss: 0.7510
Epoch [20/30], Loss: 0.6327
Epoch [25/30], Loss: 0.5936
Epoch [30/30], Loss: 0.5574
Epoch [5/30], Loss: 1.8364
Epoch [10/30], Loss: 1.3653
Epoch [15/30], Loss: 0.8294
Epoch [20/30], Loss: 0.7058
Epoch [25/30], Loss: 0.6653
Epoch [30/30], Loss: 0.6285
Epoch [5/30], Loss: 1.8711
Epoch [10/30], Loss: 1.4118
Epoch [15/30], Loss: 0.8632
Epoch [20/30], Loss: 0.7453
Epoch [25/30], Loss: 0.7060
Epoch [30/30], Loss: 0.6701
[01:55:47]   [done] v3_G1dim_xor_MHC_zh_n579_d32_ep30 12.8s  CF: S=0.1184 I12=-0.2540 share=None accs=0.561/0.494/0.632
Epoch [5/30], Loss: 1.8183
Epoch [10/30], Loss: 1.3557
Epoch [15/30], Loss: 1.2828
Epoch [20/30], Loss: 1.2542
Epoch [25/30], Loss: 1.2473
Epoch [30/30], Loss: 1.2406
Epoch [5/30], Loss: 1.9496
Epoch [10/30], Loss: 1.4031
Epoch [15/30], Loss: 1.2726
Epoch [20/30], Loss: 1.2403
Epoch [25/30], Loss: 1.2315
Epoch [30/30], Loss: 1.2236
Epoch [5/30], Loss: 1.9198
Epoch [10/30], Loss: 1.3825
Epoch [15/30], Loss: 1.2497
Epoch [20/30], Loss: 1.2212
Epoch [25/30], Loss: 1.2126
Epoch [30/30], Loss: 1.2053
Epoch [5/30], Loss: 1.9233
Epoch [10/30], Loss: 1.3865
Epoch [15/30], Loss: 1.2618
Epoch [20/30], Loss: 1.2329
Epoch [25/30], Loss: 1.2252
Epoch [30/30], Loss: 1.2179
Epoch [5/30], Loss: 1.9097
Epoch [10/30], Loss: 1.3903
Epoch [15/30], Loss: 1.2734
Epoch [20/30], Loss: 1.2433
Epoch [25/30], Loss: 1.2356
Epoch [30/30], Loss: 1.2272
Epoch [5/30], Loss: 1.8952
Epoch [10/30], Loss: 1.4001
Epoch [15/30], Loss: 1.2867
Epoch [20/30], Loss: 1.2584
Epoch [25/30], Loss: 1.2507
Epoch [30/30], Loss: 1.2437
[01:56:02]   [done] v3_G1dim_xor_HateMM_n744_d8_ep30 14.1s  CF: S=0.7321 I12=0.6530 share=1.1211976960387449 accs=0.482/0.495/0.988
Epoch [5/30], Loss: 1.9289
Epoch [10/30], Loss: 1.3197
Epoch [15/30], Loss: 1.1185
Epoch [20/30], Loss: 1.0539
Epoch [25/30], Loss: 1.0366
Epoch [30/30], Loss: 1.0210
Epoch [5/30], Loss: 1.9504
Epoch [10/30], Loss: 1.4578
Epoch [15/30], Loss: 1.1152
Epoch [20/30], Loss: 1.0484
Epoch [25/30], Loss: 1.0290
Epoch [30/30], Loss: 1.0110
Epoch [5/30], Loss: 1.9587
Epoch [10/30], Loss: 1.4485
Epoch [15/30], Loss: 1.1150
Epoch [20/30], Loss: 1.0569
Epoch [25/30], Loss: 1.0394
Epoch [30/30], Loss: 1.0237
Epoch [5/30], Loss: 1.9395
Epoch [10/30], Loss: 1.4060
Epoch [15/30], Loss: 1.1121
Epoch [20/30], Loss: 1.0451
Epoch [25/30], Loss: 1.0280
Epoch [30/30], Loss: 1.0104
Epoch [5/30], Loss: 1.9389
Epoch [10/30], Loss: 1.4723
Epoch [15/30], Loss: 1.1177
Epoch [20/30], Loss: 1.0552
Epoch [25/30], Loss: 1.0379
Epoch [30/30], Loss: 1.0190
Epoch [5/30], Loss: 1.9356
Epoch [10/30], Loss: 1.4070
Epoch [15/30], Loss: 1.1096
Epoch [20/30], Loss: 1.0472
Epoch [25/30], Loss: 1.0294
Epoch [30/30], Loss: 1.0136
[01:56:17]   [done] v3_G1dim_xor_HateMM_n744_d16_ep30 15.3s  CF: S=0.7910 I12=0.6032 share=1.311431044513952 accs=0.464/0.492/0.974
Epoch [5/30], Loss: 1.8846
Epoch [10/30], Loss: 1.2186
Epoch [15/30], Loss: 0.7910
Epoch [20/30], Loss: 0.6806
Epoch [25/30], Loss: 0.6479
Epoch [30/30], Loss: 0.6202
Epoch [5/30], Loss: 1.9135
Epoch [10/30], Loss: 1.3359
Epoch [15/30], Loss: 0.7835
Epoch [20/30], Loss: 0.6770
Epoch [25/30], Loss: 0.6432
Epoch [30/30], Loss: 0.6115
Epoch [5/30], Loss: 1.8763
Epoch [10/30], Loss: 1.2973
Epoch [15/30], Loss: 0.7684
Epoch [20/30], Loss: 0.6442
Epoch [25/30], Loss: 0.6108
Epoch [30/30], Loss: 0.5796
Epoch [5/30], Loss: 1.8956
Epoch [10/30], Loss: 1.3073
Epoch [15/30], Loss: 0.7250
Epoch [20/30], Loss: 0.6045
Epoch [25/30], Loss: 0.5691
Epoch [30/30], Loss: 0.5376
Epoch [5/30], Loss: 1.8802
Epoch [10/30], Loss: 1.3807
Epoch [15/30], Loss: 0.7778
Epoch [20/30], Loss: 0.6538
Epoch [25/30], Loss: 0.6163
Epoch [30/30], Loss: 0.5822
Epoch [5/30], Loss: 1.8803
Epoch [10/30], Loss: 1.3254
Epoch [15/30], Loss: 0.7293
Epoch [20/30], Loss: 0.6060
Epoch [25/30], Loss: 0.5711
Epoch [30/30], Loss: 0.5395
[01:56:33]   [done] v3_G1dim_xor_HateMM_n744_d32_ep30 16.2s  CF: S=0.4516 I12=-0.0375 share=None accs=0.509/0.490/0.694
Epoch [5/30], Loss: 1.9486
Epoch [10/30], Loss: 1.4365
Epoch [15/30], Loss: 1.2857
Epoch [20/30], Loss: 1.2537
Epoch [25/30], Loss: 1.2455
Epoch [30/30], Loss: 1.2379
Epoch [5/30], Loss: 1.9635
Epoch [10/30], Loss: 1.6000
Epoch [15/30], Loss: 1.2796
Epoch [20/30], Loss: 1.2392
Epoch [25/30], Loss: 1.2277
Epoch [30/30], Loss: 1.2174
Epoch [5/30], Loss: 1.9610
Epoch [10/30], Loss: 1.5539
Epoch [15/30], Loss: 1.2676
Epoch [20/30], Loss: 1.2339
Epoch [25/30], Loss: 1.2229
Epoch [30/30], Loss: 1.2128
Epoch [5/30], Loss: 1.9808
Epoch [10/30], Loss: 1.6067
Epoch [15/30], Loss: 1.2898
Epoch [20/30], Loss: 1.2542
Epoch [25/30], Loss: 1.2428
Epoch [30/30], Loss: 1.2327
Epoch [5/30], Loss: 1.9612
Epoch [10/30], Loss: 1.5051
Epoch [15/30], Loss: 1.2768
Epoch [20/30], Loss: 1.2447
Epoch [25/30], Loss: 1.2352
Epoch [30/30], Loss: 1.2263
Epoch [5/30], Loss: 1.9386
Epoch [10/30], Loss: 1.5245
Epoch [15/30], Loss: 1.2814
Epoch [20/30], Loss: 1.2480
Epoch [25/30], Loss: 1.2387
Epoch [30/30], Loss: 1.2296
[01:56:44]   [done] v3_G1dim_xor_MHC_en_n549_d8_ep30 10.3s  CF: S=0.7105 I12=0.6291 share=1.129428181624509 accs=0.490/0.541/0.989
Epoch [5/30], Loss: 1.9705
Epoch [10/30], Loss: 1.5255
Epoch [15/30], Loss: 1.1746
Epoch [20/30], Loss: 1.1124
Epoch [25/30], Loss: 1.0950
Epoch [30/30], Loss: 1.0790
Epoch [5/30], Loss: 1.9618
Epoch [10/30], Loss: 1.6690
Epoch [15/30], Loss: 1.1846
Epoch [20/30], Loss: 1.0920
Epoch [25/30], Loss: 1.0636
Epoch [30/30], Loss: 1.0384
Epoch [5/30], Loss: 1.9486
Epoch [10/30], Loss: 1.6230
Epoch [15/30], Loss: 1.1709
Epoch [20/30], Loss: 1.0950
Epoch [25/30], Loss: 1.0700
Epoch [30/30], Loss: 1.0468
Epoch [5/30], Loss: 1.9725
Epoch [10/30], Loss: 1.6484
Epoch [15/30], Loss: 1.1840
Epoch [20/30], Loss: 1.1037
Epoch [25/30], Loss: 1.0778
Epoch [30/30], Loss: 1.0541
Epoch [5/30], Loss: 1.9666
Epoch [10/30], Loss: 1.6683
Epoch [15/30], Loss: 1.2239
Epoch [20/30], Loss: 1.1479
Epoch [25/30], Loss: 1.1232
Epoch [30/30], Loss: 1.1004
Epoch [5/30], Loss: 1.9513
Epoch [10/30], Loss: 1.6566
Epoch [15/30], Loss: 1.1870
Epoch [20/30], Loss: 1.1082
Epoch [25/30], Loss: 1.0832
Epoch [30/30], Loss: 1.0605
[01:56:55]   [done] v3_G1dim_xor_MHC_en_n549_d16_ep30 11.3s  CF: S=0.5675 I12=0.3894 share=1.4572215808280051 accs=0.521/0.465/0.874
Epoch [5/30], Loss: 1.8876
Epoch [10/30], Loss: 1.3776
Epoch [15/30], Loss: 0.8917
Epoch [20/30], Loss: 0.7894
Epoch [25/30], Loss: 0.7553
Epoch [30/30], Loss: 0.7233
Epoch [5/30], Loss: 1.8939
Epoch [10/30], Loss: 1.4627
Epoch [15/30], Loss: 0.9135
Epoch [20/30], Loss: 0.7931
Epoch [25/30], Loss: 0.7524
Epoch [30/30], Loss: 0.7143
Epoch [5/30], Loss: 1.9111
Epoch [10/30], Loss: 1.4680
Epoch [15/30], Loss: 0.8707
Epoch [20/30], Loss: 0.7556
Epoch [25/30], Loss: 0.7165
Epoch [30/30], Loss: 0.6802
Epoch [5/30], Loss: 1.9050
Epoch [10/30], Loss: 1.4191
Epoch [15/30], Loss: 0.8244
Epoch [20/30], Loss: 0.7024
Epoch [25/30], Loss: 0.6620
Epoch [30/30], Loss: 0.6246
Epoch [5/30], Loss: 1.8659
Epoch [10/30], Loss: 1.3445
Epoch [15/30], Loss: 0.7625
Epoch [20/30], Loss: 0.6490
Epoch [25/30], Loss: 0.6117
Epoch [30/30], Loss: 0.5765
Epoch [5/30], Loss: 1.8777
Epoch [10/30], Loss: 1.4336
Epoch [15/30], Loss: 0.8859
Epoch [20/30], Loss: 0.7572
Epoch [25/30], Loss: 0.7148
Epoch [30/30], Loss: 0.6758
[01:57:07]   [done] v3_G1dim_xor_MHC_en_n549_d32_ep30 11.9s  CF: S=0.0927 I12=-0.3484 share=None accs=0.486/0.490/0.596
[01:57:07] WROTE /data/jehc223/RGCL/refine-logs/.lsmi_out_power.json
