[00:06:41] === G2 shipped gaussian demo (verbatim generator, n=1600/400, rho=.5) ===
Epoch [5/30], Loss: 0.5487
Epoch [10/30], Loss: 0.5487
Epoch [15/30], Loss: 0.5443
Epoch [20/30], Loss: 0.5347
Epoch [25/30], Loss: 0.5347
Epoch [30/30], Loss: 0.5345
R: 0.4891, U1: 0.0123, U2: -0.0000, S: 0.0543
Epoch [5/30], Loss: 0.5360
Epoch [10/30], Loss: 0.5305
Epoch [15/30], Loss: 0.5246
Epoch [20/30], Loss: 0.5198
Epoch [25/30], Loss: 0.5192
Epoch [30/30], Loss: 0.5191
Epoch [5/30], Loss: 0.5515
Epoch [10/30], Loss: 0.5408
Epoch [15/30], Loss: 0.5413
Epoch [20/30], Loss: 0.5300
Epoch [25/30], Loss: 0.5289
Epoch [30/30], Loss: 0.5296
Epoch [5/30], Loss: 0.5628
Epoch [10/30], Loss: 0.5577
Epoch [15/30], Loss: 0.5536
Epoch [20/30], Loss: 0.5469
Epoch [25/30], Loss: 0.5459
Epoch [30/30], Loss: 0.5453
Epoch [5/30], Loss: 0.5642
Epoch [10/30], Loss: 0.5458
Epoch [15/30], Loss: 0.5493
Epoch [20/30], Loss: 0.5412
Epoch [25/30], Loss: 0.5406
Epoch [30/30], Loss: 0.5408
Epoch [5/30], Loss: 0.5427
Epoch [10/30], Loss: 0.5402
Epoch [15/30], Loss: 0.5314
Epoch [20/30], Loss: 0.5269
Epoch [25/30], Loss: 0.5257
Epoch [30/30], Loss: 0.5253
[00:07:12]   [done] v2_gauss_G2a_gaussian_zerograd_fixed 31.9s  CF: S=0.0492 I12=0.5431 share=0.09065294599972987 accs=0.919/0.913/0.946
Epoch [5/30], Loss: 0.5487
Epoch [10/30], Loss: 0.5487
Epoch [15/30], Loss: 0.5443
Epoch [20/30], Loss: 0.5347
Epoch [25/30], Loss: 0.5347
Epoch [30/30], Loss: 0.5345
Epoch [5/30], Loss: 5.2765
Epoch [10/30], Loss: 4.4157
Epoch [15/30], Loss: 4.2866
Epoch [20/30], Loss: 4.1790
Epoch [25/30], Loss: 4.1904
Epoch [30/30], Loss: 4.1802
R: 0.4891, U1: 0.0123, U2: -0.0000, S: 0.0543
Epoch [5/30], Loss: 0.5360
Epoch [10/30], Loss: 0.5305
Epoch [15/30], Loss: 0.5246
Epoch [20/30], Loss: 0.5198
Epoch [25/30], Loss: 0.5192
Epoch [30/30], Loss: 0.5191
Epoch [5/30], Loss: 5.5250
Epoch [10/30], Loss: 4.7212
Epoch [15/30], Loss: 4.3486
Epoch [20/30], Loss: 4.2289
Epoch [25/30], Loss: 4.1963
Epoch [30/30], Loss: 4.1693
Epoch [5/30], Loss: 0.5515
Epoch [10/30], Loss: 0.5408
Epoch [15/30], Loss: 0.5413
Epoch [20/30], Loss: 0.5300
Epoch [25/30], Loss: 0.5289
Epoch [30/30], Loss: 0.5296
Epoch [5/30], Loss: 4.9596
Epoch [10/30], Loss: 4.4487
Epoch [15/30], Loss: 4.2008
Epoch [20/30], Loss: 4.1292
Epoch [25/30], Loss: 4.1205
Epoch [30/30], Loss: 4.1009
Epoch [5/30], Loss: 0.5628
Epoch [10/30], Loss: 0.5577
Epoch [15/30], Loss: 0.5536
Epoch [20/30], Loss: 0.5469
Epoch [25/30], Loss: 0.5459
Epoch [30/30], Loss: 0.5453
Epoch [5/30], Loss: 5.8017
Epoch [10/30], Loss: 4.9989
Epoch [15/30], Loss: 4.5130
Epoch [20/30], Loss: 4.3104
Epoch [25/30], Loss: 4.2685
Epoch [30/30], Loss: 4.2286
Epoch [5/30], Loss: 0.5642
Epoch [10/30], Loss: 0.5458
Epoch [15/30], Loss: 0.5493
Epoch [20/30], Loss: 0.5412
Epoch [25/30], Loss: 0.5406
Epoch [30/30], Loss: 0.5408
Epoch [5/30], Loss: 5.6804
Epoch [10/30], Loss: 4.9476
Epoch [15/30], Loss: 4.4183
Epoch [20/30], Loss: 4.3822
Epoch [25/30], Loss: 4.3495
Epoch [30/30], Loss: 4.2816
Epoch [5/30], Loss: 0.5427
Epoch [10/30], Loss: 0.5402
Epoch [15/30], Loss: 0.5314
Epoch [20/30], Loss: 0.5269
Epoch [25/30], Loss: 0.5257
Epoch [30/30], Loss: 0.5253
Epoch [5/30], Loss: 6.4349
Epoch [10/30], Loss: 5.3402
Epoch [15/30], Loss: 4.7263
Epoch [20/30], Loss: 4.3074
Epoch [25/30], Loss: 4.2802
Epoch [30/30], Loss: 4.2506
[00:07:43]   [done] v2_gauss_G2b_gaussian_as_shipped 30.7s  CF: S=0.0492 I12=0.5431 share=0.09065294599972985 accs=0.919/0.913/0.946
[00:07:43] === G1 XOR power gates (AMD-2: localize the power wall in n and d) ===
Epoch [5/30], Loss: 1.7932
Epoch [10/30], Loss: 0.9929
Epoch [15/30], Loss: 0.3483
Epoch [20/30], Loss: 0.2272
Epoch [25/30], Loss: 0.1933
Epoch [30/30], Loss: 0.1650
Epoch [5/30], Loss: 1.7797
Epoch [10/30], Loss: 0.9277
Epoch [15/30], Loss: 0.2528
Epoch [20/30], Loss: 0.1625
Epoch [25/30], Loss: 0.1373
Epoch [30/30], Loss: 0.1160
Epoch [5/30], Loss: 1.7426
Epoch [10/30], Loss: 0.8113
Epoch [15/30], Loss: 0.1768
Epoch [20/30], Loss: 0.1149
Epoch [25/30], Loss: 0.0967
Epoch [30/30], Loss: 0.0818
Epoch [5/30], Loss: 1.7409
Epoch [10/30], Loss: 0.8452
Epoch [15/30], Loss: 0.2234
Epoch [20/30], Loss: 0.1457
Epoch [25/30], Loss: 0.1226
Epoch [30/30], Loss: 0.1034
Epoch [5/30], Loss: 1.7360
Epoch [10/30], Loss: 0.8420
Epoch [15/30], Loss: 0.2377
Epoch [20/30], Loss: 0.1544
Epoch [25/30], Loss: 0.1313
Epoch [30/30], Loss: 0.1117
Epoch [5/30], Loss: 1.7484
Epoch [10/30], Loss: 0.8424
Epoch [15/30], Loss: 0.2071
Epoch [20/30], Loss: 0.1339
Epoch [25/30], Loss: 0.1131
Epoch [30/30], Loss: 0.0953
[00:08:00]   [done] v2_G1_xor_MHC_zh_n579_d64 16.4s  CF: S=0.2258 I12=-1.1281 share=None accs=0.478/0.485/0.513
Epoch [5/30], Loss: 1.7328
Epoch [10/30], Loss: 0.7719
Epoch [15/30], Loss: 0.1952
Epoch [20/30], Loss: 0.1181
Epoch [25/30], Loss: 0.0994
Epoch [30/30], Loss: 0.0839
Epoch [5/30], Loss: 1.6818
Epoch [10/30], Loss: 0.7779
Epoch [15/30], Loss: 0.1683
Epoch [20/30], Loss: 0.1053
Epoch [25/30], Loss: 0.0884
Epoch [30/30], Loss: 0.0744
Epoch [5/30], Loss: 1.7166
Epoch [10/30], Loss: 0.7424
Epoch [15/30], Loss: 0.1450
Epoch [20/30], Loss: 0.0898
Epoch [25/30], Loss: 0.0757
Epoch [30/30], Loss: 0.0639
Epoch [5/30], Loss: 1.7527
Epoch [10/30], Loss: 0.7534
Epoch [15/30], Loss: 0.1652
Epoch [20/30], Loss: 0.1056
Epoch [25/30], Loss: 0.0890
Epoch [30/30], Loss: 0.0752
Epoch [5/30], Loss: 1.7242
Epoch [10/30], Loss: 0.7578
Epoch [15/30], Loss: 0.1683
Epoch [20/30], Loss: 0.1053
Epoch [25/30], Loss: 0.0889
Epoch [30/30], Loss: 0.0751
Epoch [5/30], Loss: 1.6544
Epoch [10/30], Loss: 0.7522
Epoch [15/30], Loss: 0.1709
Epoch [20/30], Loss: 0.1033
Epoch [25/30], Loss: 0.0863
Epoch [30/30], Loss: 0.0723
[00:08:22]   [done] v2_G1_xor_HateMM_n744_d64 20.9s  CF: S=0.5316 I12=-1.0685 share=None accs=0.518/0.476/0.530
Epoch [5/30], Loss: 1.7982
Epoch [10/30], Loss: 0.9761
Epoch [15/30], Loss: 0.2858
Epoch [20/30], Loss: 0.1808
Epoch [25/30], Loss: 0.1519
Epoch [30/30], Loss: 0.1281
Epoch [5/30], Loss: 1.7941
Epoch [10/30], Loss: 0.9647
Epoch [15/30], Loss: 0.3009
Epoch [20/30], Loss: 0.2035
Epoch [25/30], Loss: 0.1728
Epoch [30/30], Loss: 0.1468
Epoch [5/30], Loss: 1.7519
Epoch [10/30], Loss: 0.8708
Epoch [15/30], Loss: 0.2452
Epoch [20/30], Loss: 0.1629
Epoch [25/30], Loss: 0.1379
Epoch [30/30], Loss: 0.1167
Epoch [5/30], Loss: 1.7502
Epoch [10/30], Loss: 0.8905
Epoch [15/30], Loss: 0.2766
Epoch [20/30], Loss: 0.1870
Epoch [25/30], Loss: 0.1592
Epoch [30/30], Loss: 0.1356
Epoch [5/30], Loss: 1.7581
Epoch [10/30], Loss: 0.8679
Epoch [15/30], Loss: 0.2409
Epoch [20/30], Loss: 0.1606
Epoch [25/30], Loss: 0.1362
Epoch [30/30], Loss: 0.1154
Epoch [5/30], Loss: 1.7924
Epoch [10/30], Loss: 0.8441
Epoch [15/30], Loss: 0.1944
Epoch [20/30], Loss: 0.1275
Epoch [25/30], Loss: 0.1082
Epoch [30/30], Loss: 0.0918
[00:08:39]   [done] v2_G1_xor_MHC_en_n549_d64 16.7s  CF: S=0.0006 I12=-1.1814 share=None accs=0.444/0.506/0.508
Epoch [5/30], Loss: 1.2755
Epoch [10/30], Loss: 0.9661
Epoch [15/30], Loss: 0.6889
Epoch [20/30], Loss: 0.5081
Epoch [25/30], Loss: 0.4754
Epoch [30/30], Loss: 0.4469
Epoch [5/30], Loss: 1.2672
Epoch [10/30], Loss: 0.9358
Epoch [15/30], Loss: 0.6475
Epoch [20/30], Loss: 0.4655
Epoch [25/30], Loss: 0.4319
Epoch [30/30], Loss: 0.4020
Epoch [5/30], Loss: 1.2803
Epoch [10/30], Loss: 0.9261
Epoch [15/30], Loss: 0.6205
Epoch [20/30], Loss: 0.4409
Epoch [25/30], Loss: 0.4086
Epoch [30/30], Loss: 0.3803
Epoch [5/30], Loss: 1.2735
Epoch [10/30], Loss: 0.9285
Epoch [15/30], Loss: 0.6266
Epoch [20/30], Loss: 0.4458
Epoch [25/30], Loss: 0.4135
Epoch [30/30], Loss: 0.3849
Epoch [5/30], Loss: 1.2567
Epoch [10/30], Loss: 0.9149
Epoch [15/30], Loss: 0.6137
Epoch [20/30], Loss: 0.4362
Epoch [25/30], Loss: 0.4031
Epoch [30/30], Loss: 0.3744
Epoch [5/30], Loss: 1.2697
Epoch [10/30], Loss: 0.9206
Epoch [15/30], Loss: 0.6146
Epoch [20/30], Loss: 0.4356
Epoch [25/30], Loss: 0.4032
Epoch [30/30], Loss: 0.3741
[00:12:21]   [done] v2_G1b_xor_n8000_d64 222.0s  CF: S=1.9129 I12=0.6773 share=2.8244148897971124 accs=0.506/0.495/0.995
Epoch [5/30], Loss: 1.9324
Epoch [10/30], Loss: 1.4144
Epoch [15/30], Loss: 1.2612
Epoch [20/30], Loss: 1.2328
Epoch [25/30], Loss: 1.2239
Epoch [30/30], Loss: 1.2161
Epoch [5/30], Loss: 1.9655
Epoch [10/30], Loss: 1.5477
Epoch [15/30], Loss: 1.2746
Epoch [20/30], Loss: 1.2370
Epoch [25/30], Loss: 1.2259
Epoch [30/30], Loss: 1.2156
Epoch [5/30], Loss: 1.9613
Epoch [10/30], Loss: 1.5081
Epoch [15/30], Loss: 1.2607
Epoch [20/30], Loss: 1.2231
Epoch [25/30], Loss: 1.2125
Epoch [30/30], Loss: 1.2026
Epoch [5/30], Loss: 1.9536
Epoch [10/30], Loss: 1.5021
Epoch [15/30], Loss: 1.2541
Epoch [20/30], Loss: 1.2158
Epoch [25/30], Loss: 1.2055
Epoch [30/30], Loss: 1.1949
Epoch [5/30], Loss: 1.9455
Epoch [10/30], Loss: 1.4788
Epoch [15/30], Loss: 1.2743
Epoch [20/30], Loss: 1.2433
Epoch [25/30], Loss: 1.2345
Epoch [30/30], Loss: 1.2253
Epoch [5/30], Loss: 1.9310
Epoch [10/30], Loss: 1.4708
Epoch [15/30], Loss: 1.2672
Epoch [20/30], Loss: 1.2279
Epoch [25/30], Loss: 1.2190
Epoch [30/30], Loss: 1.2105
[00:12:33]   [done] v2_G1c_xor_n579_d8 12.2s  CF: S=0.7077 I12=0.6452 share=1.096873010917123 accs=0.527/0.511/0.998
Epoch [5/30], Loss: 1.3877
Epoch [10/30], Loss: 1.3668
Epoch [15/30], Loss: 1.3432
Epoch [20/30], Loss: 1.3165
Epoch [25/30], Loss: 1.3112
Epoch [30/30], Loss: 1.3066
Epoch [5/30], Loss: 1.3850
Epoch [10/30], Loss: 1.3570
Epoch [15/30], Loss: 1.3274
Epoch [20/30], Loss: 1.2969
Epoch [25/30], Loss: 1.2910
Epoch [30/30], Loss: 1.2859
Epoch [5/30], Loss: 1.3853
Epoch [10/30], Loss: 1.3613
Epoch [15/30], Loss: 1.3367
Epoch [20/30], Loss: 1.3102
Epoch [25/30], Loss: 1.3047
Epoch [30/30], Loss: 1.2999
Epoch [5/30], Loss: 1.3843
Epoch [10/30], Loss: 1.3595
Epoch [15/30], Loss: 1.3350
Epoch [20/30], Loss: 1.3058
Epoch [25/30], Loss: 1.3005
Epoch [30/30], Loss: 1.2958
Epoch [5/30], Loss: 1.3867
Epoch [10/30], Loss: 1.3636
Epoch [15/30], Loss: 1.3383
Epoch [20/30], Loss: 1.3103
Epoch [25/30], Loss: 1.3052
Epoch [30/30], Loss: 1.3004
Epoch [5/30], Loss: 1.3905
Epoch [10/30], Loss: 1.3721
Epoch [15/30], Loss: 1.3502
Epoch [20/30], Loss: 1.3260
Epoch [25/30], Loss: 1.3204
Epoch [30/30], Loss: 1.3158
[00:15:17]   [done] v2_G1d_xor_n8000_d8 162.9s  CF: S=0.7179 I12=0.6773 share=1.0599824438312322 accs=0.499/0.509/0.995
Epoch [5/30], Loss: 1.5460
Epoch [10/30], Loss: 0.7216
Epoch [15/30], Loss: 0.2800
Epoch [20/30], Loss: 0.1568
Epoch [25/30], Loss: 0.1341
Epoch [30/30], Loss: 0.1146
Epoch [5/30], Loss: 1.6410
Epoch [10/30], Loss: 0.6688
Epoch [15/30], Loss: 0.2140
Epoch [20/30], Loss: 0.1149
Epoch [25/30], Loss: 0.0968
Epoch [30/30], Loss: 0.0817
Epoch [5/30], Loss: 1.6297
Epoch [10/30], Loss: 0.6633
Epoch [15/30], Loss: 0.2178
Epoch [20/30], Loss: 0.1171
Epoch [25/30], Loss: 0.0991
Epoch [30/30], Loss: 0.0845
Epoch [5/30], Loss: 1.6160
Epoch [10/30], Loss: 0.6628
Epoch [15/30], Loss: 0.2317
Epoch [20/30], Loss: 0.1205
Epoch [25/30], Loss: 0.1019
Epoch [30/30], Loss: 0.0865
Epoch [5/30], Loss: 1.6152
Epoch [10/30], Loss: 0.7069
Epoch [15/30], Loss: 0.2446
Epoch [20/30], Loss: 0.1300
Epoch [25/30], Loss: 0.1102
Epoch [30/30], Loss: 0.0935
Epoch [5/30], Loss: 1.6006
Epoch [10/30], Loss: 0.6721
Epoch [15/30], Loss: 0.2159
Epoch [20/30], Loss: 0.1179
Epoch [25/30], Loss: 0.0997
Epoch [30/30], Loss: 0.0845
[00:16:13]   [done] v2_G1e_xor_n2000_d64 55.5s  CF: S=2.3264 I12=0.2121 share=10.969206108092093 accs=0.511/0.517/0.823
[00:16:13] WROTE /data/jehc223/RGCL/refine-logs/.lsmi_out_gates.json
