2026/08/06 07:35:57 INFO  : MHC_zh_moka/README.md: Copied (new)
2026/08/06 07:35:57 INFO  : MHC_zh_moka/added_tokens.json: Copied (new)
2026/08/06 07:35:58 INFO  : MHC_zh_moka/chat_template.json: Copied (new)
2026/08/06 07:35:58 INFO  : MHC_zh_moka/adapter_config.json: Copied (new)
2026/08/06 07:35:58 INFO  : MHC_zh_moka/all_results.json: Copied (new)
2026/08/06 07:35:58 INFO  : MHC_zh_moka/preprocessor_config.json: Copied (new)
2026/08/06 07:35:58 INFO  : MHC_zh_moka/eval_results.json: Copied (new)
2026/08/06 07:35:58 INFO  : MHC_zh_moka/special_tokens_map.json: Copied (new)
2026/08/06 07:35:58 INFO  : MHC_zh_moka/trainer_state.json: Copied (new)
2026/08/06 07:35:58 INFO  : MHC_zh_moka/trainer_log.jsonl: Copied (new)
2026/08/06 07:35:58 INFO  : MHC_zh_moka/train_results.json: Copied (new)
2026/08/06 07:35:58 INFO  : MHC_zh_moka/tokenizer_config.json: Copied (new)
2026/08/06 07:35:59 INFO  : MHC_zh_moka/training_eval_loss.png: Copied (new)
2026/08/06 07:35:59 INFO  : MHC_zh_moka/training_loss.png: Copied (new)
2026/08/06 07:35:59 INFO  : MHC_zh_moka/training_args.bin: Copied (new)
2026/08/06 07:35:59 INFO  : MHC/adapter_config.json: Copied (new)
2026/08/06 07:35:59 INFO  : MHC/README.md: Copied (new)
2026/08/06 07:35:59 INFO  : MHC/added_tokens.json: Copied (new)
2026/08/06 07:35:59 INFO  : MHC/all_results.json: Copied (new)
2026/08/06 07:35:59 INFO  : MHC_zh_moka/merges.txt: Copied (new)
2026/08/06 07:35:59 INFO  : MHC/eval_results.json: Copied (new)
2026/08/06 07:35:59 INFO  : MHC/chat_template.json: Copied (new)
2026/08/06 07:36:00 INFO  : MHC/preprocessor_config.json: Copied (new)
2026/08/06 07:36:00 INFO  : MHC/special_tokens_map.json: Copied (new)
2026/08/06 07:36:00 INFO  : MHC_zh_moka/vocab.json: Copied (new)
2026/08/06 07:36:00 INFO  : MHC/train_results.json: Copied (new)
2026/08/06 07:36:00 INFO  : MHC_zh_moka/tokenizer.json: Copied (new)
2026/08/06 07:36:00 INFO  : MHC/tokenizer_config.json: Copied (new)
2026/08/06 07:36:01 INFO  : MHC/training_eval_loss.png: Copied (new)
2026/08/06 07:36:01 INFO  : MHC/trainer_state.json: Copied (new)
2026/08/06 07:36:01 INFO  : MHC/training_args.bin: Copied (new)
2026/08/06 07:36:01 INFO  : MHC/training_loss.png: Copied (new)
2026/08/06 07:36:01 INFO  : MHC/merges.txt: Copied (new)
2026/08/06 07:36:01 INFO  : MHC/trainer_log.jsonl: Copied (new)
2026/08/06 07:36:01 INFO  : HateMM_curric_rep2/adapter_config.json: Copied (new)
2026/08/06 07:36:01 INFO  : HateMM_curric_rep2/added_tokens.json: Copied (new)
2026/08/06 07:36:01 INFO  : HateMM_curric_rep2/README.md: Copied (new)
2026/08/06 07:36:02 INFO  : HateMM_curric_rep2/eval_results.json: Copied (new)
2026/08/06 07:36:02 INFO  : HateMM_curric_rep2/chat_template.json: Copied (new)
2026/08/06 07:36:02 INFO  : MHC/vocab.json: Copied (new)
2026/08/06 07:36:02 INFO  : MHC/tokenizer.json: Copied (new)
2026/08/06 07:36:03 INFO  : HateMM_curric_rep2/preprocessor_config.json: Copied (new)
2026/08/06 07:36:03 INFO  : HateMM_curric_rep2/special_tokens_map.json: Copied (new)
2026/08/06 07:36:03 INFO  : HateMM_curric_rep2/train_results.json: Copied (new)
2026/08/06 07:36:03 INFO  : HateMM_curric_rep2/tokenizer_config.json: Copied (new)
2026/08/06 07:36:04 INFO  : HateMM_curric_rep2/merges.txt: Copied (new)
2026/08/06 07:36:04 INFO  : HateMM_curric_rep2/all_results.json: Copied (new)
2026/08/06 07:36:04 INFO  : HateMM_curric_rep2/trainer_log.jsonl: Copied (new)
2026/08/06 07:36:04 INFO  : HateMM_curric_rep2/training_loss.png: Copied (new)
2026/08/06 07:36:04 INFO  : HateMM_curric_rep2/trainer_state.json: Copied (new)
2026/08/06 07:36:04 INFO  : HateMM_curric_rep2/training_eval_loss.png: Copied (new)
2026/08/06 07:36:04 INFO  : HateMM_curric_rep2/training_args.bin: Copied (new)
2026/08/06 07:36:04 INFO  : HateMM_vis/README.md: Copied (new)
2026/08/06 07:36:04 INFO  : HateMM_vis/adapter_config.json: Copied (new)
2026/08/06 07:36:05 INFO  : HateMM_vis/all_results.json: Copied (new)
2026/08/06 07:36:05 INFO  : HateMM_vis/added_tokens.json: Copied (new)
2026/08/06 07:36:05 INFO  : HateMM_curric_rep2/vocab.json: Copied (new)
2026/08/06 07:36:05 INFO  : HateMM_vis/chat_template.json: Copied (new)
2026/08/06 07:36:05 INFO  : HateMM_curric_rep2/tokenizer.json: Copied (new)
2026/08/06 07:36:05 INFO  : HateMM_vis/eval_results.json: Copied (new)
2026/08/06 07:36:06 INFO  : HateMM_vis/special_tokens_map.json: Copied (new)
2026/08/06 07:36:06 INFO  : HateMM_vis/preprocessor_config.json: Copied (new)
2026/08/06 07:36:06 INFO  : HateMM_vis/merges.txt: Copied (new)
2026/08/06 07:36:06 INFO  : HateMM_vis/trainer_log.jsonl: Copied (new)
2026/08/06 07:36:06 INFO  : HateMM_vis/train_results.json: Copied (new)
2026/08/06 07:36:06 INFO  : HateMM_vis/tokenizer_config.json: Copied (new)
2026/08/06 07:36:06 INFO  : HateMM_vis/trainer_state.json: Copied (new)
2026/08/06 07:36:07 INFO  : HateMM_vis/training_args.bin: Copied (new)
2026/08/06 07:36:07 INFO  : HateMM_vis/training_loss.png: Copied (new)
2026/08/06 07:36:07 INFO  : HateMM_vis/training_eval_loss.png: Copied (new)
2026/08/06 07:36:07 INFO  : MHC_zh/README.md: Copied (new)
2026/08/06 07:36:07 INFO  : MHC_zh_moka/adapter_model.safetensors: Copied (new)
2026/08/06 07:36:07 INFO  : HateMM_vis/tokenizer.json: Copied (new)
2026/08/06 07:36:07 INFO  : MHC_zh/added_tokens.json: Copied (new)
2026/08/06 07:36:08 INFO  : MHC_zh/all_results.json: Copied (new)
2026/08/06 07:36:08 INFO  : MHC_zh/chat_template.json: Copied (new)
2026/08/06 07:36:08 INFO  : MHC_zh/eval_results.json: Copied (new)
2026/08/06 07:36:08 INFO  : MHC_zh/adapter_config.json: Copied (new)
2026/08/06 07:36:08 INFO  : HateMM_vis/vocab.json: Copied (new)
2026/08/06 07:36:09 INFO  : MHC_zh/merges.txt: Copied (new)
2026/08/06 07:36:09 INFO  : MHC_zh/tokenizer_config.json: Copied (new)
2026/08/06 07:36:09 INFO  : MHC_zh/preprocessor_config.json: Copied (new)
2026/08/06 07:36:09 INFO  : MHC_zh/train_results.json: Copied (new)
2026/08/06 07:36:09 INFO  : MHC_zh/special_tokens_map.json: Copied (new)
2026/08/06 07:36:10 INFO  : MHC_zh/trainer_state.json: Copied (new)
2026/08/06 07:36:10 INFO  : MHC_zh/trainer_log.jsonl: Copied (new)
2026/08/06 07:36:10 INFO  : MHC_zh/training_args.bin: Copied (new)
2026/08/06 07:36:10 INFO  : MHC_zh/tokenizer.json: Copied (new)
2026/08/06 07:36:10 INFO  : MHC_zh/training_eval_loss.png: Copied (new)
2026/08/06 07:36:10 INFO  : MHC_zh/training_loss.png: Copied (new)
2026/08/06 07:36:10 INFO  : HateMM/README.md: Copied (new)
2026/08/06 07:36:11 INFO  : HateMM/added_tokens.json: Copied (new)
2026/08/06 07:36:11 INFO  : HateMM/adapter_config.json: Copied (new)
2026/08/06 07:36:11 INFO  : HateMM/chat_template.json: Copied (new)
2026/08/06 07:36:11 INFO  : HateMM/all_results.json: Copied (new)
2026/08/06 07:36:11 INFO  : HateMM/eval_results.json: Copied (new)
2026/08/06 07:36:11 INFO  : MHC_zh/vocab.json: Copied (new)
2026/08/06 07:36:12 INFO  : MHC/adapter_model.safetensors: Copied (new)
2026/08/06 07:36:12 INFO  : HateMM/special_tokens_map.json: Copied (new)
2026/08/06 07:36:12 INFO  : HateMM/preprocessor_config.json: Copied (new)
2026/08/06 07:36:12 INFO  : HateMM/merges.txt: Copied (new)
2026/08/06 07:36:12 INFO  : HateMM/tokenizer_config.json: Copied (new)
2026/08/06 07:36:12 INFO  : HateMM/trainer_log.jsonl: Copied (new)
2026/08/06 07:36:12 INFO  : HateMM/trainer_state.json: Copied (new)
2026/08/06 07:36:13 INFO  : HateMM/tokenizer.json: Copied (new)
2026/08/06 07:36:13 INFO  : HateMM/training_args.bin: Copied (new)
2026/08/06 07:36:13 INFO  : HateMM/training_loss.png: Copied (new)
2026/08/06 07:36:13 INFO  : HateMM/training_eval_loss.png: Copied (new)
2026/08/06 07:36:13 INFO  : HateMM_curric/README.md: Copied (new)
2026/08/06 07:36:13 INFO  : HateMM_curric/adapter_config.json: Copied (new)
2026/08/06 07:36:14 INFO  : HateMM_curric/added_tokens.json: Copied (new)
2026/08/06 07:36:14 INFO  : HateMM/vocab.json: Copied (new)
2026/08/06 07:36:14 INFO  : HateMM_curric/all_results.json: Copied (new)
2026/08/06 07:36:14 INFO  : HateMM/train_results.json: Copied (new)
2026/08/06 07:36:14 INFO  : HateMM_curric/chat_template.json: Copied (new)
2026/08/06 07:36:14 INFO  : HateMM_curric/eval_results.json: Copied (new)
2026/08/06 07:36:14 INFO  : HateMM_curric/special_tokens_map.json: Copied (new)
2026/08/06 07:36:14 INFO  : HateMM_curric_rep2/adapter_model.safetensors: Copied (new)
2026/08/06 07:36:15 INFO  : HateMM_curric/preprocessor_config.json: Copied (new)
2026/08/06 07:36:15 INFO  : HateMM_curric/train_results.json: Copied (new)
2026/08/06 07:36:15 INFO  : HateMM_curric/tokenizer_config.json: Copied (new)
2026/08/06 07:36:15 INFO  : HateMM_curric/trainer_log.jsonl: Copied (new)
2026/08/06 07:36:15 INFO  : HateMM_curric/tokenizer.json: Copied (new)
2026/08/06 07:36:15 INFO  : HateMM_curric/training_args.bin: Copied (new)
2026/08/06 07:36:15 INFO  : HateMM_curric/merges.txt: Copied (new)
2026/08/06 07:36:16 INFO  : HateMM_curric/training_eval_loss.png: Copied (new)
2026/08/06 07:36:16 INFO  : HateMM_curric/trainer_state.json: Copied (new)
2026/08/06 07:36:16 INFO  : MHC_zh_curric/README.md: Copied (new)
2026/08/06 07:36:16 INFO  : HateMM_curric/training_loss.png: Copied (new)
2026/08/06 07:36:16 INFO  : MHC_zh_curric/adapter_config.json: Copied (new)
2026/08/06 07:36:16 INFO  : MHC_zh_curric/added_tokens.json: Copied (new)
2026/08/06 07:36:16 INFO  : HateMM_curric/vocab.json: Copied (new)
2026/08/06 07:36:16 INFO  : MHC_zh_curric/all_results.json: Copied (new)
2026/08/06 07:36:16 INFO  : MHC_zh_curric/chat_template.json: Copied (new)
2026/08/06 07:36:16 INFO  : MHC_zh_curric/eval_results.json: Copied (new)
2026/08/06 07:36:17 INFO  : MHC_zh_curric/preprocessor_config.json: Copied (new)
2026/08/06 07:36:17 INFO  : MHC_zh_curric/special_tokens_map.json: Copied (new)
2026/08/06 07:36:17 INFO  : MHC_zh_curric/tokenizer_config.json: Copied (new)
2026/08/06 07:36:17 INFO  : MHC_zh_curric/merges.txt: Copied (new)
2026/08/06 07:36:17 INFO  : MHC_zh_curric/train_results.json: Copied (new)
2026/08/06 07:36:17 INFO  : MHC_zh_curric/trainer_log.jsonl: Copied (new)
2026/08/06 07:36:18 INFO  : MHC_zh_curric/training_args.bin: Copied (new)
2026/08/06 07:36:18 INFO  : MHC_zh_curric/tokenizer.json: Copied (new)
2026/08/06 07:36:18 INFO  : MHC_zh_curric/trainer_state.json: Copied (new)
2026/08/06 07:36:18 INFO  : MHC_zh_curric/training_loss.png: Copied (new)
2026/08/06 07:36:18 INFO  : MHC_zh_curric/training_eval_loss.png: Copied (new)
2026/08/06 07:36:18 INFO  : MHC_zh_moka/checkpoint-216/README.md: Copied (new)
2026/08/06 07:36:18 INFO  : MHC_zh_curric/vocab.json: Copied (new)
2026/08/06 07:36:18 INFO  : MHC_zh_moka/checkpoint-216/adapter_config.json: Copied (new)
2026/08/06 07:36:19 INFO  : MHC_zh_moka/checkpoint-216/added_tokens.json: Copied (new)
2026/08/06 07:36:19 INFO  : MHC_zh_moka/checkpoint-216/chat_template.json: Copied (new)
2026/08/06 07:36:19 INFO  : MHC_zh_moka/checkpoint-216/preprocessor_config.json: Copied (new)
2026/08/06 07:36:19 INFO  : MHC_zh_moka/checkpoint-216/rng_state.pth: Copied (new)
2026/08/06 07:36:19 INFO  : MHC_zh_moka/checkpoint-216/merges.txt: Copied (new)
2026/08/06 07:36:20 INFO  : MHC_zh_moka/checkpoint-216/special_tokens_map.json: Copied (new)
2026/08/06 07:36:20 INFO  : MHC_zh_moka/checkpoint-216/tokenizer_config.json: Copied (new)
2026/08/06 07:36:20 INFO  : MHC_zh_moka/checkpoint-216/trainer_state.json: Copied (new)
2026/08/06 07:36:21 INFO  : MHC_zh_moka/checkpoint-216/training_args.bin: Copied (new)
2026/08/06 07:36:21 INFO  : MHC_zh_moka/checkpoint-216/tokenizer.json: Copied (new)
2026/08/06 07:36:21 INFO  : MHC_zh/adapter_model.safetensors: Copied (new)
2026/08/06 07:36:21 INFO  : MHC_vis/README.md: Copied (new)
2026/08/06 07:36:21 INFO  : MHC_vis/adapter_config.json: Copied (new)
2026/08/06 07:36:22 INFO  : MHC_vis/added_tokens.json: Copied (new)
2026/08/06 07:36:22 INFO  : MHC_zh_moka/checkpoint-216/vocab.json: Copied (new)
2026/08/06 07:36:22 INFO  : MHC_vis/all_results.json: Copied (new)
2026/08/06 07:36:22 INFO  : MHC_vis/eval_results.json: Copied (new)
2026/08/06 07:36:23 INFO  : MHC_vis/chat_template.json: Copied (new)
2026/08/06 07:36:23 INFO  : MHC_vis/preprocessor_config.json: Copied (new)
2026/08/06 07:36:23 INFO  : HateMM/adapter_model.safetensors: Copied (new)
2026/08/06 07:36:23 INFO  : MHC_vis/merges.txt: Copied (new)
2026/08/06 07:36:23 INFO  : MHC_vis/special_tokens_map.json: Copied (new)
2026/08/06 07:36:24 INFO  : MHC_vis/tokenizer_config.json: Copied (new)
2026/08/06 07:36:24 INFO  : MHC_vis/train_results.json: Copied (new)
2026/08/06 07:36:24 INFO  : MHC_vis/tokenizer.json: Copied (new)
2026/08/06 07:36:24 INFO  : MHC_vis/trainer_log.jsonl: Copied (new)
2026/08/06 07:36:24 INFO  : MHC_vis/trainer_state.json: Copied (new)
2026/08/06 07:36:24 INFO  : MHC_vis/training_eval_loss.png: Copied (new)
2026/08/06 07:36:24 INFO  : HateMM_vis/adapter_model.safetensors: Copied (new)
2026/08/06 07:36:24 INFO  : MHC_vis/training_args.bin: Copied (new)
2026/08/06 07:36:24 INFO  : MHC_vis/training_loss.png: Copied (new)
2026/08/06 07:36:25 INFO  : MHC_zh_moka/checkpoint-73/README.md: Copied (new)
2026/08/06 07:36:25 INFO  : MHC_zh_moka/checkpoint-73/adapter_config.json: Copied (new)
2026/08/06 07:36:25 INFO  : MHC_zh_moka/checkpoint-73/added_tokens.json: Copied (new)
2026/08/06 07:36:25 INFO  : MHC_zh_moka/checkpoint-73/chat_template.json: Copied (new)
2026/08/06 07:36:25 INFO  : MHC_zh_moka/checkpoint-73/merges.txt: Copied (new)
2026/08/06 07:36:25 INFO  : MHC_zh_moka/checkpoint-73/preprocessor_config.json: Copied (new)
2026/08/06 07:36:25 INFO  : MHC_vis/vocab.json: Copied (new)
2026/08/06 07:36:25 INFO  : MHC_zh_moka/checkpoint-73/rng_state.pth: Copied (new)
2026/08/06 07:36:26 INFO  : MHC_zh_moka/checkpoint-73/tokenizer_config.json: Copied (new)
2026/08/06 07:36:26 INFO  : MHC_zh_moka/checkpoint-73/special_tokens_map.json: Copied (new)
2026/08/06 07:36:26 INFO  : MHC_zh_moka/checkpoint-73/trainer_state.json: Copied (new)
2026/08/06 07:36:26 INFO  : MHC_zh_moka/checkpoint-73/training_args.bin: Copied (new)
2026/08/06 07:36:26 INFO  : MHC_zh_moka/checkpoint-73/tokenizer.json: Copied (new)
2026/08/06 07:36:27 INFO  : MHC/checkpoint-69/README.md: Copied (new)
2026/08/06 07:36:27 INFO  : MHC_zh_moka/checkpoint-73/vocab.json: Copied (new)
2026/08/06 07:36:27 INFO  : MHC/checkpoint-69/adapter_config.json: Copied (new)
2026/08/06 07:36:27 INFO  : MHC/checkpoint-69/added_tokens.json: Copied (new)
2026/08/06 07:36:27 INFO  : MHC/checkpoint-69/chat_template.json: Copied (new)
2026/08/06 07:36:28 INFO  : MHC/checkpoint-69/merges.txt: Copied (new)
2026/08/06 07:36:28 INFO  : MHC/checkpoint-69/preprocessor_config.json: Copied (new)
2026/08/06 07:36:28 INFO  : MHC/checkpoint-69/rng_state.pth: Copied (new)
2026/08/06 07:36:28 INFO  : MHC/checkpoint-69/special_tokens_map.json: Copied (new)
2026/08/06 07:36:28 INFO  : MHC_zh_moka/checkpoint-216/adapter_model.safetensors: Copied (new)
2026/08/06 07:36:29 INFO  : MHC/checkpoint-69/tokenizer_config.json: Copied (new)
2026/08/06 07:36:29 INFO  : MHC_zh_curric/adapter_model.safetensors: Copied (new)
2026/08/06 07:36:29 INFO  : MHC/checkpoint-69/trainer_state.json: Copied (new)
2026/08/06 07:36:29 INFO  : HateMM_curric/adapter_model.safetensors: Copied (new)
2026/08/06 07:36:29 INFO  : MHC_zh_moka/checkpoint-146/README.md: Copied (new)
2026/08/06 07:36:29 INFO  : MHC_zh_moka/checkpoint-146/adapter_config.json: Copied (new)
2026/08/06 07:36:29 INFO  : MHC/checkpoint-69/training_args.bin: Copied (new)
2026/08/06 07:36:29 INFO  : MHC/checkpoint-69/tokenizer.json: Copied (new)
2026/08/06 07:36:29 INFO  : MHC_zh_moka/checkpoint-146/chat_template.json: Copied (new)
2026/08/06 07:36:30 INFO  : MHC_zh_moka/checkpoint-146/added_tokens.json: Copied (new)
2026/08/06 07:36:30 INFO  : MHC_zh_moka/checkpoint-146/preprocessor_config.json: Copied (new)
2026/08/06 07:36:30 INFO  : MHC_zh_moka/checkpoint-146/rng_state.pth: Copied (new)
2026/08/06 07:36:30 INFO  : MHC_zh_moka/checkpoint-146/special_tokens_map.json: Copied (new)
2026/08/06 07:36:30 INFO  : MHC_zh_moka/checkpoint-146/tokenizer_config.json: Copied (new)
2026/08/06 07:36:31 INFO  : MHC_zh_moka/checkpoint-146/trainer_state.json: Copied (new)
2026/08/06 07:36:31 INFO  : MHC/checkpoint-69/vocab.json: Copied (new)
2026/08/06 07:36:31 INFO  : MHC_zh_moka/checkpoint-146/merges.txt: Copied (new)
2026/08/06 07:36:31 INFO  : MHC_zh_moka/checkpoint-146/training_args.bin: Copied (new)
2026/08/06 07:36:31 INFO  : HateMM_curric_rep2/checkpoint-186/README.md: Copied (new)
2026/08/06 07:36:32 INFO  : HateMM_curric_rep2/checkpoint-186/adapter_config.json: Copied (new)
2026/08/06 07:36:32 INFO  : MHC_zh_moka/checkpoint-146/tokenizer.json: Copied (new)
2026/08/06 07:36:32 INFO  : HateMM_curric_rep2/checkpoint-186/chat_template.json: Copied (new)
2026/08/06 07:36:33 INFO  : HateMM_curric_rep2/checkpoint-186/added_tokens.json: Copied (new)
2026/08/06 07:36:33 INFO  : MHC_zh_moka/checkpoint-146/vocab.json: Copied (new)
2026/08/06 07:36:33 INFO  : HateMM_curric_rep2/checkpoint-186/rng_state.pth: Copied (new)
2026/08/06 07:36:33 INFO  : HateMM_curric_rep2/checkpoint-186/special_tokens_map.json: Copied (new)
2026/08/06 07:36:33 INFO  : HateMM_curric_rep2/checkpoint-186/preprocessor_config.json: Copied (new)
2026/08/06 07:36:33 INFO  : HateMM_curric_rep2/checkpoint-186/tokenizer_config.json: Copied (new)
2026/08/06 07:36:34 INFO  : HateMM_curric_rep2/checkpoint-186/merges.txt: Copied (new)
2026/08/06 07:36:34 INFO  : HateMM_curric_rep2/checkpoint-186/trainer_state.json: Copied (new)
2026/08/06 07:36:35 INFO  : HateMM_curric_rep2/checkpoint-186/training_args.bin: Copied (new)
2026/08/06 07:36:35 INFO  : HateMM_curric_rep2/checkpoint-186/tokenizer.json: Copied (new)
2026/08/06 07:36:35 INFO  : MHC_zh_moka/checkpoint-73/adapter_model.safetensors: Copied (new)
2026/08/06 07:36:35 INFO  : HateMM_curric_rep2/checkpoint-276/README.md: Copied (new)
2026/08/06 07:36:35 INFO  : HateMM_curric_rep2/checkpoint-186/vocab.json: Copied (new)
2026/08/06 07:36:35 INFO  : HateMM_curric_rep2/checkpoint-276/adapter_config.json: Copied (new)
2026/08/06 07:36:35 INFO  : HateMM_curric_rep2/checkpoint-276/chat_template.json: Copied (new)
2026/08/06 07:36:36 INFO  : HateMM_curric_rep2/checkpoint-276/added_tokens.json: Copied (new)
2026/08/06 07:36:36 INFO  : HateMM_curric_rep2/checkpoint-276/preprocessor_config.json: Copied (new)
2026/08/06 07:36:36 INFO  : HateMM_curric_rep2/checkpoint-276/rng_state.pth: Copied (new)
2026/08/06 07:36:36 INFO  : HateMM_curric_rep2/checkpoint-276/special_tokens_map.json: Copied (new)
2026/08/06 07:36:36 INFO  : HateMM_curric_rep2/checkpoint-276/merges.txt: Copied (new)
2026/08/06 07:36:36 INFO  : HateMM_curric_rep2/checkpoint-276/tokenizer_config.json: Copied (new)
2026/08/06 07:36:37 INFO  : HateMM_curric_rep2/checkpoint-276/trainer_state.json: Copied (new)
2026/08/06 07:36:37 INFO  : HateMM_curric_rep2/checkpoint-276/training_args.bin: Copied (new)
2026/08/06 07:36:37 INFO  : HateMM_curric_rep2/checkpoint-93/README.md: Copied (new)
2026/08/06 07:36:38 INFO  : HateMM_curric_rep2/checkpoint-276/vocab.json: Copied (new)
2026/08/06 07:36:38 INFO  : HateMM_curric_rep2/checkpoint-93/adapter_config.json: Copied (new)
2026/08/06 07:36:38 INFO  : MHC_vis/adapter_model.safetensors: Copied (new)
2026/08/06 07:36:38 INFO  : HateMM_curric_rep2/checkpoint-276/tokenizer.json: Copied (new)
2026/08/06 07:36:38 INFO  : HateMM_curric_rep2/checkpoint-93/added_tokens.json: Copied (new)
2026/08/06 07:36:39 INFO  : MHC/checkpoint-69/adapter_model.safetensors: Copied (new)
2026/08/06 07:36:39 INFO  : HateMM_curric_rep2/checkpoint-93/chat_template.json: Copied (new)
2026/08/06 07:36:39 INFO  : HateMM_curric_rep2/checkpoint-93/preprocessor_config.json: Copied (new)
2026/08/06 07:36:39 INFO  : HateMM_curric_rep2/checkpoint-93/merges.txt: Copied (new)
2026/08/06 07:36:39 INFO  : HateMM_curric_rep2/checkpoint-93/special_tokens_map.json: Copied (new)
2026/08/06 07:36:39 INFO  : HateMM_curric_rep2/checkpoint-93/rng_state.pth: Copied (new)
2026/08/06 07:36:39 INFO  : HateMM_curric_rep2/checkpoint-93/trainer_state.json: Copied (new)
2026/08/06 07:36:39 INFO  : HateMM_curric_rep2/checkpoint-93/tokenizer_config.json: Copied (new)
2026/08/06 07:36:39 INFO  : HateMM_curric_rep2/checkpoint-93/training_args.bin: Copied (new)
2026/08/06 07:36:39 INFO  : MHC/checkpoint-138/README.md: Copied (new)
2026/08/06 07:36:40 INFO  : MHC_zh_moka/checkpoint-146/adapter_model.safetensors: Copied (new)
2026/08/06 07:36:40 INFO  : MHC/checkpoint-138/adapter_config.json: Copied (new)
2026/08/06 07:36:40 INFO  : HateMM_curric_rep2/checkpoint-93/vocab.json: Copied (new)
2026/08/06 07:36:40 INFO  : MHC/checkpoint-138/added_tokens.json: Copied (new)
2026/08/06 07:36:40 INFO  : MHC/checkpoint-138/chat_template.json: Copied (new)
2026/08/06 07:36:40 INFO  : MHC/checkpoint-138/merges.txt: Copied (new)
2026/08/06 07:36:40 INFO  : MHC/checkpoint-138/rng_state.pth: Copied (new)
2026/08/06 07:36:40 INFO  : MHC/checkpoint-138/preprocessor_config.json: Copied (new)
2026/08/06 07:36:40 INFO  : MHC/checkpoint-138/special_tokens_map.json: Copied (new)
2026/08/06 07:36:41 INFO  : MHC/checkpoint-138/tokenizer_config.json: Copied (new)
2026/08/06 07:36:41 INFO  : MHC/checkpoint-138/trainer_state.json: Copied (new)
2026/08/06 07:36:41 INFO  : HateMM_curric_rep2/checkpoint-93/tokenizer.json: Copied (new)
2026/08/06 07:36:41 INFO  : MHC/checkpoint-138/training_args.bin: Copied (new)
2026/08/06 07:36:41 INFO  : MHC/checkpoint-204/README.md: Copied (new)
2026/08/06 07:36:41 INFO  : MHC/checkpoint-204/adapter_config.json: Copied (new)
2026/08/06 07:36:41 INFO  : MHC/checkpoint-138/vocab.json: Copied (new)
2026/08/06 07:36:42 INFO  : MHC/checkpoint-204/chat_template.json: Copied (new)
2026/08/06 07:36:42 INFO  : MHC/checkpoint-204/added_tokens.json: Copied (new)
2026/08/06 07:36:42 INFO  : MHC/checkpoint-138/tokenizer.json: Copied (new)
2026/08/06 07:36:42 INFO  : MHC/checkpoint-204/preprocessor_config.json: Copied (new)
2026/08/06 07:36:42 INFO  : MHC/checkpoint-204/rng_state.pth: Copied (new)
2026/08/06 07:36:42 INFO  : MHC/checkpoint-204/merges.txt: Copied (new)
2026/08/06 07:36:42 INFO  : MHC/checkpoint-204/special_tokens_map.json: Copied (new)
2026/08/06 07:36:43 INFO  : MHC/checkpoint-204/tokenizer_config.json: Copied (new)
2026/08/06 07:36:43 INFO  : MHC/checkpoint-204/trainer_state.json: Copied (new)
2026/08/06 07:36:43 INFO  : MHC/checkpoint-204/training_args.bin: Copied (new)
2026/08/06 07:36:43 INFO  : MHC/checkpoint-204/tokenizer.json: Copied (new)
2026/08/06 07:36:43 INFO  : MHC/checkpoint-204/vocab.json: Copied (new)
2026/08/06 07:36:43 INFO  : HateMM_vis/checkpoint-276/README.md: Copied (new)
2026/08/06 07:36:44 INFO  : HateMM_vis/checkpoint-276/adapter_config.json: Copied (new)
2026/08/06 07:36:44 INFO  : HateMM_vis/checkpoint-276/added_tokens.json: Copied (new)
2026/08/06 07:36:44 INFO  : HateMM_vis/checkpoint-276/chat_template.json: Copied (new)
2026/08/06 07:36:44 INFO  : HateMM_vis/checkpoint-276/preprocessor_config.json: Copied (new)
2026/08/06 07:36:45 INFO  : HateMM_vis/checkpoint-276/merges.txt: Copied (new)
2026/08/06 07:36:45 INFO  : HateMM_vis/checkpoint-276/rng_state.pth: Copied (new)
2026/08/06 07:36:45 INFO  : HateMM_vis/checkpoint-276/special_tokens_map.json: Copied (new)
2026/08/06 07:36:46 INFO  : HateMM_vis/checkpoint-276/tokenizer_config.json: Copied (new)
2026/08/06 07:36:46 INFO  : HateMM_vis/checkpoint-276/trainer_state.json: Copied (new)
2026/08/06 07:36:47 INFO  : HateMM_vis/checkpoint-276/training_args.bin: Copied (new)
2026/08/06 07:36:47 INFO  : HateMM_vis/checkpoint-276/tokenizer.json: Copied (new)
2026/08/06 07:36:47 INFO  : HateMM_vis/checkpoint-186/README.md: Copied (new)
2026/08/06 07:36:48 INFO  : HateMM_curric_rep2/checkpoint-276/adapter_model.safetensors: Copied (new)
2026/08/06 07:36:48 INFO  : HateMM_vis/checkpoint-186/adapter_config.json: Copied (new)
2026/08/06 07:36:48 INFO  : HateMM_vis/checkpoint-276/vocab.json: Copied (new)
2026/08/06 07:36:48 INFO  : HateMM_vis/checkpoint-186/added_tokens.json: Copied (new)
2026/08/06 07:36:49 INFO  : HateMM_vis/checkpoint-186/chat_template.json: Copied (new)
2026/08/06 07:36:49 INFO  : HateMM_vis/checkpoint-186/preprocessor_config.json: Copied (new)
2026/08/06 07:36:49 INFO  : HateMM_vis/checkpoint-186/merges.txt: Copied (new)
2026/08/06 07:36:50 INFO  : HateMM_vis/checkpoint-186/special_tokens_map.json: Copied (new)
2026/08/06 07:36:50 INFO  : HateMM_vis/checkpoint-186/rng_state.pth: Copied (new)
2026/08/06 07:36:50 INFO  : HateMM_vis/checkpoint-186/tokenizer_config.json: Copied (new)
2026/08/06 07:36:51 INFO  : HateMM_curric_rep2/checkpoint-93/adapter_model.safetensors: Copied (new)
2026/08/06 07:36:51 INFO  : HateMM_vis/checkpoint-186/trainer_state.json: Copied (new)
2026/08/06 07:36:51 INFO  : HateMM_vis/checkpoint-186/training_args.bin: Copied (new)
2026/08/06 07:36:51 INFO  : HateMM_vis/checkpoint-186/tokenizer.json: Copied (new)
2026/08/06 07:36:51 INFO  : HateMM_vis/checkpoint-93/README.md: Copied (new)
2026/08/06 07:36:52 INFO  : HateMM_curric_rep2/checkpoint-186/adapter_model.safetensors: Copied (new)
2026/08/06 07:36:52 INFO  : MHC/checkpoint-138/adapter_model.safetensors: Copied (new)
2026/08/06 07:36:52 INFO  : HateMM_vis/checkpoint-93/added_tokens.json: Copied (new)
2026/08/06 07:36:52 INFO  : HateMM_vis/checkpoint-93/chat_template.json: Copied (new)
2026/08/06 07:36:52 INFO  : HateMM_vis/checkpoint-93/adapter_config.json: Copied (new)
2026/08/06 07:36:52 INFO  : HateMM_vis/checkpoint-93/preprocessor_config.json: Copied (new)
2026/08/06 07:36:53 INFO  : HateMM_vis/checkpoint-93/merges.txt: Copied (new)
2026/08/06 07:36:53 INFO  : HateMM_vis/checkpoint-93/special_tokens_map.json: Copied (new)
2026/08/06 07:36:53 INFO  : HateMM_vis/checkpoint-186/vocab.json: Copied (new)
2026/08/06 07:36:53 INFO  : HateMM_vis/checkpoint-93/rng_state.pth: Copied (new)
2026/08/06 07:36:53 INFO  : HateMM_vis/checkpoint-93/tokenizer_config.json: Copied (new)
2026/08/06 07:36:53 INFO  : MHC/checkpoint-204/adapter_model.safetensors: Copied (new)
2026/08/06 07:36:53 INFO  : HateMM_vis/checkpoint-93/training_args.bin: Copied (new)
2026/08/06 07:36:53 INFO  : HateMM_vis/checkpoint-93/trainer_state.json: Copied (new)
2026/08/06 07:36:53 INFO  : MHC_zh/checkpoint-216/README.md: Copied (new)
2026/08/06 07:36:54 INFO  : HateMM_vis/checkpoint-93/tokenizer.json: Copied (new)
2026/08/06 07:36:54 INFO  : MHC_zh/checkpoint-216/adapter_config.json: Copied (new)
2026/08/06 07:36:54 INFO  : HateMM_vis/checkpoint-93/vocab.json: Copied (new)
2026/08/06 07:36:54 INFO  : MHC_zh/checkpoint-216/added_tokens.json: Copied (new)
2026/08/06 07:36:54 INFO  : MHC_zh/checkpoint-216/chat_template.json: Copied (new)
2026/08/06 07:36:54 INFO  : MHC_zh/checkpoint-216/preprocessor_config.json: Copied (new)
2026/08/06 07:36:54 INFO  : MHC_zh/checkpoint-216/rng_state.pth: Copied (new)
2026/08/06 07:36:54 INFO  : 
Transferred:   	    3.650 GiB / 6.553 GiB, 56%, 63.968 MiB/s, ETA 46s
Checks:                 0 / 0, -, Listed 675
Transferred:          342 / 549, 62%
Elapsed time:       1m0.0s
Transferring:
 * HateMM_vis/checkpoint-…pter_model.safetensors: 72% /196.630Mi, 12.707Mi/s, 4s
 * HateMM_vis/checkpoint-…pter_model.safetensors: 41% /196.630Mi, 12.140Mi/s, 9s
 * HateMM_vis/checkpoint-…pter_model.safetensors: 19% /196.630Mi, 12.638Mi/s, 12s
 * MHC_zh/checkpoint-216/…pter_model.safetensors:  9% /154.050Mi, 11.964Mi/s, 11s
 *              MHC_zh/checkpoint-216/merges.txt:100% /1.594Mi, 0/s, -
 * MHC_zh/checkpoint-216/special_tokens_map.json:100% /613, 0/s, -
 *          MHC_zh/checkpoint-216/tokenizer.json: 57% /10.893Mi, 0/s, -
 *   MHC_zh/checkpoint-216/tokenizer_config.json:100% /5.667Ki, 0/s, -

2026/08/06 07:36:55 INFO  : MHC_zh/checkpoint-216/merges.txt: Copied (new)
2026/08/06 07:36:55 INFO  : MHC_zh/checkpoint-216/tokenizer_config.json: Copied (new)
2026/08/06 07:36:55 INFO  : MHC_zh/checkpoint-216/special_tokens_map.json: Copied (new)
2026/08/06 07:36:55 INFO  : MHC_zh/checkpoint-216/training_args.bin: Copied (new)
2026/08/06 07:36:55 INFO  : MHC_zh/checkpoint-216/trainer_state.json: Copied (new)
2026/08/06 07:36:56 INFO  : MHC_zh/checkpoint-146/adapter_config.json: Copied (new)
2026/08/06 07:36:56 INFO  : MHC_zh/checkpoint-216/vocab.json: Copied (new)
2026/08/06 07:36:56 INFO  : MHC_zh/checkpoint-146/README.md: Copied (new)
2026/08/06 07:36:56 INFO  : MHC_zh/checkpoint-146/chat_template.json: Copied (new)
2026/08/06 07:36:57 INFO  : MHC_zh/checkpoint-146/added_tokens.json: Copied (new)
2026/08/06 07:36:57 INFO  : MHC_zh/checkpoint-216/tokenizer.json: Copied (new)
2026/08/06 07:36:57 INFO  : MHC_zh/checkpoint-146/preprocessor_config.json: Copied (new)
2026/08/06 07:36:57 INFO  : MHC_zh/checkpoint-146/merges.txt: Copied (new)
2026/08/06 07:36:57 INFO  : MHC_zh/checkpoint-146/rng_state.pth: Copied (new)
2026/08/06 07:36:57 INFO  : MHC_zh/checkpoint-146/special_tokens_map.json: Copied (new)
2026/08/06 07:36:57 INFO  : MHC_zh/checkpoint-146/tokenizer_config.json: Copied (new)
2026/08/06 07:36:57 INFO  : MHC_zh/checkpoint-146/trainer_state.json: Copied (new)
2026/08/06 07:36:58 INFO  : MHC_zh/checkpoint-146/training_args.bin: Copied (new)
2026/08/06 07:36:58 INFO  : MHC_zh/checkpoint-73/README.md: Copied (new)
2026/08/06 07:36:58 INFO  : MHC_zh/checkpoint-146/tokenizer.json: Copied (new)
2026/08/06 07:36:58 INFO  : MHC_zh/checkpoint-73/adapter_config.json: Copied (new)
2026/08/06 07:36:59 INFO  : MHC_zh/checkpoint-73/added_tokens.json: Copied (new)
2026/08/06 07:36:59 INFO  : MHC_zh/checkpoint-146/vocab.json: Copied (new)
2026/08/06 07:36:59 INFO  : MHC_zh/checkpoint-73/chat_template.json: Copied (new)
2026/08/06 07:36:59 INFO  : MHC_zh/checkpoint-73/preprocessor_config.json: Copied (new)
2026/08/06 07:36:59 INFO  : HateMM_vis/checkpoint-276/adapter_model.safetensors: Copied (new)
2026/08/06 07:36:59 INFO  : MHC_zh/checkpoint-73/merges.txt: Copied (new)
2026/08/06 07:37:00 INFO  : MHC_zh/checkpoint-73/rng_state.pth: Copied (new)
2026/08/06 07:37:00 INFO  : MHC_zh/checkpoint-73/special_tokens_map.json: Copied (new)
2026/08/06 07:37:00 INFO  : MHC_zh/checkpoint-73/tokenizer_config.json: Copied (new)
2026/08/06 07:37:01 INFO  : MHC_zh/checkpoint-73/training_args.bin: Copied (new)
2026/08/06 07:37:01 INFO  : MHC_zh/checkpoint-73/tokenizer.json: Copied (new)
2026/08/06 07:37:01 INFO  : MHC_zh/checkpoint-73/trainer_state.json: Copied (new)
2026/08/06 07:37:01 INFO  : HateMM/checkpoint-186/README.md: Copied (new)
2026/08/06 07:37:01 INFO  : HateMM/checkpoint-186/adapter_config.json: Copied (new)
2026/08/06 07:37:01 INFO  : MHC_zh/checkpoint-73/vocab.json: Copied (new)
2026/08/06 07:37:02 INFO  : HateMM/checkpoint-186/added_tokens.json: Copied (new)
2026/08/06 07:37:02 INFO  : HateMM/checkpoint-186/chat_template.json: Copied (new)
2026/08/06 07:37:02 INFO  : HateMM/checkpoint-186/preprocessor_config.json: Copied (new)
2026/08/06 07:37:03 INFO  : HateMM/checkpoint-186/merges.txt: Copied (new)
2026/08/06 07:37:03 INFO  : HateMM/checkpoint-186/rng_state.pth: Copied (new)
2026/08/06 07:37:03 INFO  : HateMM/checkpoint-186/special_tokens_map.json: Copied (new)
2026/08/06 07:37:04 INFO  : HateMM/checkpoint-186/tokenizer_config.json: Copied (new)
2026/08/06 07:37:04 INFO  : HateMM_vis/checkpoint-186/adapter_model.safetensors: Copied (new)
2026/08/06 07:37:04 INFO  : HateMM/checkpoint-186/trainer_state.json: Copied (new)
2026/08/06 07:37:04 INFO  : HateMM/checkpoint-186/training_args.bin: Copied (new)
2026/08/06 07:37:04 INFO  : HateMM/checkpoint-186/tokenizer.json: Copied (new)
2026/08/06 07:37:05 INFO  : HateMM/checkpoint-276/README.md: Copied (new)
2026/08/06 07:37:05 INFO  : HateMM/checkpoint-276/adapter_config.json: Copied (new)
2026/08/06 07:37:05 INFO  : HateMM/checkpoint-186/vocab.json: Copied (new)
2026/08/06 07:37:05 INFO  : MHC_zh/checkpoint-216/adapter_model.safetensors: Copied (new)
2026/08/06 07:37:05 INFO  : HateMM/checkpoint-276/added_tokens.json: Copied (new)
2026/08/06 07:37:06 INFO  : HateMM/checkpoint-276/chat_template.json: Copied (new)
2026/08/06 07:37:06 INFO  : HateMM/checkpoint-276/merges.txt: Copied (new)
2026/08/06 07:37:06 INFO  : HateMM/checkpoint-276/preprocessor_config.json: Copied (new)
2026/08/06 07:37:06 INFO  : HateMM/checkpoint-276/special_tokens_map.json: Copied (new)
2026/08/06 07:37:06 INFO  : HateMM/checkpoint-276/tokenizer_config.json: Copied (new)
2026/08/06 07:37:06 INFO  : HateMM/checkpoint-276/trainer_state.json: Copied (new)
2026/08/06 07:37:06 INFO  : HateMM/checkpoint-276/rng_state.pth: Copied (new)
2026/08/06 07:37:07 INFO  : HateMM/checkpoint-276/training_args.bin: Copied (new)
2026/08/06 07:37:07 INFO  : HateMM/checkpoint-93/README.md: Copied (new)
2026/08/06 07:37:07 INFO  : HateMM/checkpoint-93/adapter_config.json: Copied (new)
2026/08/06 07:37:07 INFO  : HateMM_vis/checkpoint-93/adapter_model.safetensors: Copied (new)
2026/08/06 07:37:07 INFO  : HateMM/checkpoint-276/vocab.json: Copied (new)
2026/08/06 07:37:07 INFO  : HateMM/checkpoint-276/tokenizer.json: Copied (new)
2026/08/06 07:37:08 INFO  : HateMM/checkpoint-93/chat_template.json: Copied (new)
2026/08/06 07:37:08 INFO  : HateMM/checkpoint-93/merges.txt: Copied (new)
2026/08/06 07:37:08 INFO  : HateMM/checkpoint-93/preprocessor_config.json: Copied (new)
2026/08/06 07:37:08 INFO  : HateMM/checkpoint-93/added_tokens.json: Copied (new)
2026/08/06 07:37:08 INFO  : HateMM/checkpoint-93/special_tokens_map.json: Copied (new)
2026/08/06 07:37:08 INFO  : HateMM/checkpoint-93/tokenizer_config.json: Copied (new)
2026/08/06 07:37:09 INFO  : HateMM/checkpoint-93/rng_state.pth: Copied (new)
2026/08/06 07:37:09 INFO  : HateMM/checkpoint-93/trainer_state.json: Copied (new)
2026/08/06 07:37:09 INFO  : MHC_zh/checkpoint-146/adapter_model.safetensors: Copied (new)
2026/08/06 07:37:09 INFO  : HateMM/checkpoint-93/vocab.json: Copied (new)
2026/08/06 07:37:09 INFO  : HateMM/checkpoint-93/training_args.bin: Copied (new)
2026/08/06 07:37:09 INFO  : HateMM/checkpoint-93/tokenizer.json: Copied (new)
2026/08/06 07:37:09 INFO  : HateMM_curric/checkpoint-186/adapter_config.json: Copied (new)
2026/08/06 07:37:10 INFO  : HateMM_curric/checkpoint-186/README.md: Copied (new)
2026/08/06 07:37:10 INFO  : HateMM_curric/checkpoint-186/added_tokens.json: Copied (new)
2026/08/06 07:37:10 INFO  : HateMM_curric/checkpoint-186/chat_template.json: Copied (new)
2026/08/06 07:37:10 INFO  : HateMM_curric/checkpoint-186/preprocessor_config.json: Copied (new)
2026/08/06 07:37:10 INFO  : HateMM_curric/checkpoint-186/merges.txt: Copied (new)
2026/08/06 07:37:10 INFO  : HateMM_curric/checkpoint-186/rng_state.pth: Copied (new)
2026/08/06 07:37:11 INFO  : HateMM_curric/checkpoint-186/special_tokens_map.json: Copied (new)
2026/08/06 07:37:11 INFO  : HateMM_curric/checkpoint-186/tokenizer_config.json: Copied (new)
2026/08/06 07:37:11 INFO  : HateMM_curric/checkpoint-186/training_args.bin: Copied (new)
2026/08/06 07:37:11 INFO  : HateMM_curric/checkpoint-186/trainer_state.json: Copied (new)
2026/08/06 07:37:11 INFO  : HateMM_curric/checkpoint-276/README.md: Copied (new)
2026/08/06 07:37:12 INFO  : HateMM_curric/checkpoint-186/vocab.json: Copied (new)
2026/08/06 07:37:12 INFO  : HateMM_curric/checkpoint-186/tokenizer.json: Copied (new)
2026/08/06 07:37:12 INFO  : HateMM_curric/checkpoint-276/added_tokens.json: Copied (new)
2026/08/06 07:37:12 INFO  : HateMM_curric/checkpoint-276/adapter_config.json: Copied (new)
2026/08/06 07:37:12 INFO  : HateMM_curric/checkpoint-276/chat_template.json: Copied (new)
2026/08/06 07:37:13 INFO  : HateMM_curric/checkpoint-276/preprocessor_config.json: Copied (new)
2026/08/06 07:37:13 INFO  : HateMM_curric/checkpoint-276/rng_state.pth: Copied (new)
2026/08/06 07:37:13 INFO  : HateMM_curric/checkpoint-276/special_tokens_map.json: Copied (new)
2026/08/06 07:37:14 INFO  : HateMM_curric/checkpoint-276/merges.txt: Copied (new)
2026/08/06 07:37:14 INFO  : HateMM_curric/checkpoint-276/tokenizer_config.json: Copied (new)
2026/08/06 07:37:15 INFO  : HateMM_curric/checkpoint-276/tokenizer.json: Copied (new)
2026/08/06 07:37:15 INFO  : HateMM_curric/checkpoint-276/trainer_state.json: Copied (new)
2026/08/06 07:37:15 INFO  : HateMM_curric/checkpoint-276/training_args.bin: Copied (new)
2026/08/06 07:37:16 INFO  : HateMM_curric/checkpoint-93/README.md: Copied (new)
2026/08/06 07:37:16 INFO  : HateMM_curric/checkpoint-276/vocab.json: Copied (new)
2026/08/06 07:37:16 INFO  : HateMM_curric/checkpoint-93/adapter_config.json: Copied (new)
2026/08/06 07:37:16 INFO  : HateMM_curric/checkpoint-93/added_tokens.json: Copied (new)
2026/08/06 07:37:17 INFO  : HateMM_curric/checkpoint-93/chat_template.json: Copied (new)
2026/08/06 07:37:17 INFO  : HateMM/checkpoint-276/adapter_model.safetensors: Copied (new)
2026/08/06 07:37:17 INFO  : HateMM/checkpoint-186/adapter_model.safetensors: Copied (new)
2026/08/06 07:37:17 INFO  : HateMM_curric/checkpoint-93/preprocessor_config.json: Copied (new)
2026/08/06 07:37:17 INFO  : HateMM_curric/checkpoint-93/rng_state.pth: Copied (new)
2026/08/06 07:37:17 INFO  : HateMM_curric/checkpoint-93/special_tokens_map.json: Copied (new)
2026/08/06 07:37:17 INFO  : HateMM_curric/checkpoint-93/merges.txt: Copied (new)
2026/08/06 07:37:18 INFO  : HateMM_curric/checkpoint-93/tokenizer_config.json: Copied (new)
2026/08/06 07:37:18 INFO  : HateMM_curric/checkpoint-93/trainer_state.json: Copied (new)
2026/08/06 07:37:18 INFO  : HateMM_curric/checkpoint-93/vocab.json: Copied (new)
2026/08/06 07:37:18 INFO  : HateMM_curric/checkpoint-93/training_args.bin: Copied (new)
2026/08/06 07:37:18 INFO  : MHC_zh_curric/checkpoint-146/README.md: Copied (new)
2026/08/06 07:37:19 INFO  : MHC_zh_curric/checkpoint-146/adapter_config.json: Copied (new)
2026/08/06 07:37:19 INFO  : MHC_zh_curric/checkpoint-146/added_tokens.json: Copied (new)
2026/08/06 07:37:19 INFO  : HateMM_curric/checkpoint-93/tokenizer.json: Copied (new)
2026/08/06 07:37:19 INFO  : MHC_zh_curric/checkpoint-146/merges.txt: Copied (new)
2026/08/06 07:37:19 INFO  : MHC_zh_curric/checkpoint-146/chat_template.json: Copied (new)
2026/08/06 07:37:20 INFO  : MHC_zh_curric/checkpoint-146/preprocessor_config.json: Copied (new)
2026/08/06 07:37:20 INFO  : MHC_zh_curric/checkpoint-146/rng_state.pth: Copied (new)
2026/08/06 07:37:20 INFO  : HateMM/checkpoint-93/adapter_model.safetensors: Copied (new)
2026/08/06 07:37:20 INFO  : MHC_zh_curric/checkpoint-146/tokenizer_config.json: Copied (new)
2026/08/06 07:37:20 INFO  : MHC_zh_curric/checkpoint-146/special_tokens_map.json: Copied (new)
2026/08/06 07:37:21 INFO  : MHC_zh_curric/checkpoint-146/training_args.bin: Copied (new)
2026/08/06 07:37:21 INFO  : MHC_zh_curric/checkpoint-146/trainer_state.json: Copied (new)
2026/08/06 07:37:21 INFO  : MHC_zh_curric/checkpoint-73/README.md: Copied (new)
2026/08/06 07:37:21 INFO  : MHC_zh_curric/checkpoint-146/tokenizer.json: Copied (new)
2026/08/06 07:37:22 INFO  : MHC_zh_curric/checkpoint-146/vocab.json: Copied (new)
2026/08/06 07:37:22 INFO  : MHC_zh_curric/checkpoint-73/adapter_config.json: Copied (new)
2026/08/06 07:37:22 INFO  : HateMM_curric/checkpoint-186/adapter_model.safetensors: Copied (new)
2026/08/06 07:37:22 INFO  : MHC_zh_curric/checkpoint-73/added_tokens.json: Copied (new)
2026/08/06 07:37:22 INFO  : MHC_zh_curric/checkpoint-73/chat_template.json: Copied (new)
2026/08/06 07:37:22 INFO  : MHC_zh_curric/checkpoint-73/merges.txt: Copied (new)
2026/08/06 07:37:22 INFO  : MHC_zh_curric/checkpoint-73/special_tokens_map.json: Copied (new)
2026/08/06 07:37:22 INFO  : MHC_zh_curric/checkpoint-73/rng_state.pth: Copied (new)
2026/08/06 07:37:22 INFO  : MHC_zh_curric/checkpoint-73/preprocessor_config.json: Copied (new)
2026/08/06 07:37:23 INFO  : MHC_zh_curric/checkpoint-73/tokenizer_config.json: Copied (new)
2026/08/06 07:37:23 INFO  : MHC_zh_curric/checkpoint-73/trainer_state.json: Copied (new)
2026/08/06 07:37:23 INFO  : MHC_zh_curric/checkpoint-73/training_args.bin: Copied (new)
2026/08/06 07:37:23 INFO  : MHC_zh_curric/checkpoint-73/tokenizer.json: Copied (new)
2026/08/06 07:37:24 INFO  : MHC_zh_curric/checkpoint-216/adapter_config.json: Copied (new)
2026/08/06 07:37:24 INFO  : MHC_zh_curric/checkpoint-216/README.md: Copied (new)
2026/08/06 07:37:24 INFO  : MHC_zh/checkpoint-73/adapter_model.safetensors: Copied (new)
2026/08/06 07:37:24 INFO  : HateMM_curric/checkpoint-276/adapter_model.safetensors: Copied (new)
2026/08/06 07:37:24 INFO  : MHC_zh_curric/checkpoint-73/vocab.json: Copied (new)
2026/08/06 07:37:24 INFO  : MHC_zh_curric/checkpoint-216/added_tokens.json: Copied (new)
2026/08/06 07:37:24 INFO  : MHC_zh_curric/checkpoint-216/chat_template.json: Copied (new)
2026/08/06 07:37:24 INFO  : MHC_zh_curric/checkpoint-216/preprocessor_config.json: Copied (new)
2026/08/06 07:37:24 INFO  : MHC_zh_curric/checkpoint-216/merges.txt: Copied (new)
2026/08/06 07:37:25 INFO  : MHC_zh_curric/checkpoint-216/rng_state.pth: Copied (new)
2026/08/06 07:37:25 INFO  : MHC_zh_curric/checkpoint-216/special_tokens_map.json: Copied (new)
2026/08/06 07:37:25 INFO  : MHC_zh_curric/checkpoint-216/trainer_state.json: Copied (new)
2026/08/06 07:37:25 INFO  : MHC_zh_curric/checkpoint-216/tokenizer_config.json: Copied (new)
2026/08/06 07:37:25 INFO  : MHC_zh_curric/checkpoint-216/training_args.bin: Copied (new)
2026/08/06 07:37:25 INFO  : MHC_vis/checkpoint-138/adapter_config.json: Copied (new)
2026/08/06 07:37:25 INFO  : MHC_vis/checkpoint-138/README.md: Copied (new)
2026/08/06 07:37:25 INFO  : MHC_zh_curric/checkpoint-216/vocab.json: Copied (new)
2026/08/06 07:37:26 INFO  : MHC_vis/checkpoint-138/added_tokens.json: Copied (new)
2026/08/06 07:37:26 INFO  : MHC_zh_curric/checkpoint-216/tokenizer.json: Copied (new)
2026/08/06 07:37:26 INFO  : MHC_vis/checkpoint-138/chat_template.json: Copied (new)
2026/08/06 07:37:26 INFO  : MHC_vis/checkpoint-138/merges.txt: Copied (new)
2026/08/06 07:37:27 INFO  : MHC_vis/checkpoint-138/special_tokens_map.json: Copied (new)
2026/08/06 07:37:27 INFO  : MHC_vis/checkpoint-138/preprocessor_config.json: Copied (new)
2026/08/06 07:37:27 INFO  : MHC_vis/checkpoint-138/rng_state.pth: Copied (new)
2026/08/06 07:37:27 INFO  : MHC_vis/checkpoint-138/trainer_state.json: Copied (new)
2026/08/06 07:37:27 INFO  : MHC_vis/checkpoint-138/tokenizer_config.json: Copied (new)
2026/08/06 07:37:27 INFO  : MHC_vis/checkpoint-138/training_args.bin: Copied (new)
2026/08/06 07:37:28 INFO  : MHC_vis/checkpoint-138/vocab.json: Copied (new)
2026/08/06 07:37:28 INFO  : MHC_vis/checkpoint-204/README.md: Copied (new)
2026/08/06 07:37:28 INFO  : MHC_vis/checkpoint-138/tokenizer.json: Copied (new)
2026/08/06 07:37:28 INFO  : MHC_vis/checkpoint-204/adapter_config.json: Copied (new)
2026/08/06 07:37:28 INFO  : MHC_vis/checkpoint-204/chat_template.json: Copied (new)
2026/08/06 07:37:29 INFO  : MHC_vis/checkpoint-204/added_tokens.json: Copied (new)
2026/08/06 07:37:29 INFO  : MHC_vis/checkpoint-204/merges.txt: Copied (new)
2026/08/06 07:37:29 INFO  : MHC_vis/checkpoint-204/rng_state.pth: Copied (new)
2026/08/06 07:37:29 INFO  : MHC_vis/checkpoint-204/preprocessor_config.json: Copied (new)
2026/08/06 07:37:29 INFO  : MHC_vis/checkpoint-204/special_tokens_map.json: Copied (new)
2026/08/06 07:37:30 INFO  : MHC_vis/checkpoint-204/tokenizer_config.json: Copied (new)
2026/08/06 07:37:30 INFO  : MHC_vis/checkpoint-204/trainer_state.json: Copied (new)
2026/08/06 07:37:31 INFO  : MHC_vis/checkpoint-204/training_args.bin: Copied (new)
2026/08/06 07:37:31 INFO  : HateMM_curric/checkpoint-93/adapter_model.safetensors: Copied (new)
2026/08/06 07:37:32 INFO  : MHC_vis/checkpoint-204/vocab.json: Copied (new)
2026/08/06 07:37:32 INFO  : MHC_vis/checkpoint-69/README.md: Copied (new)
2026/08/06 07:37:32 INFO  : MHC_vis/checkpoint-204/tokenizer.json: Copied (new)
2026/08/06 07:37:32 INFO  : MHC_vis/checkpoint-69/adapter_config.json: Copied (new)
2026/08/06 07:37:32 INFO  : MHC_vis/checkpoint-69/added_tokens.json: Copied (new)
2026/08/06 07:37:32 INFO  : MHC_vis/checkpoint-69/chat_template.json: Copied (new)
2026/08/06 07:37:33 INFO  : MHC_zh_curric/checkpoint-146/adapter_model.safetensors: Copied (new)
2026/08/06 07:37:33 INFO  : MHC_vis/checkpoint-69/preprocessor_config.json: Copied (new)
2026/08/06 07:37:33 INFO  : MHC_vis/checkpoint-69/merges.txt: Copied (new)
2026/08/06 07:37:34 INFO  : MHC_vis/checkpoint-69/rng_state.pth: Copied (new)
2026/08/06 07:37:34 INFO  : MHC_vis/checkpoint-69/special_tokens_map.json: Copied (new)
2026/08/06 07:37:34 INFO  : MHC_vis/checkpoint-69/tokenizer_config.json: Copied (new)
2026/08/06 07:37:34 INFO  : MHC_vis/checkpoint-69/trainer_state.json: Copied (new)
2026/08/06 07:37:34 INFO  : MHC_zh_curric/checkpoint-73/adapter_model.safetensors: Copied (new)
2026/08/06 07:37:34 INFO  : MHC_vis/checkpoint-69/tokenizer.json: Copied (new)
2026/08/06 07:37:34 INFO  : MHC_vis/checkpoint-69/training_args.bin: Copied (new)
2026/08/06 07:37:35 INFO  : MHC_vis/checkpoint-69/vocab.json: Copied (new)
2026/08/06 07:37:37 INFO  : MHC_zh_curric/checkpoint-216/adapter_model.safetensors: Copied (new)
2026/08/06 07:37:41 INFO  : MHC_vis/checkpoint-138/adapter_model.safetensors: Copied (new)
2026/08/06 07:37:46 INFO  : MHC_vis/checkpoint-204/adapter_model.safetensors: Copied (new)
2026/08/06 07:37:54 INFO  : MHC_vis/checkpoint-69/adapter_model.safetensors: Copied (new)
2026/08/06 07:37:54 INFO  : 
Transferred:   	    6.553 GiB / 6.553 GiB, 100%, 30.878 MiB/s, ETA 0s
Checks:                 0 / 0, -, Listed 675
Transferred:          549 / 549, 100%
Elapsed time:      1m59.8s

