[zh] n=579 pos-rate=0.3109 vol(chars) min/med/max 3/106/708
    [zh/fused] fold 0 dep 0.8534  C3_net:+0.0087  C3_metak:+0.0000  FIXBEST_mono:+0.0000  THRESH_best:+0.0087  DIRECT_logit:+0.0173  (56.6s)
    [zh/fused] fold 1 dep 0.8534  C3_net:+0.0087  C3_metak:+0.0000  FIXBEST_mono:-0.0258  THRESH_best:+0.0000  DIRECT_logit:-0.0086  (55.1s)
    [zh/fused] fold 2 dep 0.9224  C3_net:-0.0862  C3_metak:-0.0690  FIXBEST_mono:-0.0431  THRESH_best:-0.0258  DIRECT_logit:-0.0517  (55.2s)
    [zh/fused] fold 3 dep 0.8017  C3_net:+0.0345  C3_metak:-0.0086  FIXBEST_mono:+0.0173  THRESH_best:+0.0000  DIRECT_logit:+0.0345  (55.6s)
    [zh/fused] fold 4 dep 0.8087  C3_net:+0.0000  C3_metak:+0.0000  FIXBEST_mono:-0.0174  THRESH_best:-0.0174  DIRECT_logit:+0.0174  (55.7s)
  [zh/fused] PARITY 4dp PASS  pooled 0.8480/0.8281  folds [0.8534, 0.8534, 0.9224, 0.8017, 0.8087]
    [zh/text] fold 0 dep 0.8621  C3_net:+0.0000  C3_metak:+0.0000  FIXBEST_mono:+0.0086  THRESH_best:+0.0000  DIRECT_logit:-0.0087  (55.8s)
    [zh/text] fold 1 dep 0.8621  C3_net:+0.0172  C3_metak:+0.0086  FIXBEST_mono:+0.0086  THRESH_best:-0.0087  DIRECT_logit:+0.0258  (55.7s)
    [zh/text] fold 2 dep 0.8966  C3_net:+0.0000  C3_metak:-0.0087  FIXBEST_mono:-0.0087  THRESH_best:-0.0087  DIRECT_logit:-0.0259  (55.5s)
    [zh/text] fold 3 dep 0.8879  C3_net:-0.0172  C3_metak:+0.0000  FIXBEST_mono:+0.0000  THRESH_best:+0.0000  DIRECT_logit:-0.0345  (55.6s)
    [zh/text] fold 4 dep 0.8087  C3_net:-0.0174  C3_metak:+0.0000  FIXBEST_mono:+0.0087  THRESH_best:-0.0261  DIRECT_logit:-0.0087  (55.8s)
  [zh/text] PARITY 4dp PASS  pooled 0.8636/0.8442  folds [0.8621, 0.8621, 0.8966, 0.8879, 0.8087]
    [zh/img] fold 0 dep 0.6552  C3_net:+0.0000  C3_metak:+0.0689  FIXBEST_mono:+0.0000  THRESH_best:+0.0000  DIRECT_logit:+0.0603  (55.9s)
    [zh/img] fold 1 dep 0.7241  C3_net:+0.0000  C3_metak:-0.0086  FIXBEST_mono:-0.0344  THRESH_best:+0.0259  DIRECT_logit:+0.0000  (55.7s)
    [zh/img] fold 2 dep 0.7672  C3_net:-0.0431  C3_metak:-0.0431  FIXBEST_mono:-0.0775  THRESH_best:-0.0344  DIRECT_logit:-0.0862  (55.5s)
    [zh/img] fold 3 dep 0.6552  C3_net:+0.0086  C3_metak:+0.0000  FIXBEST_mono:+0.0345  THRESH_best:+0.0000  DIRECT_logit:+0.0172  (55.5s)
    [zh/img] fold 4 dep 0.7043  C3_net:+0.0000  C3_metak:-0.0260  FIXBEST_mono:+0.0435  THRESH_best:+0.0174  DIRECT_logit:+0.0435  (55.4s)
  [zh/img] PARITY 4dp PASS  pooled 0.7012/0.6083  folds [0.6552, 0.7241, 0.7672, 0.6552, 0.7043]
DONE -> /data/jehc223/RGCL/scripts/analysis/aggnet_main_zh_OUT.json
