    [zh/fused] fold 0 dep 0.8534 sel=C4_ridge_g1.0 d_sel -0.0086 best_cell C4_pca_r1 -0.0086 (0.4s)
    [zh/fused] fold 1 dep 0.8534 sel=C4_pca_r5 d_sel -0.0258 best_cell C4_pca_r3 -0.0172 (0.5s)
    [zh/fused] fold 2 dep 0.9224 sel=C4_ridge_g0.1 d_sel -0.0948 best_cell C4_pca_r3 -0.0776 (0.5s)
    [zh/fused] fold 3 dep 0.8017 sel=C4_pca_r2 d_sel +0.0431 best_cell C4_pca_r2 +0.0431 (0.4s)
    [zh/fused] fold 4 dep 0.8087 sel=DEPLOYED d_sel -0.0000 best_cell C4_pca_r1 +0.0522 (0.5s)
    [zh/fused] PARITY-ARENA 10/10
    [zh/fused] PARITY-IMPL 5/5 folds bit-exact (max score |delta| 1.11e-16)
    [zh/fused] PARITY-RECON (reported) declared>=0 0.848/1.0 | recon>0 0.848/0.9965 | target 0.848/0.9965 | ties 2
  [zh/fused] dep 0.8480  C4_sel -0.0173  oracle C4_ridge_g1.0 net -5 (need 6/18)
    [zh/text] fold 0 dep 0.8621 sel=DEPLOYED d_sel -0.0000 best_cell C4_ridge_g1.0 -0.0087 (0.4s)
    [zh/text] fold 1 dep 0.8621 sel=DEPLOYED d_sel -0.0000 best_cell C4_pca_r1 -0.0087 (0.4s)
    [zh/text] fold 2 dep 0.8966 sel=DEPLOYED d_sel -0.0000 best_cell C4_pca_r5 -0.0173 (0.4s)
    [zh/text] fold 3 dep 0.8879 sel=DEPLOYED d_sel +0.0000 best_cell C4_pca_r1 -0.0086 (0.4s)
    [zh/text] fold 4 dep 0.8087 sel=DEPLOYED d_sel -0.0000 best_cell C4_pca_r3 +0.0087 (0.4s)
    [zh/text] PARITY-ARENA 10/10
    [zh/text] PARITY-IMPL 5/5 folds bit-exact (max score |delta| 1.11e-16)
  [zh/text] dep 0.8636  C4_sel -0.0000  oracle C4_ridge_g1.0 net -6 (need 6/18)
    [zh/img] fold 0 dep 0.6552 sel=DEPLOYED d_sel -0.0000 best_cell C4_ridge_g0.01 +0.0689 (0.5s)
    [zh/img] fold 1 dep 0.7241 sel=C4_ridge_g0.01 d_sel +0.0431 best_cell C4_pca_r3 +0.0518 (0.5s)
    [zh/img] fold 2 dep 0.7672 sel=C4_pca_r5 d_sel -0.0689 best_cell C4_pca_rfull -0.0431 (0.5s)
    [zh/img] fold 3 dep 0.6552 sel=C4_pca_r1 d_sel +0.0689 best_cell C4_pca_r5 +0.0776 (0.5s)
    [zh/img] fold 4 dep 0.7043 sel=C4_ridge_g0.01 d_sel +0.0000 best_cell C4_pca_r2 +0.0261 (0.5s)
    [zh/img] PARITY-ARENA 10/10
    [zh/img] PARITY-IMPL 5/5 folds bit-exact (max score |delta| 1.11e-16)
  [zh/img] dep 0.7012  C4_sel +0.0086  oracle C4_pca_r5 net 16 (need 6/18)
DONE -> scripts/analysis/membank_c4_zh_OUT.json (15s)
