/data/jehc223/RGCL/scripts/analysis/vsw_drive.sh: line 26: 3457918 Terminated              python scripts/analysis/vsw_pregate.py --stage "$STAGE" --dataset "$DS" --out "$OUT" > /dev/null 2>&1
/data/jehc223/RGCL/scripts/analysis/vsw_drive.sh: line 26: 3461956 Terminated              python scripts/analysis/vsw_pregate.py --stage "$STAGE" --dataset "$DS" --out "$OUT" > /dev/null 2>&1
/data/jehc223/RGCL/scripts/analysis/vsw_drive.sh: line 26: 3471197 Terminated              python scripts/analysis/vsw_pregate.py --stage "$STAGE" --dataset "$DS" --out "$OUT" > /dev/null 2>&1
/data/jehc223/RGCL/scripts/analysis/vsw_drive.sh: line 26: 3473481 Terminated              python scripts/analysis/vsw_pregate.py --stage "$STAGE" --dataset "$DS" --out "$OUT" > /dev/null 2>&1
/data/jehc223/RGCL/scripts/analysis/vsw_drive.sh: line 26: 3486089 Terminated              python scripts/analysis/vsw_pregate.py --stage "$STAGE" --dataset "$DS" --out "$OUT" > /dev/null 2>&1
/data/jehc223/RGCL/scripts/analysis/vsw_drive.sh: line 26: 3496118 Terminated              python scripts/analysis/vsw_pregate.py --stage "$STAGE" --dataset "$DS" --out "$OUT" > /dev/null 2>&1
/data/jehc223/RGCL/scripts/analysis/vsw_drive.sh: line 26: 3498605 Terminated              python scripts/analysis/vsw_pregate.py --stage "$STAGE" --dataset "$DS" --out "$OUT" > /dev/null 2>&1
/data/jehc223/RGCL/scripts/analysis/vsw_drive.sh: line 26: 3502669 Terminated              python scripts/analysis/vsw_pregate.py --stage "$STAGE" --dataset "$DS" --out "$OUT" > /dev/null 2>&1
/data/jehc223/RGCL/scripts/analysis/vsw_drive.sh: line 26: 3505193 Terminated              python scripts/analysis/vsw_pregate.py --stage "$STAGE" --dataset "$DS" --out "$OUT" > /dev/null 2>&1
/data/jehc223/RGCL/scripts/analysis/vsw_drive.sh: line 26: 3513039 Terminated              python scripts/analysis/vsw_pregate.py --stage "$STAGE" --dataset "$DS" --out "$OUT" > /dev/null 2>&1
/data/jehc223/RGCL/scripts/analysis/vsw_drive.sh: line 26: 3517235 Terminated              python scripts/analysis/vsw_pregate.py --stage "$STAGE" --dataset "$DS" --out "$OUT" > /dev/null 2>&1
/data/jehc223/RGCL/scripts/analysis/vsw_drive.sh: line 26: 3520540 Terminated              python scripts/analysis/vsw_pregate.py --stage "$STAGE" --dataset "$DS" --out "$OUT" > /dev/null 2>&1
/data/jehc223/RGCL/scripts/analysis/vsw_drive.sh: line 26: 3526617 Terminated              python scripts/analysis/vsw_pregate.py --stage "$STAGE" --dataset "$DS" --out "$OUT" > /dev/null 2>&1
/data/jehc223/RGCL/scripts/analysis/vsw_drive.sh: line 26: 3528875 Terminated              python scripts/analysis/vsw_pregate.py --stage "$STAGE" --dataset "$DS" --out "$OUT" > /dev/null 2>&1
/data/jehc223/RGCL/scripts/analysis/vsw_drive.sh: line 26: 3530084 Terminated              python scripts/analysis/vsw_pregate.py --stage "$STAGE" --dataset "$DS" --out "$OUT" > /dev/null 2>&1
/data/jehc223/RGCL/scripts/analysis/vsw_drive.sh: line 26: 3536375 Terminated              python scripts/analysis/vsw_pregate.py --stage "$STAGE" --dataset "$DS" --out "$OUT" > /dev/null 2>&1
/data/jehc223/RGCL/scripts/analysis/vsw_drive.sh: line 26: 3537612 Terminated              python scripts/analysis/vsw_pregate.py --stage "$STAGE" --dataset "$DS" --out "$OUT" > /dev/null 2>&1
/data/jehc223/RGCL/scripts/analysis/vsw_drive.sh: line 26: 3542731 Terminated              python scripts/analysis/vsw_pregate.py --stage "$STAGE" --dataset "$DS" --out "$OUT" > /dev/null 2>&1
/data/jehc223/RGCL/scripts/analysis/vsw_drive.sh: line 26: 3550834 Terminated              python scripts/analysis/vsw_pregate.py --stage "$STAGE" --dataset "$DS" --out "$OUT" > /dev/null 2>&1
/data/jehc223/RGCL/scripts/analysis/vsw_drive.sh: line 26: 3551948 Terminated              python scripts/analysis/vsw_pregate.py --stage "$STAGE" --dataset "$DS" --out "$OUT" > /dev/null 2>&1
/data/jehc223/RGCL/scripts/analysis/vsw_drive.sh: line 26: 3558100 Terminated              python scripts/analysis/vsw_pregate.py --stage "$STAGE" --dataset "$DS" --out "$OUT" > /dev/null 2>&1
/data/jehc223/RGCL/scripts/analysis/vsw_drive.sh: line 26: 3559924 Terminated              python scripts/analysis/vsw_pregate.py --stage "$STAGE" --dataset "$DS" --out "$OUT" > /dev/null 2>&1
/data/jehc223/RGCL/scripts/analysis/vsw_drive.sh: line 26: 3563466 Terminated              python scripts/analysis/vsw_pregate.py --stage "$STAGE" --dataset "$DS" --out "$OUT" > /dev/null 2>&1
/data/jehc223/RGCL/scripts/analysis/vsw_drive.sh: line 26: 3569394 Terminated              python scripts/analysis/vsw_pregate.py --stage "$STAGE" --dataset "$DS" --out "$OUT" > /dev/null 2>&1
/data/jehc223/RGCL/scripts/analysis/vsw_drive.sh: line 26: 3575777 Terminated              python scripts/analysis/vsw_pregate.py --stage "$STAGE" --dataset "$DS" --out "$OUT" > /dev/null 2>&1
/data/jehc223/RGCL/scripts/analysis/vsw_drive.sh: line 26: 3576951 Terminated              python scripts/analysis/vsw_pregate.py --stage "$STAGE" --dataset "$DS" --out "$OUT" > /dev/null 2>&1
/data/jehc223/RGCL/scripts/analysis/vsw_drive.sh: line 26: 3579387 Terminated              python scripts/analysis/vsw_pregate.py --stage "$STAGE" --dataset "$DS" --out "$OUT" > /dev/null 2>&1
/data/jehc223/RGCL/scripts/analysis/vsw_drive.sh: line 26: 3584414 Terminated              python scripts/analysis/vsw_pregate.py --stage "$STAGE" --dataset "$DS" --out "$OUT" > /dev/null 2>&1
/data/jehc223/RGCL/scripts/analysis/vsw_drive.sh: line 26: 3591313 Terminated              python scripts/analysis/vsw_pregate.py --stage "$STAGE" --dataset "$DS" --out "$OUT" > /dev/null 2>&1
/data/jehc223/RGCL/scripts/analysis/vsw_drive.sh: line 26: 3592428 Terminated              python scripts/analysis/vsw_pregate.py --stage "$STAGE" --dataset "$DS" --out "$OUT" > /dev/null 2>&1
/data/jehc223/RGCL/scripts/analysis/vsw_drive.sh: line 26: 3593671 Terminated              python scripts/analysis/vsw_pregate.py --stage "$STAGE" --dataset "$DS" --out "$OUT" > /dev/null 2>&1
/data/jehc223/RGCL/scripts/analysis/vsw_drive.sh: line 26: 3595202 Terminated              python scripts/analysis/vsw_pregate.py --stage "$STAGE" --dataset "$DS" --out "$OUT" > /dev/null 2>&1
/data/jehc223/RGCL/scripts/analysis/vsw_drive.sh: line 26: 3599500 Terminated              python scripts/analysis/vsw_pregate.py --stage "$STAGE" --dataset "$DS" --out "$OUT" > /dev/null 2>&1
/data/jehc223/RGCL/scripts/analysis/vsw_drive.sh: line 26: 3602182 Terminated              python scripts/analysis/vsw_pregate.py --stage "$STAGE" --dataset "$DS" --out "$OUT" > /dev/null 2>&1
/data/jehc223/RGCL/scripts/analysis/vsw_drive.sh: line 26: 3605189 Terminated              python scripts/analysis/vsw_pregate.py --stage "$STAGE" --dataset "$DS" --out "$OUT" > /dev/null 2>&1
/data/jehc223/RGCL/scripts/analysis/vsw_drive.sh: line 26: 3610387 Terminated              python scripts/analysis/vsw_pregate.py --stage "$STAGE" --dataset "$DS" --out "$OUT" > /dev/null 2>&1
/data/jehc223/RGCL/scripts/analysis/vsw_drive.sh: line 26: 3612532 Terminated              python scripts/analysis/vsw_pregate.py --stage "$STAGE" --dataset "$DS" --out "$OUT" > /dev/null 2>&1
/data/jehc223/RGCL/scripts/analysis/vsw_drive.sh: line 26: 3618769 Terminated              python scripts/analysis/vsw_pregate.py --stage "$STAGE" --dataset "$DS" --out "$OUT" > /dev/null 2>&1
/data/jehc223/RGCL/scripts/analysis/vsw_drive.sh: line 26: 3620026 Terminated              python scripts/analysis/vsw_pregate.py --stage "$STAGE" --dataset "$DS" --out "$OUT" > /dev/null 2>&1
/data/jehc223/RGCL/scripts/analysis/vsw_drive.sh: line 26: 3622180 Terminated              python scripts/analysis/vsw_pregate.py --stage "$STAGE" --dataset "$DS" --out "$OUT" > /dev/null 2>&1
/data/jehc223/RGCL/scripts/analysis/vsw_drive.sh: line 26: 3626082 Terminated              python scripts/analysis/vsw_pregate.py --stage "$STAGE" --dataset "$DS" --out "$OUT" > /dev/null 2>&1
/data/jehc223/RGCL/scripts/analysis/vsw_drive.sh: line 26: 3634495 Terminated              python scripts/analysis/vsw_pregate.py --stage "$STAGE" --dataset "$DS" --out "$OUT" > /dev/null 2>&1
/data/jehc223/RGCL/scripts/analysis/vsw_drive.sh: line 26: 3635709 Terminated              python scripts/analysis/vsw_pregate.py --stage "$STAGE" --dataset "$DS" --out "$OUT" > /dev/null 2>&1
/data/jehc223/RGCL/scripts/analysis/vsw_drive.sh: line 26: 3636984 Terminated              python scripts/analysis/vsw_pregate.py --stage "$STAGE" --dataset "$DS" --out "$OUT" > /dev/null 2>&1
/data/jehc223/RGCL/scripts/analysis/vsw_drive.sh: line 26: 3646672 Terminated              python scripts/analysis/vsw_pregate.py --stage "$STAGE" --dataset "$DS" --out "$OUT" > /dev/null 2>&1
/data/jehc223/RGCL/scripts/analysis/vsw_drive.sh: line 26: 3653307 Terminated              python scripts/analysis/vsw_pregate.py --stage "$STAGE" --dataset "$DS" --out "$OUT" > /dev/null 2>&1
/data/jehc223/RGCL/scripts/analysis/vsw_drive.sh: line 26: 3655840 Terminated              python scripts/analysis/vsw_pregate.py --stage "$STAGE" --dataset "$DS" --out "$OUT" > /dev/null 2>&1
/data/jehc223/RGCL/scripts/analysis/vsw_drive.sh: line 26: 3657958 Terminated              python scripts/analysis/vsw_pregate.py --stage "$STAGE" --dataset "$DS" --out "$OUT" > /dev/null 2>&1
/data/jehc223/RGCL/scripts/analysis/vsw_drive.sh: line 26: 3664665 Terminated              python scripts/analysis/vsw_pregate.py --stage "$STAGE" --dataset "$DS" --out "$OUT" > /dev/null 2>&1
/data/jehc223/RGCL/scripts/analysis/vsw_drive.sh: line 26: 3665928 Terminated              python scripts/analysis/vsw_pregate.py --stage "$STAGE" --dataset "$DS" --out "$OUT" > /dev/null 2>&1
/data/jehc223/RGCL/scripts/analysis/vsw_drive.sh: line 26: 3667290 Terminated              python scripts/analysis/vsw_pregate.py --stage "$STAGE" --dataset "$DS" --out "$OUT" > /dev/null 2>&1
/data/jehc223/RGCL/scripts/analysis/vsw_drive.sh: line 26: 3671756 Terminated              python scripts/analysis/vsw_pregate.py --stage "$STAGE" --dataset "$DS" --out "$OUT" > /dev/null 2>&1
/data/jehc223/RGCL/scripts/analysis/vsw_drive.sh: line 26: 3675543 Terminated              python scripts/analysis/vsw_pregate.py --stage "$STAGE" --dataset "$DS" --out "$OUT" > /dev/null 2>&1
/data/jehc223/RGCL/scripts/analysis/vsw_drive.sh: line 26: 3679691 Terminated              python scripts/analysis/vsw_pregate.py --stage "$STAGE" --dataset "$DS" --out "$OUT" > /dev/null 2>&1
/data/jehc223/RGCL/scripts/analysis/vsw_drive.sh: line 26: 3681243 Terminated              python scripts/analysis/vsw_pregate.py --stage "$STAGE" --dataset "$DS" --out "$OUT" > /dev/null 2>&1
/data/jehc223/RGCL/scripts/analysis/vsw_drive.sh: line 26: 3682511 Terminated              python scripts/analysis/vsw_pregate.py --stage "$STAGE" --dataset "$DS" --out "$OUT" > /dev/null 2>&1
/data/jehc223/RGCL/scripts/analysis/vsw_drive.sh: line 26: 3686548 Terminated              python scripts/analysis/vsw_pregate.py --stage "$STAGE" --dataset "$DS" --out "$OUT" > /dev/null 2>&1
/data/jehc223/RGCL/scripts/analysis/vsw_drive.sh: line 26: 3690410 Terminated              python scripts/analysis/vsw_pregate.py --stage "$STAGE" --dataset "$DS" --out "$OUT" > /dev/null 2>&1
/data/jehc223/RGCL/scripts/analysis/vsw_drive.sh: line 26: 3691740 Terminated              python scripts/analysis/vsw_pregate.py --stage "$STAGE" --dataset "$DS" --out "$OUT" > /dev/null 2>&1
/data/jehc223/RGCL/scripts/analysis/vsw_drive.sh: line 26: 3693057 Terminated              python scripts/analysis/vsw_pregate.py --stage "$STAGE" --dataset "$DS" --out "$OUT" > /dev/null 2>&1
/data/jehc223/RGCL/scripts/analysis/vsw_drive.sh: line 26: 3706927 Terminated              python scripts/analysis/vsw_pregate.py --stage "$STAGE" --dataset "$DS" --out "$OUT" > /dev/null 2>&1
/data/jehc223/RGCL/scripts/analysis/vsw_drive.sh: line 26: 3708334 Terminated              python scripts/analysis/vsw_pregate.py --stage "$STAGE" --dataset "$DS" --out "$OUT" > /dev/null 2>&1
/data/jehc223/RGCL/scripts/analysis/vsw_drive.sh: line 26: 3709575 Terminated              python scripts/analysis/vsw_pregate.py --stage "$STAGE" --dataset "$DS" --out "$OUT" > /dev/null 2>&1
/data/jehc223/RGCL/scripts/analysis/vsw_drive.sh: line 26: 3710999 Terminated              python scripts/analysis/vsw_pregate.py --stage "$STAGE" --dataset "$DS" --out "$OUT" > /dev/null 2>&1
/data/jehc223/RGCL/scripts/analysis/vsw_drive.sh: line 26: 3717505 Terminated              python scripts/analysis/vsw_pregate.py --stage "$STAGE" --dataset "$DS" --out "$OUT" > /dev/null 2>&1
/data/jehc223/RGCL/scripts/analysis/vsw_drive.sh: line 26: 3739760 Terminated              python scripts/analysis/vsw_pregate.py --stage "$STAGE" --dataset "$DS" --out "$OUT" > /dev/null 2>&1
/data/jehc223/RGCL/scripts/analysis/vsw_drive.sh: line 26: 3746181 Terminated              python scripts/analysis/vsw_pregate.py --stage "$STAGE" --dataset "$DS" --out "$OUT" > /dev/null 2>&1
/data/jehc223/RGCL/scripts/analysis/vsw_drive.sh: line 26: 3752127 Terminated              python scripts/analysis/vsw_pregate.py --stage "$STAGE" --dataset "$DS" --out "$OUT" > /dev/null 2>&1
/data/jehc223/RGCL/scripts/analysis/vsw_drive.sh: line 26: 3778350 Terminated              python scripts/analysis/vsw_pregate.py --stage "$STAGE" --dataset "$DS" --out "$OUT" > /dev/null 2>&1
/data/jehc223/RGCL/scripts/analysis/vsw_drive.sh: line 26: 3786284 Terminated              python scripts/analysis/vsw_pregate.py --stage "$STAGE" --dataset "$DS" --out "$OUT" > /dev/null 2>&1
/data/jehc223/RGCL/scripts/analysis/vsw_drive.sh: line 26: 3791632 Terminated              python scripts/analysis/vsw_pregate.py --stage "$STAGE" --dataset "$DS" --out "$OUT" > /dev/null 2>&1
/data/jehc223/RGCL/scripts/analysis/vsw_drive.sh: line 26: 3796981 Terminated              python scripts/analysis/vsw_pregate.py --stage "$STAGE" --dataset "$DS" --out "$OUT" > /dev/null 2>&1
/data/jehc223/RGCL/scripts/analysis/vsw_drive.sh: line 26: 3812935 Terminated              python scripts/analysis/vsw_pregate.py --stage "$STAGE" --dataset "$DS" --out "$OUT" > /dev/null 2>&1
/data/jehc223/RGCL/scripts/analysis/vsw_drive.sh: line 26: 3840051 Terminated              python scripts/analysis/vsw_pregate.py --stage "$STAGE" --dataset "$DS" --out "$OUT" > /dev/null 2>&1
/data/jehc223/RGCL/scripts/analysis/vsw_drive.sh: line 26: 3848609 Terminated              python scripts/analysis/vsw_pregate.py --stage "$STAGE" --dataset "$DS" --out "$OUT" > /dev/null 2>&1
2026-07-28T13:39:21+12:00 perm hatemm COMPLETE after 76 process attempt(s)
/data/jehc223/RGCL/scripts/analysis/vsw_drive.sh: line 26: 3870462 Terminated              python scripts/analysis/vsw_pregate.py --stage "$STAGE" --dataset "$DS" --out "$OUT" > /dev/null 2>&1
/data/jehc223/RGCL/scripts/analysis/vsw_drive.sh: line 26: 3880102 Terminated              python scripts/analysis/vsw_pregate.py --stage "$STAGE" --dataset "$DS" --out "$OUT" > /dev/null 2>&1
/data/jehc223/RGCL/scripts/analysis/vsw_drive.sh: line 26: 3892142 Terminated              python scripts/analysis/vsw_pregate.py --stage "$STAGE" --dataset "$DS" --out "$OUT" > /dev/null 2>&1
/data/jehc223/RGCL/scripts/analysis/vsw_drive.sh: line 26: 3912685 Terminated              python scripts/analysis/vsw_pregate.py --stage "$STAGE" --dataset "$DS" --out "$OUT" > /dev/null 2>&1
/data/jehc223/RGCL/scripts/analysis/vsw_drive.sh: line 26: 3918570 Terminated              python scripts/analysis/vsw_pregate.py --stage "$STAGE" --dataset "$DS" --out "$OUT" > /dev/null 2>&1
/data/jehc223/RGCL/scripts/analysis/vsw_drive.sh: line 26: 3927265 Terminated              python scripts/analysis/vsw_pregate.py --stage "$STAGE" --dataset "$DS" --out "$OUT" > /dev/null 2>&1
/data/jehc223/RGCL/scripts/analysis/vsw_drive.sh: line 26: 3943919 Terminated              python scripts/analysis/vsw_pregate.py --stage "$STAGE" --dataset "$DS" --out "$OUT" > /dev/null 2>&1
/data/jehc223/RGCL/scripts/analysis/vsw_drive.sh: line 26: 3950240 Terminated              python scripts/analysis/vsw_pregate.py --stage "$STAGE" --dataset "$DS" --out "$OUT" > /dev/null 2>&1
/data/jehc223/RGCL/scripts/analysis/vsw_drive.sh: line 26: 3959121 Terminated              python scripts/analysis/vsw_pregate.py --stage "$STAGE" --dataset "$DS" --out "$OUT" > /dev/null 2>&1
/data/jehc223/RGCL/scripts/analysis/vsw_drive.sh: line 26: 3964109 Terminated              python scripts/analysis/vsw_pregate.py --stage "$STAGE" --dataset "$DS" --out "$OUT" > /dev/null 2>&1
/data/jehc223/RGCL/scripts/analysis/vsw_drive.sh: line 26: 3966194 Terminated              python scripts/analysis/vsw_pregate.py --stage "$STAGE" --dataset "$DS" --out "$OUT" > /dev/null 2>&1
/data/jehc223/RGCL/scripts/analysis/vsw_drive.sh: line 26: 3990916 Terminated              python scripts/analysis/vsw_pregate.py --stage "$STAGE" --dataset "$DS" --out "$OUT" > /dev/null 2>&1
/data/jehc223/RGCL/scripts/analysis/vsw_drive.sh: line 26: 3993127 Terminated              python scripts/analysis/vsw_pregate.py --stage "$STAGE" --dataset "$DS" --out "$OUT" > /dev/null 2>&1
/data/jehc223/RGCL/scripts/analysis/vsw_drive.sh: line 26: 3995977 Terminated              python scripts/analysis/vsw_pregate.py --stage "$STAGE" --dataset "$DS" --out "$OUT" > /dev/null 2>&1
/data/jehc223/RGCL/scripts/analysis/vsw_drive.sh: line 26: 4002904 Terminated              python scripts/analysis/vsw_pregate.py --stage "$STAGE" --dataset "$DS" --out "$OUT" > /dev/null 2>&1
/data/jehc223/RGCL/scripts/analysis/vsw_drive.sh: line 26: 4004335 Terminated              python scripts/analysis/vsw_pregate.py --stage "$STAGE" --dataset "$DS" --out "$OUT" > /dev/null 2>&1
/data/jehc223/RGCL/scripts/analysis/vsw_drive.sh: line 26: 4006002 Terminated              python scripts/analysis/vsw_pregate.py --stage "$STAGE" --dataset "$DS" --out "$OUT" > /dev/null 2>&1
/data/jehc223/RGCL/scripts/analysis/vsw_drive.sh: line 26: 4010109 Terminated              python scripts/analysis/vsw_pregate.py --stage "$STAGE" --dataset "$DS" --out "$OUT" > /dev/null 2>&1
/data/jehc223/RGCL/scripts/analysis/vsw_drive.sh: line 26: 4018317 Terminated              python scripts/analysis/vsw_pregate.py --stage "$STAGE" --dataset "$DS" --out "$OUT" > /dev/null 2>&1
/data/jehc223/RGCL/scripts/analysis/vsw_drive.sh: line 26: 4021315 Terminated              python scripts/analysis/vsw_pregate.py --stage "$STAGE" --dataset "$DS" --out "$OUT" > /dev/null 2>&1
/data/jehc223/RGCL/scripts/analysis/vsw_drive.sh: line 26: 4022771 Terminated              python scripts/analysis/vsw_pregate.py --stage "$STAGE" --dataset "$DS" --out "$OUT" > /dev/null 2>&1
/data/jehc223/RGCL/scripts/analysis/vsw_drive.sh: line 26: 4028945 Terminated              python scripts/analysis/vsw_pregate.py --stage "$STAGE" --dataset "$DS" --out "$OUT" > /dev/null 2>&1
/data/jehc223/RGCL/scripts/analysis/vsw_drive.sh: line 26: 4030526 Terminated              python scripts/analysis/vsw_pregate.py --stage "$STAGE" --dataset "$DS" --out "$OUT" > /dev/null 2>&1
/data/jehc223/RGCL/scripts/analysis/vsw_drive.sh: line 26: 4033841 Terminated              python scripts/analysis/vsw_pregate.py --stage "$STAGE" --dataset "$DS" --out "$OUT" > /dev/null 2>&1
/data/jehc223/RGCL/scripts/analysis/vsw_drive.sh: line 26: 4038296 Terminated              python scripts/analysis/vsw_pregate.py --stage "$STAGE" --dataset "$DS" --out "$OUT" > /dev/null 2>&1
/data/jehc223/RGCL/scripts/analysis/vsw_drive.sh: line 26: 4042248 Terminated              python scripts/analysis/vsw_pregate.py --stage "$STAGE" --dataset "$DS" --out "$OUT" > /dev/null 2>&1
/data/jehc223/RGCL/scripts/analysis/vsw_drive.sh: line 26: 4049043 Terminated              python scripts/analysis/vsw_pregate.py --stage "$STAGE" --dataset "$DS" --out "$OUT" > /dev/null 2>&1
/data/jehc223/RGCL/scripts/analysis/vsw_drive.sh: line 26: 4055988 Terminated              python scripts/analysis/vsw_pregate.py --stage "$STAGE" --dataset "$DS" --out "$OUT" > /dev/null 2>&1
/data/jehc223/RGCL/scripts/analysis/vsw_drive.sh: line 26: 4060033 Terminated              python scripts/analysis/vsw_pregate.py --stage "$STAGE" --dataset "$DS" --out "$OUT" > /dev/null 2>&1
/data/jehc223/RGCL/scripts/analysis/vsw_drive.sh: line 26: 4065562 Terminated              python scripts/analysis/vsw_pregate.py --stage "$STAGE" --dataset "$DS" --out "$OUT" > /dev/null 2>&1
/data/jehc223/RGCL/scripts/analysis/vsw_drive.sh: line 26: 4066988 Terminated              python scripts/analysis/vsw_pregate.py --stage "$STAGE" --dataset "$DS" --out "$OUT" > /dev/null 2>&1
/data/jehc223/RGCL/scripts/analysis/vsw_drive.sh: line 26: 4068497 Terminated              python scripts/analysis/vsw_pregate.py --stage "$STAGE" --dataset "$DS" --out "$OUT" > /dev/null 2>&1
/data/jehc223/RGCL/scripts/analysis/vsw_drive.sh: line 26: 4074201 Terminated              python scripts/analysis/vsw_pregate.py --stage "$STAGE" --dataset "$DS" --out "$OUT" > /dev/null 2>&1
/data/jehc223/RGCL/scripts/analysis/vsw_drive.sh: line 26: 4075515 Terminated              python scripts/analysis/vsw_pregate.py --stage "$STAGE" --dataset "$DS" --out "$OUT" > /dev/null 2>&1
/data/jehc223/RGCL/scripts/analysis/vsw_drive.sh: line 26: 4082663 Terminated              python scripts/analysis/vsw_pregate.py --stage "$STAGE" --dataset "$DS" --out "$OUT" > /dev/null 2>&1
/data/jehc223/RGCL/scripts/analysis/vsw_drive.sh: line 26: 4084427 Terminated              python scripts/analysis/vsw_pregate.py --stage "$STAGE" --dataset "$DS" --out "$OUT" > /dev/null 2>&1
/data/jehc223/RGCL/scripts/analysis/vsw_drive.sh: line 26: 4087013 Terminated              python scripts/analysis/vsw_pregate.py --stage "$STAGE" --dataset "$DS" --out "$OUT" > /dev/null 2>&1
/data/jehc223/RGCL/scripts/analysis/vsw_drive.sh: line 26: 4104820 Terminated              python scripts/analysis/vsw_pregate.py --stage "$STAGE" --dataset "$DS" --out "$OUT" > /dev/null 2>&1
/data/jehc223/RGCL/scripts/analysis/vsw_drive.sh: line 26: 4112200 Terminated              python scripts/analysis/vsw_pregate.py --stage "$STAGE" --dataset "$DS" --out "$OUT" > /dev/null 2>&1
/data/jehc223/RGCL/scripts/analysis/vsw_drive.sh: line 26: 4115000 Terminated              python scripts/analysis/vsw_pregate.py --stage "$STAGE" --dataset "$DS" --out "$OUT" > /dev/null 2>&1
/data/jehc223/RGCL/scripts/analysis/vsw_drive.sh: line 26: 4120757 Terminated              python scripts/analysis/vsw_pregate.py --stage "$STAGE" --dataset "$DS" --out "$OUT" > /dev/null 2>&1
/data/jehc223/RGCL/scripts/analysis/vsw_drive.sh: line 26: 4122393 Terminated              python scripts/analysis/vsw_pregate.py --stage "$STAGE" --dataset "$DS" --out "$OUT" > /dev/null 2>&1
/data/jehc223/RGCL/scripts/analysis/vsw_drive.sh: line 26: 4128504 Terminated              python scripts/analysis/vsw_pregate.py --stage "$STAGE" --dataset "$DS" --out "$OUT" > /dev/null 2>&1
/data/jehc223/RGCL/scripts/analysis/vsw_drive.sh: line 26: 4131108 Terminated              python scripts/analysis/vsw_pregate.py --stage "$STAGE" --dataset "$DS" --out "$OUT" > /dev/null 2>&1
/data/jehc223/RGCL/scripts/analysis/vsw_drive.sh: line 26: 4132842 Terminated              python scripts/analysis/vsw_pregate.py --stage "$STAGE" --dataset "$DS" --out "$OUT" > /dev/null 2>&1
/data/jehc223/RGCL/scripts/analysis/vsw_drive.sh: line 26: 4139040 Terminated              python scripts/analysis/vsw_pregate.py --stage "$STAGE" --dataset "$DS" --out "$OUT" > /dev/null 2>&1
/data/jehc223/RGCL/scripts/analysis/vsw_drive.sh: line 26: 4142558 Terminated              python scripts/analysis/vsw_pregate.py --stage "$STAGE" --dataset "$DS" --out "$OUT" > /dev/null 2>&1
2026-07-28T15:42:37+12:00 perm zh COMPLETE after 48 process attempt(s)
/data/jehc223/RGCL/scripts/analysis/vsw_drive.sh: line 26: 4152112 Terminated              python scripts/analysis/vsw_pregate.py --stage "$STAGE" --dataset "$DS" --out "$OUT" > /dev/null 2>&1
/data/jehc223/RGCL/scripts/analysis/vsw_drive.sh: line 26: 4160015 Terminated              python scripts/analysis/vsw_pregate.py --stage "$STAGE" --dataset "$DS" --out "$OUT" > /dev/null 2>&1
/data/jehc223/RGCL/scripts/analysis/vsw_drive.sh: line 26: 4166331 Terminated              python scripts/analysis/vsw_pregate.py --stage "$STAGE" --dataset "$DS" --out "$OUT" > /dev/null 2>&1
/data/jehc223/RGCL/scripts/analysis/vsw_drive.sh: line 26: 4170528 Terminated              python scripts/analysis/vsw_pregate.py --stage "$STAGE" --dataset "$DS" --out "$OUT" > /dev/null 2>&1
/data/jehc223/RGCL/scripts/analysis/vsw_drive.sh: line 26: 4175158 Terminated              python scripts/analysis/vsw_pregate.py --stage "$STAGE" --dataset "$DS" --out "$OUT" > /dev/null 2>&1
/data/jehc223/RGCL/scripts/analysis/vsw_drive.sh: line 26: 4180975 Terminated              python scripts/analysis/vsw_pregate.py --stage "$STAGE" --dataset "$DS" --out "$OUT" > /dev/null 2>&1
/data/jehc223/RGCL/scripts/analysis/vsw_drive.sh: line 26: 4182329 Terminated              python scripts/analysis/vsw_pregate.py --stage "$STAGE" --dataset "$DS" --out "$OUT" > /dev/null 2>&1
/data/jehc223/RGCL/scripts/analysis/vsw_drive.sh: line 26: 4183792 Terminated              python scripts/analysis/vsw_pregate.py --stage "$STAGE" --dataset "$DS" --out "$OUT" > /dev/null 2>&1
/data/jehc223/RGCL/scripts/analysis/vsw_drive.sh: line 26: 4188856 Terminated              python scripts/analysis/vsw_pregate.py --stage "$STAGE" --dataset "$DS" --out "$OUT" > /dev/null 2>&1
/data/jehc223/RGCL/scripts/analysis/vsw_drive.sh: line 26: 4191292 Terminated              python scripts/analysis/vsw_pregate.py --stage "$STAGE" --dataset "$DS" --out "$OUT" > /dev/null 2>&1
/data/jehc223/RGCL/scripts/analysis/vsw_drive.sh: line 26: 4192737 Terminated              python scripts/analysis/vsw_pregate.py --stage "$STAGE" --dataset "$DS" --out "$OUT" > /dev/null 2>&1
/data/jehc223/RGCL/scripts/analysis/vsw_drive.sh: line 26: 4194064 Terminated              python scripts/analysis/vsw_pregate.py --stage "$STAGE" --dataset "$DS" --out "$OUT" > /dev/null 2>&1
/data/jehc223/RGCL/scripts/analysis/vsw_drive.sh: line 26: 12943 Terminated              python scripts/analysis/vsw_pregate.py --stage "$STAGE" --dataset "$DS" --out "$OUT" > /dev/null 2>&1
/data/jehc223/RGCL/scripts/analysis/vsw_drive.sh: line 26: 21575 Terminated              python scripts/analysis/vsw_pregate.py --stage "$STAGE" --dataset "$DS" --out "$OUT" > /dev/null 2>&1
/data/jehc223/RGCL/scripts/analysis/vsw_drive.sh: line 26: 26162 Terminated              python scripts/analysis/vsw_pregate.py --stage "$STAGE" --dataset "$DS" --out "$OUT" > /dev/null 2>&1
/data/jehc223/RGCL/scripts/analysis/vsw_drive.sh: line 26: 27769 Terminated              python scripts/analysis/vsw_pregate.py --stage "$STAGE" --dataset "$DS" --out "$OUT" > /dev/null 2>&1
/data/jehc223/RGCL/scripts/analysis/vsw_drive.sh: line 26: 37440 Terminated              python scripts/analysis/vsw_pregate.py --stage "$STAGE" --dataset "$DS" --out "$OUT" > /dev/null 2>&1
/data/jehc223/RGCL/scripts/analysis/vsw_drive.sh: line 26: 46621 Terminated              python scripts/analysis/vsw_pregate.py --stage "$STAGE" --dataset "$DS" --out "$OUT" > /dev/null 2>&1
/data/jehc223/RGCL/scripts/analysis/vsw_drive.sh: line 26: 48287 Terminated              python scripts/analysis/vsw_pregate.py --stage "$STAGE" --dataset "$DS" --out "$OUT" > /dev/null 2>&1
/data/jehc223/RGCL/scripts/analysis/vsw_drive.sh: line 26: 51295 Terminated              python scripts/analysis/vsw_pregate.py --stage "$STAGE" --dataset "$DS" --out "$OUT" > /dev/null 2>&1
/data/jehc223/RGCL/scripts/analysis/vsw_drive.sh: line 26: 55410 Terminated              python scripts/analysis/vsw_pregate.py --stage "$STAGE" --dataset "$DS" --out "$OUT" > /dev/null 2>&1
/data/jehc223/RGCL/scripts/analysis/vsw_drive.sh: line 26: 57062 Terminated              python scripts/analysis/vsw_pregate.py --stage "$STAGE" --dataset "$DS" --out "$OUT" > /dev/null 2>&1
/data/jehc223/RGCL/scripts/analysis/vsw_drive.sh: line 26: 62198 Terminated              python scripts/analysis/vsw_pregate.py --stage "$STAGE" --dataset "$DS" --out "$OUT" > /dev/null 2>&1
/data/jehc223/RGCL/scripts/analysis/vsw_drive.sh: line 26: 64490 Terminated              python scripts/analysis/vsw_pregate.py --stage "$STAGE" --dataset "$DS" --out "$OUT" > /dev/null 2>&1
/data/jehc223/RGCL/scripts/analysis/vsw_drive.sh: line 26: 65872 Terminated              python scripts/analysis/vsw_pregate.py --stage "$STAGE" --dataset "$DS" --out "$OUT" > /dev/null 2>&1
/data/jehc223/RGCL/scripts/analysis/vsw_drive.sh: line 26: 67276 Terminated              python scripts/analysis/vsw_pregate.py --stage "$STAGE" --dataset "$DS" --out "$OUT" > /dev/null 2>&1
/data/jehc223/RGCL/scripts/analysis/vsw_drive.sh: line 26: 73247 Terminated              python scripts/analysis/vsw_pregate.py --stage "$STAGE" --dataset "$DS" --out "$OUT" > /dev/null 2>&1
/data/jehc223/RGCL/scripts/analysis/vsw_drive.sh: line 26: 74680 Terminated              python scripts/analysis/vsw_pregate.py --stage "$STAGE" --dataset "$DS" --out "$OUT" > /dev/null 2>&1
/data/jehc223/RGCL/scripts/analysis/vsw_drive.sh: line 26: 86060 Terminated              python scripts/analysis/vsw_pregate.py --stage "$STAGE" --dataset "$DS" --out "$OUT" > /dev/null 2>&1
/data/jehc223/RGCL/scripts/analysis/vsw_drive.sh: line 26: 90798 Terminated              python scripts/analysis/vsw_pregate.py --stage "$STAGE" --dataset "$DS" --out "$OUT" > /dev/null 2>&1
/data/jehc223/RGCL/scripts/analysis/vsw_drive.sh: line 26: 93632 Terminated              python scripts/analysis/vsw_pregate.py --stage "$STAGE" --dataset "$DS" --out "$OUT" > /dev/null 2>&1
/data/jehc223/RGCL/scripts/analysis/vsw_drive.sh: line 26: 95247 Terminated              python scripts/analysis/vsw_pregate.py --stage "$STAGE" --dataset "$DS" --out "$OUT" > /dev/null 2>&1
/data/jehc223/RGCL/scripts/analysis/vsw_drive.sh: line 26: 99559 Terminated              python scripts/analysis/vsw_pregate.py --stage "$STAGE" --dataset "$DS" --out "$OUT" > /dev/null 2>&1
/data/jehc223/RGCL/scripts/analysis/vsw_drive.sh: line 26: 101001 Terminated              python scripts/analysis/vsw_pregate.py --stage "$STAGE" --dataset "$DS" --out "$OUT" > /dev/null 2>&1
/data/jehc223/RGCL/scripts/analysis/vsw_drive.sh: line 26: 118486 Terminated              python scripts/analysis/vsw_pregate.py --stage "$STAGE" --dataset "$DS" --out "$OUT" > /dev/null 2>&1
/data/jehc223/RGCL/scripts/analysis/vsw_drive.sh: line 26: 120478 Terminated              python scripts/analysis/vsw_pregate.py --stage "$STAGE" --dataset "$DS" --out "$OUT" > /dev/null 2>&1
/data/jehc223/RGCL/scripts/analysis/vsw_drive.sh: line 26: 122089 Terminated              python scripts/analysis/vsw_pregate.py --stage "$STAGE" --dataset "$DS" --out "$OUT" > /dev/null 2>&1
/data/jehc223/RGCL/scripts/analysis/vsw_drive.sh: line 26: 128387 Terminated              python scripts/analysis/vsw_pregate.py --stage "$STAGE" --dataset "$DS" --out "$OUT" > /dev/null 2>&1
/data/jehc223/RGCL/scripts/analysis/vsw_drive.sh: line 26: 130318 Terminated              python scripts/analysis/vsw_pregate.py --stage "$STAGE" --dataset "$DS" --out "$OUT" > /dev/null 2>&1
/data/jehc223/RGCL/scripts/analysis/vsw_drive.sh: line 26: 135944 Terminated              python scripts/analysis/vsw_pregate.py --stage "$STAGE" --dataset "$DS" --out "$OUT" > /dev/null 2>&1
/data/jehc223/RGCL/scripts/analysis/vsw_drive.sh: line 26: 140464 Terminated              python scripts/analysis/vsw_pregate.py --stage "$STAGE" --dataset "$DS" --out "$OUT" > /dev/null 2>&1
/data/jehc223/RGCL/scripts/analysis/vsw_drive.sh: line 26: 141824 Terminated              python scripts/analysis/vsw_pregate.py --stage "$STAGE" --dataset "$DS" --out "$OUT" > /dev/null 2>&1
/data/jehc223/RGCL/scripts/analysis/vsw_drive.sh: line 26: 149434 Terminated              python scripts/analysis/vsw_pregate.py --stage "$STAGE" --dataset "$DS" --out "$OUT" > /dev/null 2>&1
/data/jehc223/RGCL/scripts/analysis/vsw_drive.sh: line 26: 156784 Terminated              python scripts/analysis/vsw_pregate.py --stage "$STAGE" --dataset "$DS" --out "$OUT" > /dev/null 2>&1
/data/jehc223/RGCL/scripts/analysis/vsw_drive.sh: line 26: 158579 Terminated              python scripts/analysis/vsw_pregate.py --stage "$STAGE" --dataset "$DS" --out "$OUT" > /dev/null 2>&1
2026-07-28T17:33:24+12:00 perm en COMPLETE after 46 process attempt(s)
ALL_PERM_DONE
